Archive member included to satisfy reference by file (symbol)

c:/program files (x86)/atmel/studio/7.0/toolchain/arm/arm-gnu-toolchain/bin/../lib/gcc/arm-none-eabi/6.3.1/../../../../arm-none-eabi/lib/thumb/v7e-m\libc.a(lib_a-exit.o)
                              c:/program files (x86)/atmel/studio/7.0/toolchain/arm/arm-gnu-toolchain/bin/../lib/gcc/arm-none-eabi/6.3.1/../../../../arm-none-eabi/lib/thumb/v7e-m/crt0.o (exit)
c:/program files (x86)/atmel/studio/7.0/toolchain/arm/arm-gnu-toolchain/bin/../lib/gcc/arm-none-eabi/6.3.1/../../../../arm-none-eabi/lib/thumb/v7e-m\libc.a(lib_a-impure.o)
                              c:/program files (x86)/atmel/studio/7.0/toolchain/arm/arm-gnu-toolchain/bin/../lib/gcc/arm-none-eabi/6.3.1/../../../../arm-none-eabi/lib/thumb/v7e-m\libc.a(lib_a-exit.o) (_global_impure_ptr)
c:/program files (x86)/atmel/studio/7.0/toolchain/arm/arm-gnu-toolchain/bin/../lib/gcc/arm-none-eabi/6.3.1/../../../../arm-none-eabi/lib/thumb/v7e-m\libc.a(lib_a-init.o)
                              c:/program files (x86)/atmel/studio/7.0/toolchain/arm/arm-gnu-toolchain/bin/../lib/gcc/arm-none-eabi/6.3.1/../../../../arm-none-eabi/lib/thumb/v7e-m/crt0.o (__libc_init_array)
c:/program files (x86)/atmel/studio/7.0/toolchain/arm/arm-gnu-toolchain/bin/../lib/gcc/arm-none-eabi/6.3.1/../../../../arm-none-eabi/lib/thumb/v7e-m\libc.a(lib_a-memset.o)
                              c:/program files (x86)/atmel/studio/7.0/toolchain/arm/arm-gnu-toolchain/bin/../lib/gcc/arm-none-eabi/6.3.1/../../../../arm-none-eabi/lib/thumb/v7e-m/crt0.o (memset)
c:/program files (x86)/atmel/studio/7.0/toolchain/arm/arm-gnu-toolchain/bin/../lib/gcc/arm-none-eabi/6.3.1/../../../../arm-none-eabi/lib/thumb/v7e-m\libc.a(lib_a-sprintf.o)
                              src/main.o (sprintf)
c:/program files (x86)/atmel/studio/7.0/toolchain/arm/arm-gnu-toolchain/bin/../lib/gcc/arm-none-eabi/6.3.1/../../../../arm-none-eabi/lib/thumb/v7e-m\libc.a(lib_a-svfprintf.o)
                              c:/program files (x86)/atmel/studio/7.0/toolchain/arm/arm-gnu-toolchain/bin/../lib/gcc/arm-none-eabi/6.3.1/../../../../arm-none-eabi/lib/thumb/v7e-m\libc.a(lib_a-sprintf.o) (_svfprintf_r)
c:/program files (x86)/atmel/studio/7.0/toolchain/arm/arm-gnu-toolchain/bin/../lib/gcc/arm-none-eabi/6.3.1/../../../../arm-none-eabi/lib/thumb/v7e-m\libc.a(lib_a-__call_atexit.o)
                              c:/program files (x86)/atmel/studio/7.0/toolchain/arm/arm-gnu-toolchain/bin/../lib/gcc/arm-none-eabi/6.3.1/../../../../arm-none-eabi/lib/thumb/v7e-m\libc.a(lib_a-exit.o) (__call_exitprocs)
c:/program files (x86)/atmel/studio/7.0/toolchain/arm/arm-gnu-toolchain/bin/../lib/gcc/arm-none-eabi/6.3.1/../../../../arm-none-eabi/lib/thumb/v7e-m\libc.a(lib_a-atexit.o)
                              c:/program files (x86)/atmel/studio/7.0/toolchain/arm/arm-gnu-toolchain/bin/../lib/gcc/arm-none-eabi/6.3.1/../../../../arm-none-eabi/lib/thumb/v7e-m\libc.a(lib_a-__call_atexit.o) (atexit)
c:/program files (x86)/atmel/studio/7.0/toolchain/arm/arm-gnu-toolchain/bin/../lib/gcc/arm-none-eabi/6.3.1/../../../../arm-none-eabi/lib/thumb/v7e-m\libc.a(lib_a-dtoa.o)
                              c:/program files (x86)/atmel/studio/7.0/toolchain/arm/arm-gnu-toolchain/bin/../lib/gcc/arm-none-eabi/6.3.1/../../../../arm-none-eabi/lib/thumb/v7e-m\libc.a(lib_a-svfprintf.o) (_dtoa_r)
c:/program files (x86)/atmel/studio/7.0/toolchain/arm/arm-gnu-toolchain/bin/../lib/gcc/arm-none-eabi/6.3.1/../../../../arm-none-eabi/lib/thumb/v7e-m\libc.a(lib_a-fini.o)
                              c:/program files (x86)/atmel/studio/7.0/toolchain/arm/arm-gnu-toolchain/bin/../lib/gcc/arm-none-eabi/6.3.1/../../../../arm-none-eabi/lib/thumb/v7e-m\libc.a(lib_a-__call_atexit.o) (__libc_fini_array)
c:/program files (x86)/atmel/studio/7.0/toolchain/arm/arm-gnu-toolchain/bin/../lib/gcc/arm-none-eabi/6.3.1/../../../../arm-none-eabi/lib/thumb/v7e-m\libc.a(lib_a-localeconv.o)
                              c:/program files (x86)/atmel/studio/7.0/toolchain/arm/arm-gnu-toolchain/bin/../lib/gcc/arm-none-eabi/6.3.1/../../../../arm-none-eabi/lib/thumb/v7e-m\libc.a(lib_a-svfprintf.o) (_localeconv_r)
c:/program files (x86)/atmel/studio/7.0/toolchain/arm/arm-gnu-toolchain/bin/../lib/gcc/arm-none-eabi/6.3.1/../../../../arm-none-eabi/lib/thumb/v7e-m\libc.a(lib_a-lock.o)
                              c:/program files (x86)/atmel/studio/7.0/toolchain/arm/arm-gnu-toolchain/bin/../lib/gcc/arm-none-eabi/6.3.1/../../../../arm-none-eabi/lib/thumb/v7e-m\libc.a(lib_a-__call_atexit.o) (__retarget_lock_acquire_recursive)
c:/program files (x86)/atmel/studio/7.0/toolchain/arm/arm-gnu-toolchain/bin/../lib/gcc/arm-none-eabi/6.3.1/../../../../arm-none-eabi/lib/thumb/v7e-m\libc.a(lib_a-mallocr.o)
                              c:/program files (x86)/atmel/studio/7.0/toolchain/arm/arm-gnu-toolchain/bin/../lib/gcc/arm-none-eabi/6.3.1/../../../../arm-none-eabi/lib/thumb/v7e-m\libc.a(lib_a-svfprintf.o) (_malloc_r)
[...]
Memory Configuration

Name             Origin             Length             Attributes
rom              0x00400000         0x00200000         xr
ram              0x20400000         0x00060000         xrw
*default*        0x00000000         0xffffffff

Linker script and memory map

LOAD c:/program files (x86)/atmel/studio/7.0/toolchain/arm/arm-gnu-toolchain/bin/../lib/gcc/arm-none-eabi/6.3.1/thumb/v7e-m/crti.o
LOAD c:/program files (x86)/atmel/studio/7.0/toolchain/arm/arm-gnu-toolchain/bin/../lib/gcc/arm-none-eabi/6.3.1/thumb/v7e-m/crtbegin.o
LOAD c:/program files (x86)/atmel/studio/7.0/toolchain/arm/arm-gnu-toolchain/bin/../lib/gcc/arm-none-eabi/6.3.1/../../../../arm-none-eabi/lib/thumb/v7e-m/crt0.o
LOAD src/ASF/common/services/sleepmgr/sam/sleepmgr.o
LOAD src/ASF/sam/drivers/acc/acc.o
LOAD src/ASF/sam/drivers/rtc/rtc.o
LOAD src/ASF/sam/drivers/rtt/rtt.o
LOAD src/ASF/sam/drivers/tc/tc.o
LOAD src/main.o
LOAD src/ASF/common/services/delay/sam/cycle_counter.o
LOAD src/ASF/common/services/spi/sam_spi/spi_master.o
LOAD src/ASF/sam/components/display/ili9488/ili9488.o
LOAD src/ASF/sam/drivers/spi/spi.o
LOAD src/ASF/common/services/clock/same70/sysclk.o
LOAD src/ASF/common/utils/interrupt/interrupt_sam_nvic.o
LOAD src/ASF/sam/boards/same70_xplained/init.o
LOAD src/ASF/sam/drivers/mpu/mpu.o
LOAD src/ASF/sam/drivers/pio/pio.o
LOAD src/ASF/sam/drivers/pio/pio_handler.o
LOAD src/ASF/sam/drivers/pmc/pmc.o
LOAD src/ASF/sam/drivers/pmc/sleep.o
LOAD src/ASF/sam/utils/cmsis/same70/source/templates/gcc/startup_same70.o
LOAD src/ASF/sam/utils/cmsis/same70/source/templates/system_same70.o
LOAD src/ASF/sam/utils/syscalls/gcc/syscalls.o
START GROUP
LOAD ../src/ASF/thirdparty/CMSIS/Lib/GCC\libarm_cortexM7lfsp_math_softfp.a
LOAD c:/program files (x86)/atmel/studio/7.0/toolchain/arm/arm-gnu-toolchain/bin/../lib/gcc/arm-none-eabi/6.3.1/../../../../arm-none-eabi/lib/thumb/v7e-m\libm.a
END GROUP
START GROUP
LOAD c:/program files (x86)/atmel/studio/7.0/toolchain/arm/arm-gnu-toolchain/bin/../lib/gcc/arm-none-eabi/6.3.1/thumb/v7e-m\libgcc.a
LOAD c:/program files (x86)/atmel/studio/7.0/toolchain/arm/arm-gnu-toolchain/bin/../lib/gcc/arm-none-eabi/6.3.1/../../../../arm-none-eabi/lib/thumb/v7e-m\libc.a
END GROUP
LOAD c:/program files (x86)/atmel/studio/7.0/toolchain/arm/arm-gnu-toolchain/bin/../lib/gcc/arm-none-eabi/6.3.1/thumb/v7e-m/crtend.o
LOAD c:/program files (x86)/atmel/studio/7.0/toolchain/arm/arm-gnu-toolchain/bin/../lib/gcc/arm-none-eabi/6.3.1/thumb/v7e-m/crtn.o
                0x00002000                STACK_SIZE = DEFINED (STACK_SIZE)?STACK_SIZE:0x2000
                0x2045fffc                __ram_end__ = ((ORIGIN (ram) + LENGTH (ram)) - 0x4)
                0x00000200                HEAP_SIZE = DEFINED (HEAP_SIZE)?HEAP_SIZE:0x200

.text           0x00400000    0x349c4
                0x00400000                . = ALIGN (0x4)
                0x00400000                _sfixed = .
 *(.vectors .vectors.*)
 .vectors       0x00400000      0x168 src/ASF/sam/utils/cmsis/same70/source/templates/gcc/startup_same70.o
                0x00400000                exception_table
 *(.text .text.* .gnu.linkonce.t.*)
 .text          0x00400168       0x6c c:/program files (x86)/atmel/studio/7.0/toolchain/arm/arm-gnu-toolchain/bin/../lib/gcc/arm-none-eabi/6.3.1/thumb/v7e-m/crtbegin.o
 .text.rtc_set_hour_mode
                0x004001d4       0x36 src/ASF/sam/drivers/rtc/rtc.o
                0x004001d4                rtc_set_hour_mode
 .text.rtc_enable_interrupt
                0x0040020a       0x1c src/ASF/sam/drivers/rtc/rtc.o
                0x0040020a                rtc_enable_interrupt
 *fill*         0x00400226        0x2 
 .text.rtc_set_time
                0x00400228      0x108 src/ASF/sam/drivers/rtc/rtc.o
                0x00400228                rtc_set_time
 .text.rtc_set_date
                0x00400330      0x140 src/ASF/sam/drivers/rtc/rtc.o
                0x00400330                rtc_set_date
 .text.NVIC_EnableIRQ
                0x00400470       0x34 src/main.o
 .text.NVIC_DisableIRQ
                0x004004a4       0x34 src/main.o
 .text.NVIC_ClearPendingIRQ
                0x004004d8       0x34 src/main.o
 .text.NVIC_SetPriority
                0x0040050c       0x54 src/main.o
 .text.configure_lcd
                0x00400560       0x4c src/main.o
                0x00400560                configure_lcd
 .text.font_draw_text
                0x004005ac       0x88 src/main.o
                0x004005ac                font_draw_text
 .text.BUT1_Handler
                0x00400634        0xe src/main.o
                0x00400634                BUT1_Handler
 .text.BUT2_Handler
                0x00400642        0xe src/main.o
                0x00400642                BUT2_Handler
 .text.BUT3_Handler
                0x00400650       0x28 src/main.o
                0x00400650                BUT3_Handler
 .text.But_init
                0x00400678      0x11c src/main.o
                0x00400678                But_init
 .text.RTC_init
                0x00400794       0x84 src/main.o
                0x00400794                RTC_init
 .text.main     0x00400818       0xec src/main.o
                0x00400818                main
 .text.osc_get_rate
                0x00400904       0x74 src/ASF/common/services/spi/sam_spi/spi_master.o
 .text.sysclk_get_main_hz
                0x00400978       0x20 src/ASF/common/services/spi/sam_spi/spi_master.o
 .text.sysclk_get_peripheral_hz
                0x00400998       0x14 src/ASF/common/services/spi/sam_spi/spi_master.o
 .text.spi_reset
                0x004009ac       0x1a src/ASF/common/services/spi/sam_spi/spi_master.o
 .text.spi_set_master_mode
                0x004009c6       0x20 src/ASF/common/services/spi/sam_spi/spi_master.o
 .text.spi_set_fixed_peripheral_select
                0x004009e6       0x20 src/ASF/common/services/spi/sam_spi/spi_master.o
 .text.spi_disable_peripheral_select_decode
                0x00400a06       0x20 src/ASF/common/services/spi/sam_spi/spi_master.o
 .text.spi_get_peripheral_select_decode_setting
                0x00400a26       0x26 src/ASF/common/services/spi/sam_spi/spi_master.o
 .text.spi_disable_mode_fault_detect
                0x00400a4c       0x20 src/ASF/common/services/spi/sam_spi/spi_master.o
 .text.spi_disable_loopback
                0x00400a6c       0x20 src/ASF/common/services/spi/sam_spi/spi_master.o
 .text.spi_put  0x00400a8c       0x1e src/ASF/common/services/spi/sam_spi/spi_master.o
 .text.spi_get  0x00400aaa       0x1a src/ASF/common/services/spi/sam_spi/spi_master.o
 .text.spi_is_tx_ready
                0x00400ac4       0x26 src/ASF/common/services/spi/sam_spi/spi_master.o
 .text.spi_is_rx_ready
                0x00400aea       0x2c src/ASF/common/services/spi/sam_spi/spi_master.o
 *fill*         0x00400b16        0x2 
 .text.spi_write_single
                0x00400b18       0x24 src/ASF/common/services/spi/sam_spi/spi_master.o
 .text.spi_read_single
                0x00400b3c       0x24 src/ASF/common/services/spi/sam_spi/spi_master.o
 .text.spi_master_init
                0x00400b60       0x70 src/ASF/common/services/spi/sam_spi/spi_master.o
                0x00400b60                spi_master_init
 .text.spi_master_setup_device
                0x00400bd0       0xb4 src/ASF/common/services/spi/sam_spi/spi_master.o
                0x00400bd0                spi_master_setup_device
 .text.spi_select_device
                0x00400c84       0x58 src/ASF/common/services/spi/sam_spi/spi_master.o
                0x00400c84                spi_select_device
 .text.spi_write_packet
                0x00400cdc       0x74 src/ASF/common/services/spi/sam_spi/spi_master.o
                0x00400cdc                spi_write_packet
 .text.spi_read_packet
                0x00400d50       0xac src/ASF/common/services/spi/sam_spi/spi_master.o
                0x00400d50                spi_read_packet
 .text.spi_enable
                0x00400dfc       0x1a src/ASF/sam/components/display/ili9488/ili9488.o
 .text.spi_enable_interrupt
                0x00400e16       0x1c src/ASF/sam/components/display/ili9488/ili9488.o
 *fill*         0x00400e32        0x2 
 .text.ili9488_write_ram_prepare
                0x00400e34       0x40 src/ASF/sam/components/display/ili9488/ili9488.o
 .text.ili9488_write_ram_buffer
                0x00400e74       0x40 src/ASF/sam/components/display/ili9488/ili9488.o
 .text.ili9488_write_register
                0x00400eb4       0x78 src/ASF/sam/components/display/ili9488/ili9488.o
 .text.ili9488_read_chipid
                0x00400f2c       0xcc src/ASF/sam/components/display/ili9488/ili9488.o
 .text.ili9488_delay
                0x00400ff8       0x40 src/ASF/sam/components/display/ili9488/ili9488.o
                0x00400ff8                ili9488_delay
 .text.ili9488_check_box_coordinates
                0x00401038       0xa2 src/ASF/sam/components/display/ili9488/ili9488.o
 *fill*         0x004010da        0x2 
 .text.ili9488_set_display_direction
                0x004010dc       0x34 src/ASF/sam/components/display/ili9488/ili9488.o
                0x004010dc                ili9488_set_display_direction
 .text.ili9488_set_window
                0x00401110       0xc8 src/ASF/sam/components/display/ili9488/ili9488.o
                0x00401110                ili9488_set_window
 .text.ili9488_init
                0x004011d8      0x15c src/ASF/sam/components/display/ili9488/ili9488.o
                0x004011d8                ili9488_init
 .text.ili9488_display_on
                0x00401334       0x18 src/ASF/sam/components/display/ili9488/ili9488.o
                0x00401334                ili9488_display_on
 .text.ili9488_set_foreground_color
                0x0040134c       0x54 src/ASF/sam/components/display/ili9488/ili9488.o
                0x0040134c                ili9488_set_foreground_color
 .text.ili9488_set_cursor_position
                0x004013a0       0x84 src/ASF/sam/components/display/ili9488/ili9488.o
                0x004013a0                ili9488_set_cursor_position
 .text.ili9488_draw_filled_rectangle
                0x00401424       0xdc src/ASF/sam/components/display/ili9488/ili9488.o
                0x00401424                ili9488_draw_filled_rectangle
 .text.ili9488_draw_pixmap
                0x00401500       0xb4 src/ASF/sam/components/display/ili9488/ili9488.o
                0x00401500                ili9488_draw_pixmap
 .text.spi_get_peripheral_select_mode
                0x004015b4       0x26 src/ASF/sam/drivers/spi/spi.o
 *fill*         0x004015da        0x2 
 .text.sysclk_enable_peripheral_clock
                0x004015dc       0x1c src/ASF/sam/drivers/spi/spi.o
 .text.spi_enable_clock
                0x004015f8       0x3c src/ASF/sam/drivers/spi/spi.o
                0x004015f8                spi_enable_clock
 .text.spi_set_peripheral_chip_select_value
                0x00401634       0x34 src/ASF/sam/drivers/spi/spi.o
                0x00401634                spi_set_peripheral_chip_select_value
 .text.spi_set_delay_between_chip_select
                0x00401668       0x30 src/ASF/sam/drivers/spi/spi.o
                0x00401668                spi_set_delay_between_chip_select
 .text.spi_write
                0x00401698       0x80 src/ASF/sam/drivers/spi/spi.o
                0x00401698                spi_write
 .text.spi_set_clock_polarity
                0x00401718       0x50 src/ASF/sam/drivers/spi/spi.o
                0x00401718                spi_set_clock_polarity
 .text.spi_set_clock_phase
                0x00401768       0x50 src/ASF/sam/drivers/spi/spi.o
                0x00401768                spi_set_clock_phase
 .text.spi_configure_cs_behavior
                0x004017b8       0xa6 src/ASF/sam/drivers/spi/spi.o
                0x004017b8                spi_configure_cs_behavior
 .text.spi_set_bits_per_transfer
                0x0040185e       0x4a src/ASF/sam/drivers/spi/spi.o
                0x0040185e                spi_set_bits_per_transfer
 .text.spi_calc_baudrate_div
                0x004018a8       0x3c src/ASF/sam/drivers/spi/spi.o
                0x004018a8                spi_calc_baudrate_div
 .text.spi_set_baudrate_div
                0x004018e4       0x5e src/ASF/sam/drivers/spi/spi.o
                0x004018e4                spi_set_baudrate_div
 .text.spi_set_transfer_delay
                0x00401942       0x5e src/ASF/sam/drivers/spi/spi.o
                0x00401942                spi_set_transfer_delay
 .text.osc_enable
                0x004019a0       0x88 src/ASF/common/services/clock/same70/sysclk.o
 .text.osc_is_ready
                0x00401a28       0x70 src/ASF/common/services/clock/same70/sysclk.o
 .text.osc_get_rate
                0x00401a98       0x74 src/ASF/common/services/clock/same70/sysclk.o
 .text.osc_wait_ready
                0x00401b0c       0x2c src/ASF/common/services/clock/same70/sysclk.o
 .text.pll_config_init
                0x00401b38       0x6c src/ASF/common/services/clock/same70/sysclk.o
 .text.pll_enable
                0x00401ba4       0x40 src/ASF/common/services/clock/same70/sysclk.o
 .text.pll_is_locked
                0x00401be4       0x2c src/ASF/common/services/clock/same70/sysclk.o
 .text.pll_enable_source
                0x00401c10       0x38 src/ASF/common/services/clock/same70/sysclk.o
 .text.pll_wait_for_lock
                0x00401c48       0x24 src/ASF/common/services/clock/same70/sysclk.o
 .text.sysclk_get_main_hz
                0x00401c6c       0x20 src/ASF/common/services/clock/same70/sysclk.o
 .text.sysclk_get_cpu_hz
                0x00401c8c       0x14 src/ASF/common/services/clock/same70/sysclk.o
 .text.sysclk_init
                0x00401ca0       0x7c src/ASF/common/services/clock/same70/sysclk.o
                0x00401ca0                sysclk_init
 .text.sysclk_enable_peripheral_clock
                0x00401d1c       0x1c src/ASF/sam/boards/same70_xplained/init.o
 .text.ioport_init
                0x00401d38       0x2c src/ASF/sam/boards/same70_xplained/init.o
 .text.ioport_disable_pin
                0x00401d64       0x4c src/ASF/sam/boards/same70_xplained/init.o
 .text.ioport_set_pin_mode
                0x00401db0      0x11c src/ASF/sam/boards/same70_xplained/init.o
 .text.ioport_set_pin_dir
                0x00401ecc       0x88 src/ASF/sam/boards/same70_xplained/init.o
 .text.ioport_set_pin_level
                0x00401f54       0x6c src/ASF/sam/boards/same70_xplained/init.o
 .text.ioport_set_pin_sense_mode
                0x00401fc0       0xd0 src/ASF/sam/boards/same70_xplained/init.o
 .text.tcm_disable
                0x00402090       0x44 src/ASF/sam/boards/same70_xplained/init.o
 .text.board_init
                0x004020d4      0x1ac src/ASF/sam/boards/same70_xplained/init.o
                0x004020d4                board_init
 .text.pio_pull_up
                0x00402280       0x2c src/ASF/sam/drivers/pio/pio.o
                0x00402280                pio_pull_up
 .text.pio_set  0x004022ac       0x1c src/ASF/sam/drivers/pio/pio.o
                0x004022ac                pio_set
 .text.pio_set_peripheral
                0x004022c8      0x110 src/ASF/sam/drivers/pio/pio.o
                0x004022c8                pio_set_peripheral
 .text.pio_set_input
                0x004023d8       0x80 src/ASF/sam/drivers/pio/pio.o
                0x004023d8                pio_set_input
 .text.pio_set_output
                0x00402458       0x64 src/ASF/sam/drivers/pio/pio.o
                0x00402458                pio_set_output
 .text.pio_configure
                0x004024bc       0xcc src/ASF/sam/drivers/pio/pio.o
                0x004024bc                pio_configure
 .text.pio_configure_interrupt
                0x00402588       0x6c src/ASF/sam/drivers/pio/pio.o
                0x00402588                pio_configure_interrupt
 .text.pio_enable_interrupt
                0x004025f4       0x1c src/ASF/sam/drivers/pio/pio.o
                0x004025f4                pio_enable_interrupt
 .text.pio_disable_interrupt
                0x00402610       0x1c src/ASF/sam/drivers/pio/pio.o
                0x00402610                pio_disable_interrupt
 .text.pio_get_interrupt_status
                0x0040262c       0x18 src/ASF/sam/drivers/pio/pio.o
                0x0040262c                pio_get_interrupt_status
 .text.pio_get_interrupt_mask
                0x00402644       0x18 src/ASF/sam/drivers/pio/pio.o
                0x00402644                pio_get_interrupt_mask
 .text.pio_set_pin_high
                0x0040265c       0x30 src/ASF/sam/drivers/pio/pio.o
                0x0040265c                pio_set_pin_high
 .text.pio_set_pin_low
                0x0040268c       0x30 src/ASF/sam/drivers/pio/pio.o
                0x0040268c                pio_set_pin_low
 .text.pio_configure_pin
                0x004026bc      0x1b0 src/ASF/sam/drivers/pio/pio.o
                0x004026bc                pio_configure_pin
 .text.pio_get_pin_group
                0x0040286c       0x28 src/ASF/sam/drivers/pio/pio.o
                0x0040286c                pio_get_pin_group
 .text.pio_handler_process
                0x00402894       0xb4 src/ASF/sam/drivers/pio/pio_handler.o
                0x00402894                pio_handler_process
 .text.pio_handler_set
                0x00402948       0xa0 src/ASF/sam/drivers/pio/pio_handler.o
                0x00402948                pio_handler_set
 .text.PIOA_Handler
                0x004029e8       0x18 src/ASF/sam/drivers/pio/pio_handler.o
                0x004029e8                PIOA_Handler
 .text.PIOB_Handler
                0x00402a00       0x18 src/ASF/sam/drivers/pio/pio_handler.o
                0x00402a00                PIOB_Handler
 .text.PIOC_Handler
                0x00402a18       0x18 src/ASF/sam/drivers/pio/pio_handler.o
                0x00402a18                PIOC_Handler
 .text.PIOD_Handler
                0x00402a30       0x18 src/ASF/sam/drivers/pio/pio_handler.o
                0x00402a30                PIOD_Handler
 .text.PIOE_Handler
                0x00402a48       0x18 src/ASF/sam/drivers/pio/pio_handler.o
                0x00402a48                PIOE_Handler
 .text.pmc_mck_set_division
                0x00402a60       0x7c src/ASF/sam/drivers/pmc/pmc.o
                0x00402a60                pmc_mck_set_division
 .text.pmc_switch_mck_to_pllack
                0x00402adc       0x84 src/ASF/sam/drivers/pmc/pmc.o
                0x00402adc                pmc_switch_mck_to_pllack
 .text.pmc_switch_sclk_to_32kxtal
                0x00402b60       0x38 src/ASF/sam/drivers/pmc/pmc.o
                0x00402b60                pmc_switch_sclk_to_32kxtal
 .text.pmc_osc_is_ready_32kxtal
                0x00402b98       0x34 src/ASF/sam/drivers/pmc/pmc.o
                0x00402b98                pmc_osc_is_ready_32kxtal
 .text.pmc_switch_mainck_to_fastrc
                0x00402bcc       0x70 src/ASF/sam/drivers/pmc/pmc.o
                0x00402bcc                pmc_switch_mainck_to_fastrc
 .text.pmc_switch_mainck_to_xtal
                0x00402c3c       0x78 src/ASF/sam/drivers/pmc/pmc.o
                0x00402c3c                pmc_switch_mainck_to_xtal
 .text.pmc_osc_is_ready_mainck
                0x00402cb4       0x1c src/ASF/sam/drivers/pmc/pmc.o
                0x00402cb4                pmc_osc_is_ready_mainck
 .text.pmc_disable_pllack
                0x00402cd0       0x1c src/ASF/sam/drivers/pmc/pmc.o
                0x00402cd0                pmc_disable_pllack
 .text.pmc_is_locked_pllack
                0x00402cec       0x1c src/ASF/sam/drivers/pmc/pmc.o
                0x00402cec                pmc_is_locked_pllack
 .text.pmc_is_locked_upll
                0x00402d08       0x1c src/ASF/sam/drivers/pmc/pmc.o
                0x00402d08                pmc_is_locked_upll
 .text.pmc_enable_periph_clk
                0x00402d24       0x3c src/ASF/sam/drivers/pmc/pmc.o
                0x00402d24                pmc_enable_periph_clk
 .text.pmc_set_flash_in_wait_mode
                0x00402d60       0x20 src/ASF/sam/drivers/pmc/pmc.o
                0x00402d60                pmc_set_flash_in_wait_mode
 .text.pmc_enable_waitmode
                0x00402d80       0x90 src/ASF/sam/drivers/pmc/pmc.o
                0x00402d80                pmc_enable_waitmode
 .text.pmc_sleep
                0x00402e10      0x398 src/ASF/sam/drivers/pmc/sleep.o
                0x00402e10                pmc_sleep
 .text.cpu_irq_save
                0x004031a8       0x38 src/ASF/sam/utils/cmsis/same70/source/templates/gcc/startup_same70.o
 .text.cpu_irq_is_enabled_flags
                0x004031e0       0x20 src/ASF/sam/utils/cmsis/same70/source/templates/gcc/startup_same70.o
 .text.cpu_irq_restore
                0x00403200       0x30 src/ASF/sam/utils/cmsis/same70/source/templates/gcc/startup_same70.o
 .text.Reset_Handler
                0x00403230       0xb0 src/ASF/sam/utils/cmsis/same70/source/templates/gcc/startup_same70.o
                0x00403230                Reset_Handler
 .text.Dummy_Handler
                0x004032e0        0x6 src/ASF/sam/utils/cmsis/same70/source/templates/gcc/startup_same70.o
                0x004032e0                DACC_Handler
                0x004032e0                DebugMon_Handler
                0x004032e0                UART3_Handler
                0x004032e0                UART2_Handler
                0x004032e0                TRNG_Handler
                0x004032e0                HardFault_Handler
                0x004032e0                TC2_Handler
                0x004032e0                SysTick_Handler
                0x004032e0                AFEC1_Handler
                0x004032e0                PendSV_Handler
                0x004032e0                NMI_Handler
                0x004032e0                TC7_Handler
                0x004032e0                QSPI_Handler
                0x004032e0                ISI_Handler
                0x004032e0                MCAN0_INT0_Handler
                0x004032e0                TC9_Handler
                0x004032e0                RSWDT_Handler
                0x004032e0                USART0_Handler
                0x004032e0                RTT_Handler
                0x004032e0                USBHS_Handler
                0x004032e0                IXC_Handler
                0x004032e0                CCF_Handler
                0x004032e0                RTC_Handler
                0x004032e0                UsageFault_Handler
                0x004032e0                TC6_Handler
                0x004032e0                WDT_Handler
                0x004032e0                MCAN1_INT1_Handler
                0x004032e0                TC4_Handler
                0x004032e0                TC1_Handler
                0x004032e0                HSMCI_Handler
                0x004032e0                UART1_Handler
                0x004032e0                TC3_Handler
                0x004032e0                Dummy_Handler
                0x004032e0                TWIHS1_Handler
                0x004032e0                XDMAC_Handler
                0x004032e0                UART4_Handler
                0x004032e0                PWM1_Handler
                0x004032e0                USART1_Handler
                0x004032e0                PWM0_Handler
                0x004032e0                AFEC0_Handler
                0x004032e0                CCW_Handler
                0x004032e0                TC11_Handler
                0x004032e0                SSC_Handler
                0x004032e0                ACC_Handler
                0x004032e0                PMC_Handler
                0x004032e0                GMAC_Handler
                0x004032e0                MCAN0_INT1_Handler
                0x004032e0                GMAC_Q5_Handler
                0x004032e0                MemManage_Handler
                0x004032e0                SUPC_Handler
                0x004032e0                SVC_Handler
                0x004032e0                TC8_Handler
                0x004032e0                MCAN1_INT0_Handler
                0x004032e0                EFC_Handler
                0x004032e0                GMAC_Q1_Handler
                0x004032e0                USART2_Handler
                0x004032e0                SDRAMC_Handler
                0x004032e0                GMAC_Q2_Handler
                0x004032e0                SPI1_Handler
                0x004032e0                TC10_Handler
                0x004032e0                GMAC_Q3_Handler
                0x004032e0                TWIHS2_Handler
                0x004032e0                I2SC0_Handler
                0x004032e0                UART0_Handler
                0x004032e0                I2SC1_Handler
                0x004032e0                GMAC_Q4_Handler
                0x004032e0                FPU_Handler
                0x004032e0                BusFault_Handler
                0x004032e0                RSTC_Handler
                0x004032e0                TC0_Handler
                0x004032e0                TC5_Handler
                0x004032e0                AES_Handler
                0x004032e0                ICM_Handler
                0x004032e0                TWIHS0_Handler
                0x004032e0                SPI0_Handler
 *fill*         0x004032e6        0x2 
 .text.SystemCoreClockUpdate
                0x004032e8      0x168 src/ASF/sam/utils/cmsis/same70/source/templates/system_same70.o
                0x004032e8                SystemCoreClockUpdate
 .text.system_init_flash
                0x00403450       0xb0 src/ASF/sam/utils/cmsis/same70/source/templates/system_same70.o
                0x00403450                system_init_flash
 .text._sbrk    0x00403500       0x58 src/ASF/sam/utils/syscalls/gcc/syscalls.o
                0x00403500                _sbrk
 .text.__libc_init_array
                0x00403558       0x50 c:/program files (x86)/atmel/studio/7.0/toolchain/arm/arm-gnu-toolchain/bin/../lib/gcc/arm-none-eabi/6.3.1/../../../../arm-none-eabi/lib/thumb/v7e-m\libc.a(lib_a-init.o)
                0x00403558                __libc_init_array
 .text.memset   0x004035a8       0x9c c:/program files (x86)/atmel/studio/7.0/toolchain/arm/arm-gnu-toolchain/bin/../lib/gcc/arm-none-eabi/6.3.1/../../../../arm-none-eabi/lib/thumb/v7e-m\libc.a(lib_a-memset.o)
                0x004035a8                memset
 .text.sprintf  0x00403644       0x4c c:/program files (x86)/atmel/studio/7.0/toolchain/arm/arm-gnu-toolchain/bin/../lib/gcc/arm-none-eabi/6.3.1/../../../../arm-none-eabi/lib/thumb/v7e-m\libc.a(lib_a-sprintf.o)
                0x00403644                sprintf
 .text._svfprintf_r
                0x00403690     0x145c c:/program files (x86)/atmel/studio/7.0/toolchain/arm/arm-gnu-toolchain/bin/../lib/gcc/arm-none-eabi/6.3.1/../../../../arm-none-eabi/lib/thumb/v7e-m\libc.a(lib_a-svfprintf.o)
                0x00403690                _svfprintf_r
 .text.startup.register_fini
                0x00404aec       0x14 c:/program files (x86)/atmel/studio/7.0/toolchain/arm/arm-gnu-toolchain/bin/../lib/gcc/arm-none-eabi/6.3.1/../../../../arm-none-eabi/lib/thumb/v7e-m\libc.a(lib_a-__call_atexit.o)
 .text.atexit   0x00404b00        0xc c:/program files (x86)/atmel/studio/7.0/toolchain/arm/arm-gnu-toolchain/bin/../lib/gcc/arm-none-eabi/6.3.1/../../../../arm-none-eabi/lib/thumb/v7e-m\libc.a(lib_a-atexit.o)
                0x00404b00                atexit
 .text.quorem   0x00404b0c      0x128 c:/program files (x86)/atmel/studio/7.0/toolchain/arm/arm-gnu-toolchain/bin/../lib/gcc/arm-none-eabi/6.3.1/../../../../arm-none-eabi/lib/thumb/v7e-m\libc.a(lib_a-dtoa.o)
 *fill*         0x00404c34        0x4 
 .text._dtoa_r  0x00404c38      0xe54 c:/program files (x86)/atmel/studio/7.0/toolchain/arm/arm-gnu-toolchain/bin/../lib/gcc/arm-none-eabi/6.3.1/../../../../arm-none-eabi/lib/thumb/v7e-m\libc.a(lib_a-dtoa.o)
                0x00404c38                _dtoa_r
 .text.__libc_fini_array
                0x00405a8c       0x34 c:/program files (x86)/atmel/studio/7.0/toolchain/arm/arm-gnu-toolchain/bin/../lib/gcc/arm-none-eabi/6.3.1/../../../../arm-none-eabi/lib/thumb/v7e-m\libc.a(lib_a-fini.o)
                0x00405a8c                __libc_fini_array
 .text._localeconv_r
                0x00405ac0       0x1c c:/program files (x86)/atmel/studio/7.0/toolchain/arm/arm-gnu-toolchain/bin/../lib/gcc/arm-none-eabi/6.3.1/../../../../arm-none-eabi/lib/thumb/v7e-m\libc.a(lib_a-localeconv.o)
                0x00405ac0                _localeconv_r
 .text.__retarget_lock_acquire_recursive
                0x00405adc        0x4 c:/program files (x86)/atmel/studio/7.0/toolchain/arm/arm-gnu-toolchain/bin/../lib/gcc/arm-none-eabi/6.3.1/../../../../arm-none-eabi/lib/thumb/v7e-m\libc.a(lib_a-lock.o)
                0x00405adc                __retarget_lock_acquire_recursive
 .text.__retarget_lock_release_recursive
                0x00405ae0        0x4 c:/program files (x86)/atmel/studio/7.0/toolchain/arm/arm-gnu-toolchain/bin/../lib/gcc/arm-none-eabi/6.3.1/../../../../arm-none-eabi/lib/thumb/v7e-m\libc.a(lib_a-lock.o)
                0x00405ae0                __retarget_lock_release_recursive
 .text._malloc_r
                0x00405ae4      0x560 c:/program files (x86)/atmel/studio/7.0/toolchain/arm/arm-gnu-toolchain/bin/../lib/gcc/arm-none-eabi/6.3.1/../../../../arm-none-eabi/lib/thumb/v7e-m\libc.a(lib_a-mallocr.o)
                0x00405ae4                _malloc_r
 *fill*         0x00406044        0xc 
 .text          0x00406050       0xa0 c:/program files (x86)/atmel/studio/7.0/toolchain/arm/arm-gnu-toolchain/bin/../lib/gcc/arm-none-eabi/6.3.1/../../../../arm-none-eabi/lib/thumb/v7e-m\libc.a(lib_a-memchr.o)
                0x00406050                memchr
 .text          0x004060f0      0x134 c:/program files (x86)/atmel/studio/7.0/toolchain/arm/arm-gnu-toolchain/bin/../lib/gcc/arm-none-eabi/6.3.1/../../../../arm-none-eabi/lib/thumb/v7e-m\libc.a(lib_a-memcpy.o)
                0x004060f0                memcpy
 .text.__malloc_lock
                0x00406224        0xc c:/program files (x86)/atmel/studio/7.0/toolchain/arm/arm-gnu-toolchain/bin/../lib/gcc/arm-none-eabi/6.3.1/../../../../arm-none-eabi/lib/thumb/v7e-m\libc.a(lib_a-mlock.o)
                0x00406224                __malloc_lock
 .text.__malloc_unlock
                0x00406230        0xc c:/program files (x86)/atmel/studio/7.0/toolchain/arm/arm-gnu-toolchain/bin/../lib/gcc/arm-none-eabi/6.3.1/../../../../arm-none-eabi/lib/thumb/v7e-m\libc.a(lib_a-mlock.o)
                0x00406230                __malloc_unlock
 .text._Balloc  0x0040623c       0x4c c:/program files (x86)/atmel/studio/7.0/toolchain/arm/arm-gnu-toolchain/bin/../lib/gcc/arm-none-eabi/6.3.1/../../../../arm-none-eabi/lib/thumb/v7e-m\libc.a(lib_a-mprec.o)
                0x0040623c                _Balloc
 .text._Bfree   0x00406288       0x14 c:/program files (x86)/atmel/studio/7.0/toolchain/arm/arm-gnu-toolchain/bin/../lib/gcc/arm-none-eabi/6.3.1/../../../../arm-none-eabi/lib/thumb/v7e-m\libc.a(lib_a-mprec.o)
                0x00406288                _Bfree
 .text.__multadd
                0x0040629c       0x80 c:/program files (x86)/atmel/studio/7.0/toolchain/arm/arm-gnu-toolchain/bin/../lib/gcc/arm-none-eabi/6.3.1/../../../../arm-none-eabi/lib/thumb/v7e-m\libc.a(lib_a-mprec.o)
                0x0040629c                __multadd
 .text.__hi0bits
                0x0040631c       0x40 c:/program files (x86)/atmel/studio/7.0/toolchain/arm/arm-gnu-toolchain/bin/../lib/gcc/arm-none-eabi/6.3.1/../../../../arm-none-eabi/lib/thumb/v7e-m\libc.a(lib_a-mprec.o)
                0x0040631c                __hi0bits
 .text.__lo0bits
                0x0040635c       0x60 c:/program files (x86)/atmel/studio/7.0/toolchain/arm/arm-gnu-toolchain/bin/../lib/gcc/arm-none-eabi/6.3.1/../../../../arm-none-eabi/lib/thumb/v7e-m\libc.a(lib_a-mprec.o)
                0x0040635c                __lo0bits
 .text.__i2b    0x004063bc       0x14 c:/program files (x86)/atmel/studio/7.0/toolchain/arm/arm-gnu-toolchain/bin/../lib/gcc/arm-none-eabi/6.3.1/../../../../arm-none-eabi/lib/thumb/v7e-m\libc.a(lib_a-mprec.o)
                0x004063bc                __i2b
 .text.__multiply
                0x004063d0      0x124 c:/program files (x86)/atmel/studio/7.0/toolchain/arm/arm-gnu-toolchain/bin/../lib/gcc/arm-none-eabi/6.3.1/../../../../arm-none-eabi/lib/thumb/v7e-m\libc.a(lib_a-mprec.o)
                0x004063d0                __multiply
 .text.__pow5mult
                0x004064f4       0xa0 c:/program files (x86)/atmel/studio/7.0/toolchain/arm/arm-gnu-toolchain/bin/../lib/gcc/arm-none-eabi/6.3.1/../../../../arm-none-eabi/lib/thumb/v7e-m\libc.a(lib_a-mprec.o)
                0x004064f4                __pow5mult
 .text.__lshift
                0x00406594       0xa4 c:/program files (x86)/atmel/studio/7.0/toolchain/arm/arm-gnu-toolchain/bin/../lib/gcc/arm-none-eabi/6.3.1/../../../../arm-none-eabi/lib/thumb/v7e-m\libc.a(lib_a-mprec.o)
                0x00406594                __lshift
 .text.__mcmp   0x00406638       0x38 c:/program files (x86)/atmel/studio/7.0/toolchain/arm/arm-gnu-toolchain/bin/../lib/gcc/arm-none-eabi/6.3.1/../../../../arm-none-eabi/lib/thumb/v7e-m\libc.a(lib_a-mprec.o)
                0x00406638                __mcmp
 .text.__mdiff  0x00406670      0x108 c:/program files (x86)/atmel/studio/7.0/toolchain/arm/arm-gnu-toolchain/bin/../lib/gcc/arm-none-eabi/6.3.1/../../../../arm-none-eabi/lib/thumb/v7e-m\libc.a(lib_a-mprec.o)
                0x00406670                __mdiff
 .text.__d2b    0x00406778       0xb8 c:/program files (x86)/atmel/studio/7.0/toolchain/arm/arm-gnu-toolchain/bin/../lib/gcc/arm-none-eabi/6.3.1/../../../../arm-none-eabi/lib/thumb/v7e-m\libc.a(lib_a-mprec.o)
                0x00406778                __d2b
 .text._sbrk_r  0x00406830       0x24 c:/program files (x86)/atmel/studio/7.0/toolchain/arm/arm-gnu-toolchain/bin/../lib/gcc/arm-none-eabi/6.3.1/../../../../arm-none-eabi/lib/thumb/v7e-m\libc.a(lib_a-sbrkr.o)
                0x00406830                _sbrk_r
 *fill*         0x00406854       0x2c 
 .text          0x00406880       0xdc c:/program files (x86)/atmel/studio/7.0/toolchain/arm/arm-gnu-toolchain/bin/../lib/gcc/arm-none-eabi/6.3.1/../../../../arm-none-eabi/lib/thumb/v7e-m\libc.a(lib_a-strlen.o)
                0x00406880                strlen
 .text.__ssprint_r
                0x0040695c       0xfc c:/program files (x86)/atmel/studio/7.0/toolchain/arm/arm-gnu-toolchain/bin/../lib/gcc/arm-none-eabi/6.3.1/../../../../arm-none-eabi/lib/thumb/v7e-m\libc.a(lib_a-svfiprintf.o)
                0x0040695c                __ssprint_r
 .text.__register_exitproc
                0x00406a58       0xc4 c:/program files (x86)/atmel/studio/7.0/toolchain/arm/arm-gnu-toolchain/bin/../lib/gcc/arm-none-eabi/6.3.1/../../../../arm-none-eabi/lib/thumb/v7e-m\libc.a(lib_a-__atexit.o)
                0x00406a58                __register_exitproc
 .text._calloc_r
                0x00406b1c       0x60 c:/program files (x86)/atmel/studio/7.0/toolchain/arm/arm-gnu-toolchain/bin/../lib/gcc/arm-none-eabi/6.3.1/../../../../arm-none-eabi/lib/thumb/v7e-m\libc.a(lib_a-callocr.o)
                0x00406b1c                _calloc_r
 .text._malloc_trim_r
                0x00406b7c       0xa0 c:/program files (x86)/atmel/studio/7.0/toolchain/arm/arm-gnu-toolchain/bin/../lib/gcc/arm-none-eabi/6.3.1/../../../../arm-none-eabi/lib/thumb/v7e-m\libc.a(lib_a-freer.o)
                0x00406b7c                _malloc_trim_r
 .text._free_r  0x00406c1c      0x1cc c:/program files (x86)/atmel/studio/7.0/toolchain/arm/arm-gnu-toolchain/bin/../lib/gcc/arm-none-eabi/6.3.1/../../../../arm-none-eabi/lib/thumb/v7e-m\libc.a(lib_a-freer.o)
                0x00406c1c                _free_r
 .text.__ascii_mbtowc
                0x00406de8       0x2c c:/program files (x86)/atmel/studio/7.0/toolchain/arm/arm-gnu-toolchain/bin/../lib/gcc/arm-none-eabi/6.3.1/../../../../arm-none-eabi/lib/thumb/v7e-m\libc.a(lib_a-mbtowc_r.o)
                0x00406de8                __ascii_mbtowc
 .text.memmove  0x00406e14       0xc8 c:/program files (x86)/atmel/studio/7.0/toolchain/arm/arm-gnu-toolchain/bin/../lib/gcc/arm-none-eabi/6.3.1/../../../../arm-none-eabi/lib/thumb/v7e-m\libc.a(lib_a-memmove.o)
                0x00406e14                memmove
 .text._realloc_r
                0x00406edc      0x34c c:/program files (x86)/atmel/studio/7.0/toolchain/arm/arm-gnu-toolchain/bin/../lib/gcc/arm-none-eabi/6.3.1/../../../../arm-none-eabi/lib/thumb/v7e-m\libc.a(lib_a-reallocr.o)
                0x00406edc                _realloc_r
 .text.__ascii_wctomb
                0x00407228       0x1c c:/program files (x86)/atmel/studio/7.0/toolchain/arm/arm-gnu-toolchain/bin/../lib/gcc/arm-none-eabi/6.3.1/../../../../arm-none-eabi/lib/thumb/v7e-m\libc.a(lib_a-wctomb_r.o)
                0x00407228                __ascii_wctomb
 .text          0x00407244      0x370 c:/program files (x86)/atmel/studio/7.0/toolchain/arm/arm-gnu-toolchain/bin/../lib/gcc/arm-none-eabi/6.3.1/thumb/v7e-m\libgcc.a(_arm_addsubdf3.o)
                0x00407244                __aeabi_drsub
                0x0040724c                __aeabi_dsub
                0x0040724c                __subdf3
                0x00407250                __aeabi_dadd
                0x00407250                __adddf3
                0x004074c8                __floatunsidf
                0x004074c8                __aeabi_ui2d
                0x004074e8                __floatsidf
                0x004074e8                __aeabi_i2d
                0x0040750c                __aeabi_f2d
                0x0040750c                __extendsfdf2
                0x00407548                __floatundidf
                0x00407548                __aeabi_ul2d
                0x00407558                __floatdidf
                0x00407558                __aeabi_l2d
 .text          0x004075b4      0x424 c:/program files (x86)/atmel/studio/7.0/toolchain/arm/arm-gnu-toolchain/bin/../lib/gcc/arm-none-eabi/6.3.1/thumb/v7e-m\libgcc.a(_arm_muldivdf3.o)
                0x004075b4                __aeabi_dmul
                0x004075b4                __muldf3
                0x00407808                __divdf3
                0x00407808                __aeabi_ddiv
 .text          0x004079d8      0x110 c:/program files (x86)/atmel/studio/7.0/toolchain/arm/arm-gnu-toolchain/bin/../lib/gcc/arm-none-eabi/6.3.1/thumb/v7e-m\libgcc.a(_arm_cmpdf2.o)
                0x004079d8                __gtdf2
                0x004079d8                __gedf2
                0x004079e0                __ltdf2
                0x004079e0                __ledf2
                0x004079e8                __nedf2
                0x004079e8                __eqdf2
                0x004079e8                __cmpdf2
                0x00407a64                __aeabi_cdrcmple
                0x00407a74                __aeabi_cdcmpeq
                0x00407a74                __aeabi_cdcmple
                0x00407a84                __aeabi_dcmpeq
                0x00407a98                __aeabi_dcmplt
                0x00407aac                __aeabi_dcmple
                0x00407ac0                __aeabi_dcmpge
                0x00407ad4                __aeabi_dcmpgt
 .text          0x00407ae8       0x2c c:/program files (x86)/atmel/studio/7.0/toolchain/arm/arm-gnu-toolchain/bin/../lib/gcc/arm-none-eabi/6.3.1/thumb/v7e-m\libgcc.a(_arm_unorddf2.o)
                0x00407ae8                __unorddf2
                0x00407ae8                __aeabi_dcmpun
 .text          0x00407b14       0x50 c:/program files (x86)/atmel/studio/7.0/toolchain/arm/arm-gnu-toolchain/bin/../lib/gcc/arm-none-eabi/6.3.1/thumb/v7e-m\libgcc.a(_arm_fixdfsi.o)
                0x00407b14                __aeabi_d2iz
                0x00407b14                __fixdfsi
 .text          0x00407b64       0x30 c:/program files (x86)/atmel/studio/7.0/toolchain/arm/arm-gnu-toolchain/bin/../lib/gcc/arm-none-eabi/6.3.1/thumb/v7e-m\libgcc.a(_aeabi_uldivmod.o)
                0x00407b64                __aeabi_uldivmod
 .text          0x00407b94      0x2dc c:/program files (x86)/atmel/studio/7.0/toolchain/arm/arm-gnu-toolchain/bin/../lib/gcc/arm-none-eabi/6.3.1/thumb/v7e-m\libgcc.a(_udivmoddi4.o)
                0x00407b94                __udivmoddi4
 .text          0x00407e70        0x4 c:/program files (x86)/atmel/studio/7.0/toolchain/arm/arm-gnu-toolchain/bin/../lib/gcc/arm-none-eabi/6.3.1/thumb/v7e-m\libgcc.a(_dvmd_tls.o)
                0x00407e70                __aeabi_idiv0
                0x00407e70                __aeabi_ldiv0
 *(.glue_7t)
 .glue_7t       0x00407e74        0x0 linker stubs
 *(.glue_7)
 .glue_7        0x00407e74        0x0 linker stubs
 *(.rodata .rodata* .gnu.linkonce.r.*)
 .rodata.image_data_calibri_36_0x20
                0x00407e74      0x378 src/main.o
 .rodata.calibri_36_0x20
                0x004081ec       0x10 src/main.o
 .rodata.image_data_calibri_36_0x21
                0x004081fc      0x534 src/main.o
 .rodata.calibri_36_0x21
                0x00408730       0x10 src/main.o
 .rodata.image_data_calibri_36_0x22
                0x00408740      0x612 src/main.o
 *fill*         0x00408d52        0x2 
 .rodata.calibri_36_0x22
                0x00408d54       0x10 src/main.o
 .rodata.image_data_calibri_36_0x23
                0x00408d64      0x7ce src/main.o
 *fill*         0x00409532        0x2 
 .rodata.calibri_36_0x23
                0x00409534       0x10 src/main.o
 .rodata.image_data_calibri_36_0x24
                0x00409544      0x7ce src/main.o
 *fill*         0x00409d12        0x2 
 .rodata.calibri_36_0x24
                0x00409d14       0x10 src/main.o
 .rodata.image_data_calibri_36_0x25
                0x00409d24      0xb46 src/main.o
 *fill*         0x0040a86a        0x2 
 .rodata.calibri_36_0x25
                0x0040a86c       0x10 src/main.o
 .rodata.image_data_calibri_36_0x26
                0x0040a87c      0xad7 src/main.o
 *fill*         0x0040b353        0x1 
 .rodata.calibri_36_0x26
                0x0040b354       0x10 src/main.o
 .rodata.image_data_calibri_36_0x27
                0x0040b364      0x378 src/main.o
 .rodata.calibri_36_0x27
                0x0040b6dc       0x10 src/main.o
 .rodata.image_data_calibri_36_0x28
                0x0040b6ec      0x4c5 src/main.o
 *fill*         0x0040bbb1        0x3 
 .rodata.calibri_36_0x28
                0x0040bbb4       0x10 src/main.o
 .rodata.image_data_calibri_36_0x29
                0x0040bbc4      0x4c5 src/main.o
 *fill*         0x0040c089        0x3 
 .rodata.calibri_36_0x29
                0x0040c08c       0x10 src/main.o
 .rodata.image_data_calibri_36_0x2a
                0x0040c09c      0x7ce src/main.o
 *fill*         0x0040c86a        0x2 
 .rodata.calibri_36_0x2a
                0x0040c86c       0x10 src/main.o
 .rodata.image_data_calibri_36_0x2b
                0x0040c87c      0x7ce src/main.o
 *fill*         0x0040d04a        0x2 
 .rodata.calibri_36_0x2b
                0x0040d04c       0x10 src/main.o
 .rodata.image_data_calibri_36_0x2c
                0x0040d05c      0x3e7 src/main.o
 *fill*         0x0040d443        0x1 
 .rodata.calibri_36_0x2c
                0x0040d444       0x10 src/main.o
 .rodata.image_data_calibri_36_0x2d
                0x0040d454      0x4c5 src/main.o
 *fill*         0x0040d919        0x3 
 .rodata.calibri_36_0x2d
                0x0040d91c       0x10 src/main.o
 .rodata.image_data_calibri_36_0x2e
                0x0040d92c      0x3e7 src/main.o
 *fill*         0x0040dd13        0x1 
 .rodata.calibri_36_0x2e
                0x0040dd14       0x10 src/main.o
 .rodata.image_data_calibri_36_0x2f
                0x0040dd24      0x612 src/main.o
 *fill*         0x0040e336        0x2 
 .rodata.calibri_36_0x2f
                0x0040e338       0x10 src/main.o
 .rodata.image_data_calibri_36_0x30
                0x0040e348      0x7ce src/main.o
 *fill*         0x0040eb16        0x2 
 .rodata.calibri_36_0x30
                0x0040eb18       0x10 src/main.o
 .rodata.image_data_calibri_36_0x31
                0x0040eb28      0x7ce src/main.o
 *fill*         0x0040f2f6        0x2 
 .rodata.calibri_36_0x31
                0x0040f2f8       0x10 src/main.o
 .rodata.image_data_calibri_36_0x32
                0x0040f308      0x7ce src/main.o
 *fill*         0x0040fad6        0x2 
 .rodata.calibri_36_0x32
                0x0040fad8       0x10 src/main.o
 .rodata.image_data_calibri_36_0x33
                0x0040fae8      0x7ce src/main.o
 *fill*         0x004102b6        0x2 
 .rodata.calibri_36_0x33
                0x004102b8       0x10 src/main.o
 .rodata.image_data_calibri_36_0x34
                0x004102c8      0x7ce src/main.o
 *fill*         0x00410a96        0x2 
 .rodata.calibri_36_0x34
                0x00410a98       0x10 src/main.o
 .rodata.image_data_calibri_36_0x35
                0x00410aa8      0x7ce src/main.o
 *fill*         0x00411276        0x2 
 .rodata.calibri_36_0x35
                0x00411278       0x10 src/main.o
 .rodata.image_data_calibri_36_0x36
                0x00411288      0x7ce src/main.o
 *fill*         0x00411a56        0x2 
 .rodata.calibri_36_0x36
                0x00411a58       0x10 src/main.o
 .rodata.image_data_calibri_36_0x37
                0x00411a68      0x7ce src/main.o
 *fill*         0x00412236        0x2 
 .rodata.calibri_36_0x37
                0x00412238       0x10 src/main.o
 .rodata.image_data_calibri_36_0x38
                0x00412248      0x7ce src/main.o
 *fill*         0x00412a16        0x2 
 .rodata.calibri_36_0x38
                0x00412a18       0x10 src/main.o
 .rodata.image_data_calibri_36_0x39
                0x00412a28      0x7ce src/main.o
 *fill*         0x004131f6        0x2 
 .rodata.calibri_36_0x39
                0x004131f8       0x10 src/main.o
 .rodata.image_data_calibri_36_0x3a
                0x00413208      0x456 src/main.o
 *fill*         0x0041365e        0x2 
 .rodata.calibri_36_0x3a
                0x00413660       0x10 src/main.o
 .rodata.image_data_calibri_36_0x3b
                0x00413670      0x456 src/main.o
 *fill*         0x00413ac6        0x2 
 .rodata.calibri_36_0x3b
                0x00413ac8       0x10 src/main.o
 .rodata.image_data_calibri_36_0x3c
                0x00413ad8      0x7ce src/main.o
 *fill*         0x004142a6        0x2 
 .rodata.calibri_36_0x3c
                0x004142a8       0x10 src/main.o
 .rodata.image_data_calibri_36_0x3d
                0x004142b8      0x7ce src/main.o
 *fill*         0x00414a86        0x2 
 .rodata.calibri_36_0x3d
                0x00414a88       0x10 src/main.o
 .rodata.image_data_calibri_36_0x3e
                0x00414a98      0x7ce src/main.o
 *fill*         0x00415266        0x2 
 .rodata.calibri_36_0x3e
                0x00415268       0x10 src/main.o
 .rodata.image_data_calibri_36_0x3f
                0x00415278      0x75f src/main.o
 *fill*         0x004159d7        0x1 
 .rodata.calibri_36_0x3f
                0x004159d8       0x10 src/main.o
 .rodata.image_data_calibri_36_0x40
                0x004159e8      0xde0 src/main.o
 .rodata.calibri_36_0x40
                0x004167c8       0x10 src/main.o
 .rodata.image_data_calibri_36_0x41
                0x004167d8      0x91b src/main.o
 *fill*         0x004170f3        0x1 
 .rodata.calibri_36_0x41
                0x004170f4       0x10 src/main.o
 .rodata.image_data_calibri_36_0x42
                0x00417104      0x8ac src/main.o
 .rodata.calibri_36_0x42
                0x004179b0       0x10 src/main.o
 .rodata.image_data_calibri_36_0x43
                0x004179c0      0x83d src/main.o
 *fill*         0x004181fd        0x3 
 .rodata.calibri_36_0x43
                0x00418200       0x10 src/main.o
 .rodata.image_data_calibri_36_0x44
                0x00418210      0x98a src/main.o
 *fill*         0x00418b9a        0x2 
 .rodata.calibri_36_0x44
                0x00418b9c       0x10 src/main.o
 .rodata.image_data_calibri_36_0x45
                0x00418bac      0x7ce src/main.o
 *fill*         0x0041937a        0x2 
 .rodata.calibri_36_0x45
                0x0041937c       0x10 src/main.o
 .rodata.image_data_calibri_36_0x46
                0x0041938c      0x75f src/main.o
 *fill*         0x00419aeb        0x1 
 .rodata.calibri_36_0x46
                0x00419aec       0x10 src/main.o
 .rodata.image_data_calibri_36_0x47
                0x00419afc      0x9f9 src/main.o
 *fill*         0x0041a4f5        0x3 
 .rodata.calibri_36_0x47
                0x0041a4f8       0x10 src/main.o
 .rodata.image_data_calibri_36_0x48
                0x0041a508      0x98a src/main.o
 *fill*         0x0041ae92        0x2 
 .rodata.calibri_36_0x48
                0x0041ae94       0x10 src/main.o
 .rodata.image_data_calibri_36_0x49
                0x0041aea4      0x3e7 src/main.o
 *fill*         0x0041b28b        0x1 
 .rodata.calibri_36_0x49
                0x0041b28c       0x10 src/main.o
 .rodata.image_data_calibri_36_0x4a
                0x0041b29c      0x4c5 src/main.o
 *fill*         0x0041b761        0x3 
 .rodata.calibri_36_0x4a
                0x0041b764       0x10 src/main.o
 .rodata.image_data_calibri_36_0x4b
                0x0041b774      0x83d src/main.o
 *fill*         0x0041bfb1        0x3 
 .rodata.calibri_36_0x4b
                0x0041bfb4       0x10 src/main.o
 .rodata.image_data_calibri_36_0x4c
                0x0041bfc4      0x681 src/main.o
 *fill*         0x0041c645        0x3 
 .rodata.calibri_36_0x4c
                0x0041c648       0x10 src/main.o
 .rodata.image_data_calibri_36_0x4d
                0x0041c658      0xd71 src/main.o
 *fill*         0x0041d3c9        0x3 
 .rodata.calibri_36_0x4d
                0x0041d3cc       0x10 src/main.o
 .rodata.image_data_calibri_36_0x4e
                0x0041d3dc      0x9f9 src/main.o
 *fill*         0x0041ddd5        0x3 
 .rodata.calibri_36_0x4e
                0x0041ddd8       0x10 src/main.o
 .rodata.image_data_calibri_36_0x4f
                0x0041dde8      0xa68 src/main.o
 .rodata.calibri_36_0x4f
                0x0041e850       0x10 src/main.o
 .rodata.image_data_calibri_36_0x50
                0x0041e860      0x83d src/main.o
 *fill*         0x0041f09d        0x3 
 .rodata.calibri_36_0x50
                0x0041f0a0       0x10 src/main.o
 .rodata.image_data_calibri_36_0x51
                0x0041f0b0      0xad7 src/main.o
 *fill*         0x0041fb87        0x1 
 .rodata.calibri_36_0x51
                0x0041fb88       0x10 src/main.o
 .rodata.image_data_calibri_36_0x52
                0x0041fb98      0x8ac src/main.o
 .rodata.calibri_36_0x52
                0x00420444       0x10 src/main.o
 .rodata.image_data_calibri_36_0x53
                0x00420454      0x75f src/main.o
 *fill*         0x00420bb3        0x1 
 .rodata.calibri_36_0x53
                0x00420bb4       0x10 src/main.o
 .rodata.image_data_calibri_36_0x54
                0x00420bc4      0x7ce src/main.o
 *fill*         0x00421392        0x2 
 .rodata.calibri_36_0x54
                0x00421394       0x10 src/main.o
 .rodata.image_data_calibri_36_0x55
                0x004213a4      0x9f9 src/main.o
 *fill*         0x00421d9d        0x3 
 .rodata.calibri_36_0x55
                0x00421da0       0x10 src/main.o
 .rodata.image_data_calibri_36_0x56
                0x00421db0      0x8ac src/main.o
 .rodata.calibri_36_0x56
                0x0042265c       0x10 src/main.o
 .rodata.image_data_calibri_36_0x57
                0x0042266c      0xde0 src/main.o
 .rodata.calibri_36_0x57
                0x0042344c       0x10 src/main.o
 .rodata.image_data_calibri_36_0x58
                0x0042345c      0x83d src/main.o
 *fill*         0x00423c99        0x3 
 .rodata.calibri_36_0x58
                0x00423c9c       0x10 src/main.o
 .rodata.image_data_calibri_36_0x59
                0x00423cac      0x7ce src/main.o
 *fill*         0x0042447a        0x2 
 .rodata.calibri_36_0x59
                0x0042447c       0x10 src/main.o
 .rodata.image_data_calibri_36_0x5a
                0x0042448c      0x75f src/main.o
 *fill*         0x00424beb        0x1 
 .rodata.calibri_36_0x5a
                0x00424bec       0x10 src/main.o
 .rodata.image_data_calibri_36_0x5b
                0x00424bfc      0x4c5 src/main.o
 *fill*         0x004250c1        0x3 
 .rodata.calibri_36_0x5b
                0x004250c4       0x10 src/main.o
 .rodata.image_data_calibri_36_0x5c
                0x004250d4      0x612 src/main.o
 *fill*         0x004256e6        0x2 
 .rodata.calibri_36_0x5c
                0x004256e8       0x10 src/main.o
 .rodata.image_data_calibri_36_0x5d
                0x004256f8      0x4c5 src/main.o
 *fill*         0x00425bbd        0x3 
 .rodata.calibri_36_0x5d
                0x00425bc0       0x10 src/main.o
 .rodata.image_data_calibri_36_0x5e
                0x00425bd0      0x7ce src/main.o
 *fill*         0x0042639e        0x2 
 .rodata.calibri_36_0x5e
                0x004263a0       0x10 src/main.o
 .rodata.image_data_calibri_36_0x5f
                0x004263b0      0x7ce src/main.o
 *fill*         0x00426b7e        0x2 
 .rodata.calibri_36_0x5f
                0x00426b80       0x10 src/main.o
 .rodata.image_data_calibri_36_0x60
                0x00426b90      0x456 src/main.o
 *fill*         0x00426fe6        0x2 
 .rodata.calibri_36_0x60
                0x00426fe8       0x10 src/main.o
 .rodata.image_data_calibri_36_0x61
                0x00426ff8      0x75f src/main.o
 *fill*         0x00427757        0x1 
 .rodata.calibri_36_0x61
                0x00427758       0x10 src/main.o
 .rodata.image_data_calibri_36_0x62
                0x00427768      0x83d src/main.o
 *fill*         0x00427fa5        0x3 
 .rodata.calibri_36_0x62
                0x00427fa8       0x10 src/main.o
 .rodata.image_data_calibri_36_0x63
                0x00427fb8      0x681 src/main.o
 *fill*         0x00428639        0x3 
 .rodata.calibri_36_0x63
                0x0042863c       0x10 src/main.o
 .rodata.image_data_calibri_36_0x64
                0x0042864c      0x83d src/main.o
 *fill*         0x00428e89        0x3 
 .rodata.calibri_36_0x64
                0x00428e8c       0x10 src/main.o
 .rodata.image_data_calibri_36_0x65
                0x00428e9c      0x7ce src/main.o
 *fill*         0x0042966a        0x2 
 .rodata.calibri_36_0x65
                0x0042966c       0x10 src/main.o
 .rodata.image_data_calibri_36_0x66
                0x0042967c      0x4c5 src/main.o
 *fill*         0x00429b41        0x3 
 .rodata.calibri_36_0x66
                0x00429b44       0x10 src/main.o
 .rodata.image_data_calibri_36_0x67
                0x00429b54      0x75f src/main.o
 *fill*         0x0042a2b3        0x1 
 .rodata.calibri_36_0x67
                0x0042a2b4       0x10 src/main.o
 .rodata.image_data_calibri_36_0x68
                0x0042a2c4      0x83d src/main.o
 *fill*         0x0042ab01        0x3 
 .rodata.calibri_36_0x68
                0x0042ab04       0x10 src/main.o
 .rodata.image_data_calibri_36_0x69
                0x0042ab14      0x378 src/main.o
 .rodata.calibri_36_0x69
                0x0042ae8c       0x10 src/main.o
 .rodata.image_data_calibri_36_0x6a
                0x0042ae9c      0x3e7 src/main.o
 *fill*         0x0042b283        0x1 
 .rodata.calibri_36_0x6a
                0x0042b284       0x10 src/main.o
 .rodata.image_data_calibri_36_0x6b
                0x0042b294      0x6f0 src/main.o
 .rodata.calibri_36_0x6b
                0x0042b984       0x10 src/main.o
 .rodata.image_data_calibri_36_0x6c
                0x0042b994      0x378 src/main.o
 .rodata.calibri_36_0x6c
                0x0042bd0c       0x10 src/main.o
 .rodata.image_data_calibri_36_0x6d
                0x0042bd1c      0xc93 src/main.o
 *fill*         0x0042c9af        0x1 
 .rodata.calibri_36_0x6d
                0x0042c9b0       0x10 src/main.o
 .rodata.image_data_calibri_36_0x6e
                0x0042c9c0      0x83d src/main.o
 *fill*         0x0042d1fd        0x3 
 .rodata.calibri_36_0x6e
                0x0042d200       0x10 src/main.o
 .rodata.image_data_calibri_36_0x6f
                0x0042d210      0x83d src/main.o
 *fill*         0x0042da4d        0x3 
 .rodata.calibri_36_0x6f
                0x0042da50       0x10 src/main.o
 .rodata.image_data_calibri_36_0x70
                0x0042da60      0x83d src/main.o
 *fill*         0x0042e29d        0x3 
 .rodata.calibri_36_0x70
                0x0042e2a0       0x10 src/main.o
 .rodata.image_data_calibri_36_0x71
                0x0042e2b0      0x83d src/main.o
 *fill*         0x0042eaed        0x3 
 .rodata.calibri_36_0x71
                0x0042eaf0       0x10 src/main.o
 .rodata.image_data_calibri_36_0x72
                0x0042eb00      0x5a3 src/main.o
 *fill*         0x0042f0a3        0x1 
 .rodata.calibri_36_0x72
                0x0042f0a4       0x10 src/main.o
 .rodata.image_data_calibri_36_0x73
                0x0042f0b4      0x612 src/main.o
 *fill*         0x0042f6c6        0x2 
 .rodata.calibri_36_0x73
                0x0042f6c8       0x10 src/main.o
 .rodata.image_data_calibri_36_0x74
                0x0042f6d8      0x534 src/main.o
 .rodata.calibri_36_0x74
                0x0042fc0c       0x10 src/main.o
 .rodata.image_data_calibri_36_0x75
                0x0042fc1c      0x83d src/main.o
 *fill*         0x00430459        0x3 
 .rodata.calibri_36_0x75
                0x0043045c       0x10 src/main.o
 .rodata.image_data_calibri_36_0x76
                0x0043046c      0x6f0 src/main.o
 .rodata.calibri_36_0x76
                0x00430b5c       0x10 src/main.o
 .rodata.image_data_calibri_36_0x77
                0x00430b6c      0xb46 src/main.o
 *fill*         0x004316b2        0x2 
 .rodata.calibri_36_0x77
                0x004316b4       0x10 src/main.o
 .rodata.image_data_calibri_36_0x78
                0x004316c4      0x6f0 src/main.o
 .rodata.calibri_36_0x78
                0x00431db4       0x10 src/main.o
 .rodata.image_data_calibri_36_0x79
                0x00431dc4      0x6f0 src/main.o
 .rodata.calibri_36_0x79
                0x004324b4       0x10 src/main.o
 .rodata.image_data_calibri_36_0x7a
                0x004324c4      0x612 src/main.o
 *fill*         0x00432ad6        0x2 
 .rodata.calibri_36_0x7a
                0x00432ad8       0x10 src/main.o
 .rodata.image_data_calibri_36_0x7b
                0x00432ae8      0x4c5 src/main.o
 *fill*         0x00432fad        0x3 
 .rodata.calibri_36_0x7b
                0x00432fb0       0x10 src/main.o
 .rodata.image_data_calibri_36_0x7c
                0x00432fc0      0x75f src/main.o
 *fill*         0x0043371f        0x1 
 .rodata.calibri_36_0x7c
                0x00433720       0x10 src/main.o
 .rodata.image_data_calibri_36_0x7d
                0x00433730      0x4c5 src/main.o
 *fill*         0x00433bf5        0x3 
 .rodata.calibri_36_0x7d
                0x00433bf8       0x10 src/main.o
 .rodata.image_data_calibri_36_0x7e
                0x00433c08      0x7ce src/main.o
 *fill*         0x004343d6        0x2 
 .rodata.calibri_36_0x7e
                0x004343d8       0x10 src/main.o
 .rodata.calibri_36_array
                0x004343e8      0x2f8 src/main.o
 .rodata.calibri_36
                0x004346e0        0xc src/main.o
                0x004346e0                calibri_36
 .rodata        0x004346ec       0x2b src/main.o
 *fill*         0x00434717        0x1 
 .rodata._global_impure_ptr
                0x00434718        0x4 c:/program files (x86)/atmel/studio/7.0/toolchain/arm/arm-gnu-toolchain/bin/../lib/gcc/arm-none-eabi/6.3.1/../../../../arm-none-eabi/lib/thumb/v7e-m\libc.a(lib_a-impure.o)
                0x00434718                _global_impure_ptr
 .rodata._svfprintf_r.str1.4
                0x0043471c       0x42 c:/program files (x86)/atmel/studio/7.0/toolchain/arm/arm-gnu-toolchain/bin/../lib/gcc/arm-none-eabi/6.3.1/../../../../arm-none-eabi/lib/thumb/v7e-m\libc.a(lib_a-svfprintf.o)
 *fill*         0x0043475e        0x2 
 .rodata.blanks.7223
                0x00434760       0x10 c:/program files (x86)/atmel/studio/7.0/toolchain/arm/arm-gnu-toolchain/bin/../lib/gcc/arm-none-eabi/6.3.1/../../../../arm-none-eabi/lib/thumb/v7e-m\libc.a(lib_a-svfprintf.o)
 .rodata.zeroes.7224
                0x00434770       0x10 c:/program files (x86)/atmel/studio/7.0/toolchain/arm/arm-gnu-toolchain/bin/../lib/gcc/arm-none-eabi/6.3.1/../../../../arm-none-eabi/lib/thumb/v7e-m\libc.a(lib_a-svfprintf.o)
 .rodata._dtoa_r.str1.4
                0x00434780       0x10 c:/program files (x86)/atmel/studio/7.0/toolchain/arm/arm-gnu-toolchain/bin/../lib/gcc/arm-none-eabi/6.3.1/../../../../arm-none-eabi/lib/thumb/v7e-m\libc.a(lib_a-dtoa.o)
                                 0x12 (size before relaxing)
 .rodata.__mprec_bigtens
                0x00434790       0x28 c:/program files (x86)/atmel/studio/7.0/toolchain/arm/arm-gnu-toolchain/bin/../lib/gcc/arm-none-eabi/6.3.1/../../../../arm-none-eabi/lib/thumb/v7e-m\libc.a(lib_a-mprec.o)
                0x00434790                __mprec_bigtens
 .rodata.__mprec_tens
                0x004347b8       0xc8 c:/program files (x86)/atmel/studio/7.0/toolchain/arm/arm-gnu-toolchain/bin/../lib/gcc/arm-none-eabi/6.3.1/../../../../arm-none-eabi/lib/thumb/v7e-m\libc.a(lib_a-mprec.o)
                0x004347b8                __mprec_tens
 .rodata.p05.6055
                0x00434880        0xc c:/program files (x86)/atmel/studio/7.0/toolchain/arm/arm-gnu-toolchain/bin/../lib/gcc/arm-none-eabi/6.3.1/../../../../arm-none-eabi/lib/thumb/v7e-m\libc.a(lib_a-mprec.o)
 .rodata._setlocale_r.str1.4
                0x0043488c        0xa c:/program files (x86)/atmel/studio/7.0/toolchain/arm/arm-gnu-toolchain/bin/../lib/gcc/arm-none-eabi/6.3.1/../../../../arm-none-eabi/lib/thumb/v7e-m\libc.a(lib_a-locale.o)
                                  0xd (size before relaxing)
 *fill*         0x00434896        0x2 
 .rodata.str1.4
                0x00434898        0x4 c:/program files (x86)/atmel/studio/7.0/toolchain/arm/arm-gnu-toolchain/bin/../lib/gcc/arm-none-eabi/6.3.1/../../../../arm-none-eabi/lib/thumb/v7e-m\libc.a(lib_a-locale.o)
                                  0x2 (size before relaxing)
 .rodata._ctype_
                0x0043489c      0x101 c:/program files (x86)/atmel/studio/7.0/toolchain/arm/arm-gnu-toolchain/bin/../lib/gcc/arm-none-eabi/6.3.1/../../../../arm-none-eabi/lib/thumb/v7e-m\libc.a(lib_a-ctype_.o)
                0x0043489c                _ctype_
 *(.ARM.extab* .gnu.linkonce.armextab.*)
                0x004349a0                . = ALIGN (0x4)
 *fill*         0x0043499d        0x3 
 *(.init)
 .init          0x004349a0        0x4 c:/program files (x86)/atmel/studio/7.0/toolchain/arm/arm-gnu-toolchain/bin/../lib/gcc/arm-none-eabi/6.3.1/thumb/v7e-m/crti.o
                0x004349a0                _init
 .init          0x004349a4        0x8 c:/program files (x86)/atmel/studio/7.0/toolchain/arm/arm-gnu-toolchain/bin/../lib/gcc/arm-none-eabi/6.3.1/thumb/v7e-m/crtn.o
                0x004349ac                . = ALIGN (0x4)
                0x004349ac                __preinit_array_start = .
 *(.preinit_array)
                0x004349ac                __preinit_array_end = .
                0x004349ac                . = ALIGN (0x4)
                0x004349ac                __init_array_start = .
 *(SORT(.init_array.*))
 .init_array.00000
                0x004349ac        0x4 c:/program files (x86)/atmel/studio/7.0/toolchain/arm/arm-gnu-toolchain/bin/../lib/gcc/arm-none-eabi/6.3.1/../../../../arm-none-eabi/lib/thumb/v7e-m\libc.a(lib_a-__call_atexit.o)
 *(.init_array)
 .init_array    0x004349b0        0x4 c:/program files (x86)/atmel/studio/7.0/toolchain/arm/arm-gnu-toolchain/bin/../lib/gcc/arm-none-eabi/6.3.1/thumb/v7e-m/crtbegin.o
                0x004349b4                __init_array_end = .
                0x004349b4                . = ALIGN (0x4)
 *crtbegin.o(.ctors)
 *(EXCLUDE_FILE(*crtend.o) .ctors)
 *(SORT(.ctors.*))
 *crtend.o(.ctors)
                0x004349b4                . = ALIGN (0x4)
 *(.fini)
 .fini          0x004349b4        0x4 c:/program files (x86)/atmel/studio/7.0/toolchain/arm/arm-gnu-toolchain/bin/../lib/gcc/arm-none-eabi/6.3.1/thumb/v7e-m/crti.o
                0x004349b4                _fini
 .fini          0x004349b8        0x8 c:/program files (x86)/atmel/studio/7.0/toolchain/arm/arm-gnu-toolchain/bin/../lib/gcc/arm-none-eabi/6.3.1/thumb/v7e-m/crtn.o
                0x004349c0                . = ALIGN (0x4)
                0x004349c0                __fini_array_start = .
 *(.fini_array)
 .fini_array    0x004349c0        0x4 c:/program files (x86)/atmel/studio/7.0/toolchain/arm/arm-gnu-toolchain/bin/../lib/gcc/arm-none-eabi/6.3.1/thumb/v7e-m/crtbegin.o
 *(SORT(.fini_array.*))
                0x004349c4                __fini_array_end = .
 *crtbegin.o(.dtors)
 *(EXCLUDE_FILE(*crtend.o) .dtors)
 *(SORT(.dtors.*))
 *crtend.o(.dtors)
                0x004349c4                . = ALIGN (0x4)
                0x004349c4                _efixed = .
                [!provide]                PROVIDE (__exidx_start, .)

.vfp11_veneer   0x004349c4        0x0
 .vfp11_veneer  0x004349c4        0x0 linker stubs

.v4_bx          0x004349c4        0x0
 .v4_bx         0x004349c4        0x0 linker stubs

.iplt           0x004349c4        0x0
 .iplt          0x004349c4        0x0 c:/program files (x86)/atmel/studio/7.0/toolchain/arm/arm-gnu-toolchain/bin/../lib/gcc/arm-none-eabi/6.3.1/thumb/v7e-m/crtbegin.o

.ARM.exidx      0x004349c4        0x8
 *(.ARM.exidx* .gnu.linkonce.armexidx.*)
 .ARM.exidx     0x004349c4        0x8 c:/program files (x86)/atmel/studio/7.0/toolchain/arm/arm-gnu-toolchain/bin/../lib/gcc/arm-none-eabi/6.3.1/thumb/v7e-m\libgcc.a(_udivmoddi4.o)
                [!provide]                PROVIDE (__exidx_end, .)

.eh_frame       0x004349cc        0x0
 .eh_frame      0x004349cc        0x0 c:/program files (x86)/atmel/studio/7.0/toolchain/arm/arm-gnu-toolchain/bin/../lib/gcc/arm-none-eabi/6.3.1/thumb/v7e-m/crtbegin.o

.rel.dyn        0x004349cc        0x0
 .rel.iplt      0x004349cc        0x0 c:/program files (x86)/atmel/studio/7.0/toolchain/arm/arm-gnu-toolchain/bin/../lib/gcc/arm-none-eabi/6.3.1/thumb/v7e-m/crtbegin.o

.jcr            0x004349cc        0x0
 .jcr           0x004349cc        0x0 c:/program files (x86)/atmel/studio/7.0/toolchain/arm/arm-gnu-toolchain/bin/../lib/gcc/arm-none-eabi/6.3.1/thumb/v7e-m/crtbegin.o

.igot.plt       0x004349cc        0x0
 .igot.plt      0x004349cc        0x0 c:/program files (x86)/atmel/studio/7.0/toolchain/arm/arm-gnu-toolchain/bin/../lib/gcc/arm-none-eabi/6.3.1/thumb/v7e-m/crtbegin.o
                0x004349cc                . = ALIGN (0x4)
                0x004349cc                _etext = .

.relocate       0x20400000      0x9b8 load address 0x004349cc
                0x20400000                . = ALIGN (0x4)
                0x20400000                _srelocate = .
 *(.ramfunc .ramfunc.*)
 *(.data .data.*)
 .data.g_interrupt_enabled
                0x20400000        0x1 src/ASF/common/utils/interrupt/interrupt_sam_nvic.o
                0x20400000                g_interrupt_enabled
 *fill*         0x20400001        0x3 
 .data.ul_flash_in_wait_mode
                0x20400004        0x4 src/ASF/sam/drivers/pmc/pmc.o
 .data.SystemCoreClock
                0x20400008        0x4 src/ASF/sam/utils/cmsis/same70/source/templates/system_same70.o
                0x20400008                SystemCoreClock
 .data._impure_ptr
                0x2040000c        0x4 c:/program files (x86)/atmel/studio/7.0/toolchain/arm/arm-gnu-toolchain/bin/../lib/gcc/arm-none-eabi/6.3.1/../../../../arm-none-eabi/lib/thumb/v7e-m\libc.a(lib_a-impure.o)
                0x2040000c                _impure_ptr
 .data.impure_data
                0x20400010      0x428 c:/program files (x86)/atmel/studio/7.0/toolchain/arm/arm-gnu-toolchain/bin/../lib/gcc/arm-none-eabi/6.3.1/../../../../arm-none-eabi/lib/thumb/v7e-m\libc.a(lib_a-impure.o)
 .data.__atexit_recursive_mutex
                0x20400438        0x4 c:/program files (x86)/atmel/studio/7.0/toolchain/arm/arm-gnu-toolchain/bin/../lib/gcc/arm-none-eabi/6.3.1/../../../../arm-none-eabi/lib/thumb/v7e-m\libc.a(lib_a-__call_atexit.o)
                0x20400438                __atexit_recursive_mutex
 .data.__malloc_av_
                0x2040043c      0x408 c:/program files (x86)/atmel/studio/7.0/toolchain/arm/arm-gnu-toolchain/bin/../lib/gcc/arm-none-eabi/6.3.1/../../../../arm-none-eabi/lib/thumb/v7e-m\libc.a(lib_a-mallocr.o)
                0x2040043c                __malloc_av_
 .data.__malloc_sbrk_base
                0x20400844        0x4 c:/program files (x86)/atmel/studio/7.0/toolchain/arm/arm-gnu-toolchain/bin/../lib/gcc/arm-none-eabi/6.3.1/../../../../arm-none-eabi/lib/thumb/v7e-m\libc.a(lib_a-mallocr.o)
                0x20400844                __malloc_sbrk_base
 .data.__malloc_trim_threshold
                0x20400848        0x4 c:/program files (x86)/atmel/studio/7.0/toolchain/arm/arm-gnu-toolchain/bin/../lib/gcc/arm-none-eabi/6.3.1/../../../../arm-none-eabi/lib/thumb/v7e-m\libc.a(lib_a-mallocr.o)
                0x20400848                __malloc_trim_threshold
 .data.__global_locale
                0x2040084c      0x16c c:/program files (x86)/atmel/studio/7.0/toolchain/arm/arm-gnu-toolchain/bin/../lib/gcc/arm-none-eabi/6.3.1/../../../../arm-none-eabi/lib/thumb/v7e-m\libc.a(lib_a-locale.o)
                0x2040084c                __global_locale
                0x204009b8                . = ALIGN (0x4)
                0x204009b8                _erelocate = .

.bss            0x204009b8      0x4d0 load address 0x00435384
                0x204009b8                . = ALIGN (0x4)
                0x204009b8                _sbss = .
                0x204009b8                _szero = .
 *(.bss .bss.*)
 .bss           0x204009b8       0x1c c:/program files (x86)/atmel/studio/7.0/toolchain/arm/arm-gnu-toolchain/bin/../lib/gcc/arm-none-eabi/6.3.1/thumb/v7e-m/crtbegin.o
 .bss.counter   0x204009d4        0x4 src/main.o
                0x204009d4                counter
 .bss.but_flag  0x204009d8        0x4 src/main.o
                0x204009d8                but_flag
 .bss.g_ul_pixel_cache
                0x204009dc      0x3c0 src/ASF/sam/components/display/ili9488/ili9488.o
 .bss.gs_interrupt_sources
                0x20400d9c       0x70 src/ASF/sam/drivers/pio/pio_handler.o
 .bss.gs_ul_nb_sources
                0x20400e0c        0x4 src/ASF/sam/drivers/pio/pio_handler.o
 .bss.b_is_sleep_clock_used
                0x20400e10        0x1 src/ASF/sam/drivers/pmc/sleep.o
 *fill*         0x20400e11        0x3 
 .bss.callback_clocks_restored
                0x20400e14        0x4 src/ASF/sam/drivers/pmc/sleep.o
 .bss.heap.6420
                0x20400e18        0x4 src/ASF/sam/utils/syscalls/gcc/syscalls.o
 .bss.__malloc_current_mallinfo
                0x20400e1c       0x28 c:/program files (x86)/atmel/studio/7.0/toolchain/arm/arm-gnu-toolchain/bin/../lib/gcc/arm-none-eabi/6.3.1/../../../../arm-none-eabi/lib/thumb/v7e-m\libc.a(lib_a-mallocr.o)
                0x20400e1c                __malloc_current_mallinfo
 .bss.__malloc_max_sbrked_mem
                0x20400e44        0x4 c:/program files (x86)/atmel/studio/7.0/toolchain/arm/arm-gnu-toolchain/bin/../lib/gcc/arm-none-eabi/6.3.1/../../../../arm-none-eabi/lib/thumb/v7e-m\libc.a(lib_a-mallocr.o)
                0x20400e44                __malloc_max_sbrked_mem
 .bss.__malloc_max_total_mem
                0x20400e48        0x4 c:/program files (x86)/atmel/studio/7.0/toolchain/arm/arm-gnu-toolchain/bin/../lib/gcc/arm-none-eabi/6.3.1/../../../../arm-none-eabi/lib/thumb/v7e-m\libc.a(lib_a-mallocr.o)
                0x20400e48                __malloc_max_total_mem
 .bss.__malloc_top_pad
                0x20400e4c        0x4 c:/program files (x86)/atmel/studio/7.0/toolchain/arm/arm-gnu-toolchain/bin/../lib/gcc/arm-none-eabi/6.3.1/../../../../arm-none-eabi/lib/thumb/v7e-m\libc.a(lib_a-mallocr.o)
                0x20400e4c                __malloc_top_pad
 *(COMMON)
 COMMON         0x20400e50       0x10 src/main.o
                0x20400e50                g_ili9488_display_opt
 COMMON         0x20400e60       0x21 c:/program files (x86)/atmel/studio/7.0/toolchain/arm/arm-gnu-toolchain/bin/../lib/gcc/arm-none-eabi/6.3.1/../../../../arm-none-eabi/lib/thumb/v7e-m\libc.a(lib_a-lock.o)
                0x20400e60                __lock___atexit_recursive_mutex
                0x20400e64                __lock___arc4random_mutex
                0x20400e68                __lock___env_recursive_mutex
                0x20400e6c                __lock___sinit_recursive_mutex
                0x20400e70                __lock___malloc_recursive_mutex
                0x20400e74                __lock___at_quick_exit_mutex
                0x20400e78                __lock___dd_hash_mutex
                0x20400e7c                __lock___tz_mutex
                0x20400e80                __lock___sfp_recursive_mutex
 *fill*         0x20400e81        0x3 
 COMMON         0x20400e84        0x4 c:/program files (x86)/atmel/studio/7.0/toolchain/arm/arm-gnu-toolchain/bin/../lib/gcc/arm-none-eabi/6.3.1/../../../../arm-none-eabi/lib/thumb/v7e-m\libc.a(lib_a-reent.o)
                0x20400e84                errno
                0x20400e88                . = ALIGN (0x4)
                0x20400e88                _ebss = .
                0x20400e88                _ezero = .

.stack          0x20400e88     0x2000 load address 0x00435854
                0x20400e88                . = ALIGN (0x8)
                0x20400e88                _sstack = .
                0x20402e88                . = (. + STACK_SIZE)
 *fill*         0x20400e88     0x2000 
                0x20402e88                . = ALIGN (0x8)
                0x20402e88                _estack = .

.heap           0x20402e88      0x200 load address 0x00437854
                0x20402e88                . = ALIGN (0x8)
                0x20402e88                _sheap = .
                0x20403088                . = (. + HEAP_SIZE)
 *fill*         0x20402e88      0x200 
                0x20403088                . = ALIGN (0x8)
                0x20403088                _eheap = .
                0x20403088                . = ALIGN (0x4)
                0x20403088                _end = .
                0x2045ffff                _ram_end_ = ((ORIGIN (ram) + LENGTH (ram)) - 0x1)
OUTPUT(SAME70_FONTS.elf elf32-littlearm)

.ARM.attributes
                0x00000000       0x2e
 .ARM.attributes
                0x00000000       0x1e c:/program files (x86)/atmel/studio/7.0/toolchain/arm/arm-gnu-toolchain/bin/../lib/gcc/arm-none-eabi/6.3.1/thumb/v7e-m/crti.o
 .ARM.attributes
                0x0000001e       0x2e c:/program files (x86)/atmel/studio/7.0/toolchain/arm/arm-gnu-toolchain/bin/../lib/gcc/arm-none-eabi/6.3.1/thumb/v7e-m/crtbegin.o
 .ARM.attributes
                0x0000004c       0x37 src/ASF/sam/drivers/rtc/rtc.o
 .ARM.attributes
                0x00000083       0x37 src/main.o
 .ARM.attributes
                0x000000ba       0x37 src/ASF/common/services/spi/sam_spi/spi_master.o
 .ARM.attributes
                0x000000f1       0x37 src/ASF/sam/components/display/ili9488/ili9488.o
 .ARM.attributes
                0x00000128       0x37 src/ASF/sam/drivers/spi/spi.o
 .ARM.attributes
                0x0000015f       0x37 src/ASF/common/services/clock/same70/sysclk.o
 .ARM.attributes
                0x00000196       0x37 src/ASF/common/utils/interrupt/interrupt_sam_nvic.o
 .ARM.attributes
                0x000001cd       0x37 src/ASF/sam/boards/same70_xplained/init.o
 .ARM.attributes
                0x00000204       0x37 src/ASF/sam/drivers/pio/pio.o
 .ARM.attributes
                0x0000023b       0x37 src/ASF/sam/drivers/pio/pio_handler.o
 .ARM.attributes
                0x00000272       0x37 src/ASF/sam/drivers/pmc/pmc.o
 .ARM.attributes
                0x000002a9       0x37 src/ASF/sam/drivers/pmc/sleep.o
 .ARM.attributes
                0x000002e0       0x37 src/ASF/sam/utils/cmsis/same70/source/templates/gcc/startup_same70.o
 .ARM.attributes
                0x00000317       0x37 src/ASF/sam/utils/cmsis/same70/source/templates/system_same70.o
 .ARM.attributes
                0x0000034e       0x37 src/ASF/sam/utils/syscalls/gcc/syscalls.o
 .ARM.attributes
                0x00000385       0x2e c:/program files (x86)/atmel/studio/7.0/toolchain/arm/arm-gnu-toolchain/bin/../lib/gcc/arm-none-eabi/6.3.1/../../../../arm-none-eabi/lib/thumb/v7e-m\libc.a(lib_a-impure.o)
 .ARM.attributes
                0x000003b3       0x2e c:/program files (x86)/atmel/studio/7.0/toolchain/arm/arm-gnu-toolchain/bin/../lib/gcc/arm-none-eabi/6.3.1/../../../../arm-none-eabi/lib/thumb/v7e-m\libc.a(lib_a-init.o)
 .ARM.attributes
                0x000003e1       0x2e c:/program files (x86)/atmel/studio/7.0/toolchain/arm/arm-gnu-toolchain/bin/../lib/gcc/arm-none-eabi/6.3.1/../../../../arm-none-eabi/lib/thumb/v7e-m\libc.a(lib_a-memset.o)
 .ARM.attributes
                0x0000040f       0x2e c:/program files (x86)/atmel/studio/7.0/toolchain/arm/arm-gnu-toolchain/bin/../lib/gcc/arm-none-eabi/6.3.1/../../../../arm-none-eabi/lib/thumb/v7e-m\libc.a(lib_a-sprintf.o)
 .ARM.attributes
                0x0000043d       0x2e c:/program files (x86)/atmel/studio/7.0/toolchain/arm/arm-gnu-toolchain/bin/../lib/gcc/arm-none-eabi/6.3.1/../../../../arm-none-eabi/lib/thumb/v7e-m\libc.a(lib_a-svfprintf.o)
 .ARM.attributes
                0x0000046b       0x2e c:/program files (x86)/atmel/studio/7.0/toolchain/arm/arm-gnu-toolchain/bin/../lib/gcc/arm-none-eabi/6.3.1/../../../../arm-none-eabi/lib/thumb/v7e-m\libc.a(lib_a-__call_atexit.o)
 .ARM.attributes
                0x00000499       0x2e c:/program files (x86)/atmel/studio/7.0/toolchain/arm/arm-gnu-toolchain/bin/../lib/gcc/arm-none-eabi/6.3.1/../../../../arm-none-eabi/lib/thumb/v7e-m\libc.a(lib_a-atexit.o)
 .ARM.attributes
                0x000004c7       0x2e c:/program files (x86)/atmel/studio/7.0/toolchain/arm/arm-gnu-toolchain/bin/../lib/gcc/arm-none-eabi/6.3.1/../../../../arm-none-eabi/lib/thumb/v7e-m\libc.a(lib_a-dtoa.o)
 .ARM.attributes
                0x000004f5       0x2e c:/program files (x86)/atmel/studio/7.0/toolchain/arm/arm-gnu-toolchain/bin/../lib/gcc/arm-none-eabi/6.3.1/../../../../arm-none-eabi/lib/thumb/v7e-m\libc.a(lib_a-fini.o)
 .ARM.attributes
                0x00000523       0x2e c:/program files (x86)/atmel/studio/7.0/toolchain/arm/arm-gnu-toolchain/bin/../lib/gcc/arm-none-eabi/6.3.1/../../../../arm-none-eabi/lib/thumb/v7e-m\libc.a(lib_a-localeconv.o)
 .ARM.attributes
                0x00000551       0x2e c:/program files (x86)/atmel/studio/7.0/toolchain/arm/arm-gnu-toolchain/bin/../lib/gcc/arm-none-eabi/6.3.1/../../../../arm-none-eabi/lib/thumb/v7e-m\libc.a(lib_a-lock.o)
 .ARM.attributes
                0x0000057f       0x2e c:/program files (x86)/atmel/studio/7.0/toolchain/arm/arm-gnu-toolchain/bin/../lib/gcc/arm-none-eabi/6.3.1/../../../../arm-none-eabi/lib/thumb/v7e-m\libc.a(lib_a-mallocr.o)
 .ARM.attributes
                0x000005ad       0x1c c:/program files (x86)/atmel/studio/7.0/toolchain/arm/arm-gnu-toolchain/bin/../lib/gcc/arm-none-eabi/6.3.1/../../../../arm-none-eabi/lib/thumb/v7e-m\libc.a(lib_a-memchr.o)
 .ARM.attributes
                0x000005c9       0x1c c:/program files (x86)/atmel/studio/7.0/toolchain/arm/arm-gnu-toolchain/bin/../lib/gcc/arm-none-eabi/6.3.1/../../../../arm-none-eabi/lib/thumb/v7e-m\libc.a(lib_a-memcpy.o)
 .ARM.attributes
                0x000005e5       0x2e c:/program files (x86)/atmel/studio/7.0/toolchain/arm/arm-gnu-toolchain/bin/../lib/gcc/arm-none-eabi/6.3.1/../../../../arm-none-eabi/lib/thumb/v7e-m\libc.a(lib_a-mlock.o)
 .ARM.attributes
                0x00000613       0x2e c:/program files (x86)/atmel/studio/7.0/toolchain/arm/arm-gnu-toolchain/bin/../lib/gcc/arm-none-eabi/6.3.1/../../../../arm-none-eabi/lib/thumb/v7e-m\libc.a(lib_a-mprec.o)
 .ARM.attributes
                0x00000641       0x2e c:/program files (x86)/atmel/studio/7.0/toolchain/arm/arm-gnu-toolchain/bin/../lib/gcc/arm-none-eabi/6.3.1/../../../../arm-none-eabi/lib/thumb/v7e-m\libc.a(lib_a-sbrkr.o)
 .ARM.attributes
                0x0000066f       0x1c c:/program files (x86)/atmel/studio/7.0/toolchain/arm/arm-gnu-toolchain/bin/../lib/gcc/arm-none-eabi/6.3.1/../../../../arm-none-eabi/lib/thumb/v7e-m\libc.a(lib_a-strlen.o)
 .ARM.attributes
                0x0000068b       0x2e c:/program files (x86)/atmel/studio/7.0/toolchain/arm/arm-gnu-toolchain/bin/../lib/gcc/arm-none-eabi/6.3.1/../../../../arm-none-eabi/lib/thumb/v7e-m\libc.a(lib_a-svfiprintf.o)
 .ARM.attributes
                0x000006b9       0x2e c:/program files (x86)/atmel/studio/7.0/toolchain/arm/arm-gnu-toolchain/bin/../lib/gcc/arm-none-eabi/6.3.1/../../../../arm-none-eabi/lib/thumb/v7e-m\libc.a(lib_a-__atexit.o)
 .ARM.attributes
                0x000006e7       0x2e c:/program files (x86)/atmel/studio/7.0/toolchain/arm/arm-gnu-toolchain/bin/../lib/gcc/arm-none-eabi/6.3.1/../../../../arm-none-eabi/lib/thumb/v7e-m\libc.a(lib_a-callocr.o)
 .ARM.attributes
                0x00000715       0x2e c:/program files (x86)/atmel/studio/7.0/toolchain/arm/arm-gnu-toolchain/bin/../lib/gcc/arm-none-eabi/6.3.1/../../../../arm-none-eabi/lib/thumb/v7e-m\libc.a(lib_a-freer.o)
 .ARM.attributes
                0x00000743       0x2e c:/program files (x86)/atmel/studio/7.0/toolchain/arm/arm-gnu-toolchain/bin/../lib/gcc/arm-none-eabi/6.3.1/../../../../arm-none-eabi/lib/thumb/v7e-m\libc.a(lib_a-locale.o)
 .ARM.attributes
                0x00000771       0x2e c:/program files (x86)/atmel/studio/7.0/toolchain/arm/arm-gnu-toolchain/bin/../lib/gcc/arm-none-eabi/6.3.1/../../../../arm-none-eabi/lib/thumb/v7e-m\libc.a(lib_a-mbtowc_r.o)
 .ARM.attributes
                0x0000079f       0x2e c:/program files (x86)/atmel/studio/7.0/toolchain/arm/arm-gnu-toolchain/bin/../lib/gcc/arm-none-eabi/6.3.1/../../../../arm-none-eabi/lib/thumb/v7e-m\libc.a(lib_a-memmove.o)
 .ARM.attributes
                0x000007cd       0x2e c:/program files (x86)/atmel/studio/7.0/toolchain/arm/arm-gnu-toolchain/bin/../lib/gcc/arm-none-eabi/6.3.1/../../../../arm-none-eabi/lib/thumb/v7e-m\libc.a(lib_a-reallocr.o)
 .ARM.attributes
                0x000007fb       0x2e c:/program files (x86)/atmel/studio/7.0/toolchain/arm/arm-gnu-toolchain/bin/../lib/gcc/arm-none-eabi/6.3.1/../../../../arm-none-eabi/lib/thumb/v7e-m\libc.a(lib_a-reent.o)
 .ARM.attributes
                0x00000829       0x2e c:/program files (x86)/atmel/studio/7.0/toolchain/arm/arm-gnu-toolchain/bin/../lib/gcc/arm-none-eabi/6.3.1/../../../../arm-none-eabi/lib/thumb/v7e-m\libc.a(lib_a-wctomb_r.o)
 .ARM.attributes
                0x00000857       0x2e c:/program files (x86)/atmel/studio/7.0/toolchain/arm/arm-gnu-toolchain/bin/../lib/gcc/arm-none-eabi/6.3.1/../../../../arm-none-eabi/lib/thumb/v7e-m\libc.a(lib_a-ctype_.o)
 .ARM.attributes
                0x00000885       0x1e c:/program files (x86)/atmel/studio/7.0/toolchain/arm/arm-gnu-toolchain/bin/../lib/gcc/arm-none-eabi/6.3.1/thumb/v7e-m\libgcc.a(_arm_addsubdf3.o)
 .ARM.attributes
                0x000008a3       0x1e c:/program files (x86)/atmel/studio/7.0/toolchain/arm/arm-gnu-toolchain/bin/../lib/gcc/arm-none-eabi/6.3.1/thumb/v7e-m\libgcc.a(_arm_muldivdf3.o)
 .ARM.attributes
                0x000008c1       0x1e c:/program files (x86)/atmel/studio/7.0/toolchain/arm/arm-gnu-toolchain/bin/../lib/gcc/arm-none-eabi/6.3.1/thumb/v7e-m\libgcc.a(_arm_cmpdf2.o)
 .ARM.attributes
                0x000008df       0x1e c:/program files (x86)/atmel/studio/7.0/toolchain/arm/arm-gnu-toolchain/bin/../lib/gcc/arm-none-eabi/6.3.1/thumb/v7e-m\libgcc.a(_arm_unorddf2.o)
 .ARM.attributes
                0x000008fd       0x1e c:/program files (x86)/atmel/studio/7.0/toolchain/arm/arm-gnu-toolchain/bin/../lib/gcc/arm-none-eabi/6.3.1/thumb/v7e-m\libgcc.a(_arm_fixdfsi.o)
 .ARM.attributes
                0x0000091b       0x1e c:/program files (x86)/atmel/studio/7.0/toolchain/arm/arm-gnu-toolchain/bin/../lib/gcc/arm-none-eabi/6.3.1/thumb/v7e-m\libgcc.a(_aeabi_uldivmod.o)
 .ARM.attributes
                0x00000939       0x2e c:/program files (x86)/atmel/studio/7.0/toolchain/arm/arm-gnu-toolchain/bin/../lib/gcc/arm-none-eabi/6.3.1/thumb/v7e-m\libgcc.a(_udivmoddi4.o)
 .ARM.attributes
                0x00000967       0x1e c:/program files (x86)/atmel/studio/7.0/toolchain/arm/arm-gnu-toolchain/bin/../lib/gcc/arm-none-eabi/6.3.1/thumb/v7e-m\libgcc.a(_dvmd_tls.o)
 .ARM.attributes
                0x00000985       0x1e c:/program files (x86)/atmel/studio/7.0/toolchain/arm/arm-gnu-toolchain/bin/../lib/gcc/arm-none-eabi/6.3.1/thumb/v7e-m/crtn.o

.comment        0x00000000       0x59
 .comment       0x00000000       0x59 src/ASF/sam/drivers/rtc/rtc.o
                                 0x5a (size before relaxing)
 .comment       0x00000059       0x5a src/main.o
 .comment       0x00000059       0x5a src/ASF/common/services/spi/sam_spi/spi_master.o
 .comment       0x00000059       0x5a src/ASF/sam/components/display/ili9488/ili9488.o
 .comment       0x00000059       0x5a src/ASF/sam/drivers/spi/spi.o
 .comment       0x00000059       0x5a src/ASF/common/services/clock/same70/sysclk.o
 .comment       0x00000059       0x5a src/ASF/common/utils/interrupt/interrupt_sam_nvic.o
 .comment       0x00000059       0x5a src/ASF/sam/boards/same70_xplained/init.o
 .comment       0x00000059       0x5a src/ASF/sam/drivers/pio/pio.o
 .comment       0x00000059       0x5a src/ASF/sam/drivers/pio/pio_handler.o
 .comment       0x00000059       0x5a src/ASF/sam/drivers/pmc/pmc.o
 .comment       0x00000059       0x5a src/ASF/sam/drivers/pmc/sleep.o
 .comment       0x00000059       0x5a src/ASF/sam/utils/cmsis/same70/source/templates/gcc/startup_same70.o
 .comment       0x00000059       0x5a src/ASF/sam/utils/cmsis/same70/source/templates/system_same70.o
 .comment       0x00000059       0x5a src/ASF/sam/utils/syscalls/gcc/syscalls.o

.debug_info     0x00000000    0x15e98
 .debug_info    0x00000000     0x1158 src/ASF/sam/drivers/rtc/rtc.o
 .debug_info    0x00001158     0x32ca src/main.o
 .debug_info    0x00004422     0x143e src/ASF/common/services/spi/sam_spi/spi_master.o
 .debug_info    0x00005860     0x208c src/ASF/sam/components/display/ili9488/ili9488.o
 .debug_info    0x000078ec     0x1123 src/ASF/sam/drivers/spi/spi.o
 .debug_info    0x00008a0f     0x1311 src/ASF/common/services/clock/same70/sysclk.o
 .debug_info    0x00009d20      0xb06 src/ASF/common/utils/interrupt/interrupt_sam_nvic.o
 .debug_info    0x0000a826     0x1fcd src/ASF/sam/boards/same70_xplained/init.o
 .debug_info    0x0000c7f3     0x1ce3 src/ASF/sam/drivers/pio/pio.o
 .debug_info    0x0000e4d6     0x1a74 src/ASF/sam/drivers/pio/pio_handler.o
 .debug_info    0x0000ff4a     0x1eed src/ASF/sam/drivers/pmc/pmc.o
 .debug_info    0x00011e37     0x16bf src/ASF/sam/drivers/pmc/sleep.o
 .debug_info    0x000134f6     0x1612 src/ASF/sam/utils/cmsis/same70/source/templates/gcc/startup_same70.o
 .debug_info    0x00014b08      0x5d4 src/ASF/sam/utils/cmsis/same70/source/templates/system_same70.o
 .debug_info    0x000150dc      0xdbc src/ASF/sam/utils/syscalls/gcc/syscalls.o

.debug_abbrev   0x00000000     0x27ca
 .debug_abbrev  0x00000000      0x257 src/ASF/sam/drivers/rtc/rtc.o
 .debug_abbrev  0x00000257      0x329 src/main.o
 .debug_abbrev  0x00000580      0x305 src/ASF/common/services/spi/sam_spi/spi_master.o
 .debug_abbrev  0x00000885      0x2f4 src/ASF/sam/components/display/ili9488/ili9488.o
 .debug_abbrev  0x00000b79      0x2cf src/ASF/sam/drivers/spi/spi.o
 .debug_abbrev  0x00000e48      0x296 src/ASF/common/services/clock/same70/sysclk.o
 .debug_abbrev  0x000010de      0x214 src/ASF/common/utils/interrupt/interrupt_sam_nvic.o
 .debug_abbrev  0x000012f2      0x3b8 src/ASF/sam/boards/same70_xplained/init.o
 .debug_abbrev  0x000016aa      0x296 src/ASF/sam/drivers/pio/pio.o
 .debug_abbrev  0x00001940      0x2c9 src/ASF/sam/drivers/pio/pio_handler.o
 .debug_abbrev  0x00001c09      0x2ce src/ASF/sam/drivers/pmc/pmc.o
 .debug_abbrev  0x00001ed7      0x2df src/ASF/sam/drivers/pmc/sleep.o
 .debug_abbrev  0x000021b6      0x2e8 src/ASF/sam/utils/cmsis/same70/source/templates/gcc/startup_same70.o
 .debug_abbrev  0x0000249e      0x102 src/ASF/sam/utils/cmsis/same70/source/templates/system_same70.o
 .debug_abbrev  0x000025a0      0x22a src/ASF/sam/utils/syscalls/gcc/syscalls.o

.debug_loc      0x00000000     0x60b3
 .debug_loc     0x00000000      0x730 src/ASF/sam/drivers/rtc/rtc.o
 .debug_loc     0x00000730      0x391 src/main.o
 .debug_loc     0x00000ac1      0x830 src/ASF/common/services/spi/sam_spi/spi_master.o
 .debug_loc     0x000012f1      0xd20 src/ASF/sam/components/display/ili9488/ili9488.o
 .debug_loc     0x00002011      0x630 src/ASF/sam/drivers/spi/spi.o
 .debug_loc     0x00002641      0x4a0 src/ASF/common/services/clock/same70/sysclk.o
 .debug_loc     0x00002ae1       0xa0 src/ASF/common/utils/interrupt/interrupt_sam_nvic.o
 .debug_loc     0x00002b81      0x2b8 src/ASF/sam/boards/same70_xplained/init.o
 .debug_loc     0x00002e39     0x1174 src/ASF/sam/drivers/pio/pio.o
 .debug_loc     0x00003fad      0x38c src/ASF/sam/drivers/pio/pio_handler.o
 .debug_loc     0x00004339     0x1744 src/ASF/sam/drivers/pmc/pmc.o
 .debug_loc     0x00005a7d       0xe6 src/ASF/sam/drivers/pmc/sleep.o
 .debug_loc     0x00005b63      0x16c src/ASF/sam/utils/cmsis/same70/source/templates/gcc/startup_same70.o
 .debug_loc     0x00005ccf       0xe4 src/ASF/sam/utils/cmsis/same70/source/templates/system_same70.o
 .debug_loc     0x00005db3      0x300 src/ASF/sam/utils/syscalls/gcc/syscalls.o

.debug_aranges  0x00000000      0xab8
 .debug_aranges
                0x00000000       0xb8 src/ASF/sam/drivers/rtc/rtc.o
 .debug_aranges
                0x000000b8       0x78 src/main.o
 .debug_aranges
                0x00000130       0xe0 src/ASF/common/services/spi/sam_spi/spi_master.o
 .debug_aranges
                0x00000210      0x168 src/ASF/sam/components/display/ili9488/ili9488.o
 .debug_aranges
                0x00000378       0xa8 src/ASF/sam/drivers/spi/spi.o
 .debug_aranges
                0x00000420       0x98 src/ASF/common/services/clock/same70/sysclk.o
 .debug_aranges
                0x000004b8       0x28 src/ASF/common/utils/interrupt/interrupt_sam_nvic.o
 .debug_aranges
                0x000004e0       0x60 src/ASF/sam/boards/same70_xplained/init.o
 .debug_aranges
                0x00000540      0x1a8 src/ASF/sam/drivers/pio/pio.o
 .debug_aranges
                0x000006e8       0x80 src/ASF/sam/drivers/pio/pio_handler.o
 .debug_aranges
                0x00000768      0x250 src/ASF/sam/drivers/pmc/pmc.o
 .debug_aranges
                0x000009b8       0x30 src/ASF/sam/drivers/pmc/sleep.o
 .debug_aranges
                0x000009e8       0x40 src/ASF/sam/utils/cmsis/same70/source/templates/gcc/startup_same70.o
 .debug_aranges
                0x00000a28       0x30 src/ASF/sam/utils/cmsis/same70/source/templates/system_same70.o
 .debug_aranges
                0x00000a58       0x60 src/ASF/sam/utils/syscalls/gcc/syscalls.o

.debug_ranges   0x00000000      0xa40
 .debug_ranges  0x00000000       0xa8 src/ASF/sam/drivers/rtc/rtc.o
 .debug_ranges  0x000000a8       0x68 src/main.o
 .debug_ranges  0x00000110       0xd0 src/ASF/common/services/spi/sam_spi/spi_master.o
 .debug_ranges  0x000001e0      0x158 src/ASF/sam/components/display/ili9488/ili9488.o
 .debug_ranges  0x00000338       0x98 src/ASF/sam/drivers/spi/spi.o
 .debug_ranges  0x000003d0       0x88 src/ASF/common/services/clock/same70/sysclk.o
 .debug_ranges  0x00000458       0x18 src/ASF/common/utils/interrupt/interrupt_sam_nvic.o
 .debug_ranges  0x00000470       0xc8 src/ASF/sam/boards/same70_xplained/init.o
 .debug_ranges  0x00000538      0x198 src/ASF/sam/drivers/pio/pio.o
 .debug_ranges  0x000006d0       0x70 src/ASF/sam/drivers/pio/pio_handler.o
 .debug_ranges  0x00000740      0x240 src/ASF/sam/drivers/pmc/pmc.o
 .debug_ranges  0x00000980       0x20 src/ASF/sam/drivers/pmc/sleep.o
 .debug_ranges  0x000009a0       0x30 src/ASF/sam/utils/cmsis/same70/source/templates/gcc/startup_same70.o
 .debug_ranges  0x000009d0       0x20 src/ASF/sam/utils/cmsis/same70/source/templates/system_same70.o
 .debug_ranges  0x000009f0       0x50 src/ASF/sam/utils/syscalls/gcc/syscalls.o

.debug_macro    0x00000000     0x807b
 .debug_macro   0x00000000      0x699 src/ASF/sam/drivers/rtc/rtc.o
 .debug_macro   0x00000699      0x8ab src/main.o
 .debug_macro   0x00000f44       0x3a src/main.o
 .debug_macro   0x00000f7e      0x2c3 src/main.o
 .debug_macro   0x00001241      0xa91 src/main.o
 .debug_macro   0x00001cd2       0x70 src/main.o
 .debug_macro   0x00001d42       0x64 src/main.o
 .debug_macro   0x00001da6       0x5f src/main.o
 .debug_macro   0x00001e05       0xac src/main.o
 .debug_macro   0x00001eb1       0x28 src/main.o
 .debug_macro   0x00001ed9       0x22 src/main.o
 .debug_macro   0x00001efb       0x16 src/main.o
 .debug_macro   0x00001f11      0x41e src/main.o
 .debug_macro   0x0000232f       0x94 src/main.o
 .debug_macro   0x000023c3       0x40 src/main.o
 .debug_macro   0x00002403       0x88 src/main.o
 .debug_macro   0x0000248b      0x1c8 src/main.o
 .debug_macro   0x00002653       0x16 src/main.o
 .debug_macro   0x00002669       0x1c src/main.o
 .debug_macro   0x00002685       0x16 src/main.o
 .debug_macro   0x0000269b       0x28 src/main.o
 .debug_macro   0x000026c3       0x2e src/main.o
 .debug_macro   0x000026f1      0x733 src/ASF/common/services/spi/sam_spi/spi_master.o
 .debug_macro   0x00002e24      0x772 src/ASF/sam/components/display/ili9488/ili9488.o
 .debug_macro   0x00003596       0x16 src/ASF/sam/components/display/ili9488/ili9488.o
 .debug_macro   0x000035ac      0x6fb src/ASF/sam/drivers/spi/spi.o
 .debug_macro   0x00003ca7       0x10 src/ASF/sam/drivers/spi/spi.o
 .debug_macro   0x00003cb7      0x6f2 src/ASF/common/services/clock/same70/sysclk.o
 .debug_macro   0x000043a9      0x2bd src/ASF/common/services/clock/same70/sysclk.o
 .debug_macro   0x00004666      0x676 src/ASF/common/utils/interrupt/interrupt_sam_nvic.o
 .debug_macro   0x00004cdc      0x72e src/ASF/sam/boards/same70_xplained/init.o
 .debug_macro   0x0000540a       0x5e src/ASF/sam/boards/same70_xplained/init.o
 .debug_macro   0x00005468       0x82 src/ASF/sam/boards/same70_xplained/init.o
 .debug_macro   0x000054ea      0x68c src/ASF/sam/drivers/pio/pio.o
 .debug_macro   0x00005b76       0x8e src/ASF/sam/drivers/pio/pio.o
 .debug_macro   0x00005c04      0x697 src/ASF/sam/drivers/pio/pio_handler.o
 .debug_macro   0x0000629b      0x68c src/ASF/sam/drivers/pmc/pmc.o
 .debug_macro   0x00006927       0x6a src/ASF/sam/drivers/pmc/pmc.o
 .debug_macro   0x00006991      0x6a6 src/ASF/sam/drivers/pmc/sleep.o
 .debug_macro   0x00007037      0x685 src/ASF/sam/utils/cmsis/same70/source/templates/gcc/startup_same70.o
 .debug_macro   0x000076bc       0x10 src/ASF/sam/utils/cmsis/same70/source/templates/gcc/startup_same70.o