Archive member included to satisfy reference by file (symbol)

c:/program files (x86)/atmel/studio/7.0/toolchain/arm/arm-gnu-toolchain/bin/../lib/gcc/arm-none-eabi/6.3.1/thumb/v7e-m\libgcc.a(_arm_addsubdf3.o)
                              src/main.o (__aeabi_i2d)
c:/program files (x86)/atmel/studio/7.0/toolchain/arm/arm-gnu-toolchain/bin/../lib/gcc/arm-none-eabi/6.3.1/thumb/v7e-m\libgcc.a(_arm_muldivdf3.o)
                              src/main.o (__aeabi_dmul)
c:/program files (x86)/atmel/studio/7.0/toolchain/arm/arm-gnu-toolchain/bin/../lib/gcc/arm-none-eabi/6.3.1/thumb/v7e-m\libgcc.a(_arm_truncdfsf2.o)
                              src/main.o (__aeabi_d2f)
c:/program files (x86)/atmel/studio/7.0/toolchain/arm/arm-gnu-toolchain/bin/../lib/gcc/arm-none-eabi/6.3.1/../../../../arm-none-eabi/lib/thumb/v7e-m\libc.a(lib_a-exit.o)
                              c:/program files (x86)/atmel/studio/7.0/toolchain/arm/arm-gnu-toolchain/bin/../lib/gcc/arm-none-eabi/6.3.1/../../../../arm-none-eabi/lib/thumb/v7e-m/crt0.o (exit)
c:/program files (x86)/atmel/studio/7.0/toolchain/arm/arm-gnu-toolchain/bin/../lib/gcc/arm-none-eabi/6.3.1/../../../../arm-none-eabi/lib/thumb/v7e-m\libc.a(lib_a-impure.o)
                              c:/program files (x86)/atmel/studio/7.0/toolchain/arm/arm-gnu-toolchain/bin/../lib/gcc/arm-none-eabi/6.3.1/../../../../arm-none-eabi/lib/thumb/v7e-m\libc.a(lib_a-exit.o) (_global_impure_ptr)
c:/program files (x86)/atmel/studio/7.0/toolchain/arm/arm-gnu-toolchain/bin/../lib/gcc/arm-none-eabi/6.3.1/../../../../arm-none-eabi/lib/thumb/v7e-m\libc.a(lib_a-init.o)
                              c:/program files (x86)/atmel/studio/7.0/toolchain/arm/arm-gnu-toolchain/bin/../lib/gcc/arm-none-eabi/6.3.1/../../../../arm-none-eabi/lib/thumb/v7e-m/crt0.o (__libc_init_array)
c:/program files (x86)/atmel/studio/7.0/toolchain/arm/arm-gnu-toolchain/bin/../lib/gcc/arm-none-eabi/6.3.1/../../../../arm-none-eabi/lib/thumb/v7e-m\libc.a(lib_a-memset.o)
                              c:/program files (x86)/atmel/studio/7.0/toolchain/arm/arm-gnu-toolchain/bin/../lib/gcc/arm-none-eabi/6.3.1/../../../../arm-none-eabi/lib/thumb/v7e-m/crt0.o (memset)
c:/program files (x86)/atmel/studio/7.0/toolchain/arm/arm-gnu-toolchain/bin/../lib/gcc/arm-none-eabi/6.3.1/../../../../arm-none-eabi/lib/thumb/v7e-m\libc.a(lib_a-sprintf.o)
                              src/main.o (sprintf)
c:/program files (x86)/atmel/studio/7.0/toolchain/arm/arm-gnu-toolchain/bin/../lib/gcc/arm-none-eabi/6.3.1/../../../../arm-none-eabi/lib/thumb/v7e-m\libc.a(lib_a-svfprintf.o)
                              c:/program files (x86)/atmel/studio/7.0/toolchain/arm/arm-gnu-toolchain/bin/../lib/gcc/arm-none-eabi/6.3.1/../../../../arm-none-eabi/lib/thumb/v7e-m\libc.a(lib_a-sprintf.o) (_svfprintf_r)
c:/program files (x86)/atmel/studio/7.0/toolchain/arm/arm-gnu-toolchain/bin/../lib/gcc/arm-none-eabi/6.3.1/../../../../arm-none-eabi/lib/thumb/v7e-m\libc.a(lib_a-__call_atexit.o)
                              c:/program files (x86)/atmel/studio/7.0/toolchain/arm/arm-gnu-toolchain/bin/../lib/gcc/arm-none-eabi/6.3.1/../../../../arm-none-eabi/lib/thumb/v7e-m\libc.a(lib_a-exit.o) (__call_exitprocs)
c:/program files (x86)/atmel/studio/7.0/toolchain/arm/arm-gnu-toolchain/bin/../lib/gcc/arm-none-eabi/6.3.1/../../../../arm-none-eabi/lib/thumb/v7e-m\libc.a(lib_a-atexit.o)
                              c:/program files (x86)/atmel/studio/7.0/toolchain/arm/arm-gnu-toolchain/bin/../lib/gcc/arm-none-eabi/6.3.1/../../../../arm-none-eabi/lib/thumb/v7e-m\libc.a(lib_a-__call_atexit.o) (atexit)
c:/program files (x86)/atmel/studio/7.0/toolchain/arm/arm-gnu-toolchain/bin/../lib/gcc/arm-none-eabi/6.3.1/../../../../arm-none-eabi/lib/thumb/v7e-m\libc.a(lib_a-dtoa.o)
                              c:/program files (x86)/atmel/studio/7.0/toolchain/arm/arm-gnu-toolchain/bin/../lib/gcc/arm-none-eabi/6.3.1/../../../../arm-none-eabi/lib/thumb/v7e-m\libc.a(lib_a-svfprintf.o) (_dtoa_r)
c:/program files (x86)/atmel/studio/7.0/toolchain/arm/arm-gnu-toolchain/bin/../lib/gcc/arm-none-eabi/6.3.1/../../../../arm-none-eabi/lib/thumb/v7e-m\libc.a(lib_a-fini.o)
                              c:/program files (x86)/atmel/studio/7.0/toolchain/arm/arm-gnu-toolchain/bin/../lib/gcc/arm-none-eabi/6.3.1/../../../../arm-none-eabi/lib/thumb/v7e-m\libc.a(lib_a-__call_atexit.o) (__libc_fini_array)
c:/program files (x86)/atmel/studio/7.0/toolchain/arm/arm-gnu-toolchain/bin/../lib/gcc/arm-none-eabi/6.3.1/../../../../arm-none-eabi/lib/thumb/v7e-m\libc.a(lib_a-localeconv.o)
                              c:/program files (x86)/atmel/studio/7.0/toolchain/arm/arm-gnu-toolchain/bin/../lib/gcc/arm-none-eabi/6.3.1/../../../../arm-none-eabi/lib/thumb/v7e-m\libc.a(lib_a-svfprintf.o) (_localeconv_r)
c:/program files (x86)/atmel/studio/7.0/toolchain/arm/arm-gnu-toolchain/bin/../lib/gcc/arm-none-eabi/6.3.1/../../../../arm-none-eabi/lib/thumb/v7e-m\libc.a(lib_a-lock.o)
[...]
Memory Configuration

Name             Origin             Length             Attributes
rom              0x00400000         0x00200000         xr
ram              0x20400000         0x00060000         xrw
*default*        0x00000000         0xffffffff

Linker script and memory map

LOAD c:/program files (x86)/atmel/studio/7.0/toolchain/arm/arm-gnu-toolchain/bin/../lib/gcc/arm-none-eabi/6.3.1/thumb/v7e-m/crti.o
LOAD c:/program files (x86)/atmel/studio/7.0/toolchain/arm/arm-gnu-toolchain/bin/../lib/gcc/arm-none-eabi/6.3.1/thumb/v7e-m/crtbegin.o
LOAD c:/program files (x86)/atmel/studio/7.0/toolchain/arm/arm-gnu-toolchain/bin/../lib/gcc/arm-none-eabi/6.3.1/../../../../arm-none-eabi/lib/thumb/v7e-m/crt0.o
LOAD src/ASF/common/services/sleepmgr/sam/sleepmgr.o
LOAD src/ASF/sam/drivers/acc/acc.o
LOAD src/ASF/sam/drivers/rtc/rtc.o
LOAD src/ASF/sam/drivers/rtt/rtt.o
LOAD src/ASF/sam/drivers/tc/tc.o
LOAD src/main.o
LOAD src/ASF/common/services/delay/sam/cycle_counter.o
LOAD src/ASF/common/services/spi/sam_spi/spi_master.o
LOAD src/ASF/sam/components/display/ili9488/ili9488.o
LOAD src/ASF/sam/drivers/spi/spi.o
LOAD src/ASF/common/services/clock/same70/sysclk.o
LOAD src/ASF/common/utils/interrupt/interrupt_sam_nvic.o
LOAD src/ASF/sam/boards/same70_xplained/init.o
LOAD src/ASF/sam/drivers/mpu/mpu.o
LOAD src/ASF/sam/drivers/pio/pio.o
LOAD src/ASF/sam/drivers/pio/pio_handler.o
LOAD src/ASF/sam/drivers/pmc/pmc.o
LOAD src/ASF/sam/drivers/pmc/sleep.o
LOAD src/ASF/sam/utils/cmsis/same70/source/templates/gcc/startup_same70.o
LOAD src/ASF/sam/utils/cmsis/same70/source/templates/system_same70.o
LOAD src/ASF/sam/utils/syscalls/gcc/syscalls.o
START GROUP
LOAD ../src/ASF/thirdparty/CMSIS/Lib/GCC\libarm_cortexM7lfsp_math_softfp.a
LOAD c:/program files (x86)/atmel/studio/7.0/toolchain/arm/arm-gnu-toolchain/bin/../lib/gcc/arm-none-eabi/6.3.1/../../../../arm-none-eabi/lib/thumb/v7e-m\libm.a
END GROUP
START GROUP
LOAD c:/program files (x86)/atmel/studio/7.0/toolchain/arm/arm-gnu-toolchain/bin/../lib/gcc/arm-none-eabi/6.3.1/thumb/v7e-m\libgcc.a
LOAD c:/program files (x86)/atmel/studio/7.0/toolchain/arm/arm-gnu-toolchain/bin/../lib/gcc/arm-none-eabi/6.3.1/../../../../arm-none-eabi/lib/thumb/v7e-m\libc.a
END GROUP
LOAD c:/program files (x86)/atmel/studio/7.0/toolchain/arm/arm-gnu-toolchain/bin/../lib/gcc/arm-none-eabi/6.3.1/thumb/v7e-m/crtend.o
LOAD c:/program files (x86)/atmel/studio/7.0/toolchain/arm/arm-gnu-toolchain/bin/../lib/gcc/arm-none-eabi/6.3.1/thumb/v7e-m/crtn.o
                0x00002000                STACK_SIZE = DEFINED (STACK_SIZE)?STACK_SIZE:0x2000
                0x2045fffc                __ram_end__ = ((ORIGIN (ram) + LENGTH (ram)) - 0x4)
                0x00000200                HEAP_SIZE = DEFINED (HEAP_SIZE)?HEAP_SIZE:0x200

.text           0x00400000    0x34eb4
                0x00400000                . = ALIGN (0x4)
                0x00400000                _sfixed = .
 *(.vectors .vectors.*)
 .vectors       0x00400000      0x168 src/ASF/sam/utils/cmsis/same70/source/templates/gcc/startup_same70.o
                0x00400000                exception_table
 *(.text .text.* .gnu.linkonce.t.*)
 .text          0x00400168       0x6c c:/program files (x86)/atmel/studio/7.0/toolchain/arm/arm-gnu-toolchain/bin/../lib/gcc/arm-none-eabi/6.3.1/thumb/v7e-m/crtbegin.o
 .text.rtc_set_hour_mode
                0x004001d4       0x36 src/ASF/sam/drivers/rtc/rtc.o
                0x004001d4                rtc_set_hour_mode
 .text.rtc_enable_interrupt
                0x0040020a       0x1c src/ASF/sam/drivers/rtc/rtc.o
                0x0040020a                rtc_enable_interrupt
 *fill*         0x00400226        0x2 
 .text.rtc_set_time
                0x00400228      0x108 src/ASF/sam/drivers/rtc/rtc.o
                0x00400228                rtc_set_time
 .text.rtc_set_date
                0x00400330      0x140 src/ASF/sam/drivers/rtc/rtc.o
                0x00400330                rtc_set_date
 .text.rtt_init
                0x00400470       0x30 src/ASF/sam/drivers/rtt/rtt.o
                0x00400470                rtt_init
 .text.rtt_sel_source
                0x004004a0       0x58 src/ASF/sam/drivers/rtt/rtt.o
                0x004004a0                rtt_sel_source
 .text.rtt_enable_interrupt
                0x004004f8       0x38 src/ASF/sam/drivers/rtt/rtt.o
                0x004004f8                rtt_enable_interrupt
 .text.rtt_disable_interrupt
                0x00400530       0x40 src/ASF/sam/drivers/rtt/rtt.o
                0x00400530                rtt_disable_interrupt
 .text.rtt_read_timer_value
                0x00400570       0x2e src/ASF/sam/drivers/rtt/rtt.o
                0x00400570                rtt_read_timer_value
 .text.rtt_get_status
                0x0040059e       0x18 src/ASF/sam/drivers/rtt/rtt.o
                0x0040059e                rtt_get_status
 *fill*         0x004005b6        0x2 
 .text.rtt_write_alarm_time
                0x004005b8       0x5c src/ASF/sam/drivers/rtt/rtt.o
                0x004005b8                rtt_write_alarm_time
 .text.NVIC_EnableIRQ
                0x00400614       0x34 src/main.o
 .text.NVIC_DisableIRQ
                0x00400648       0x34 src/main.o
 .text.NVIC_ClearPendingIRQ
                0x0040067c       0x34 src/main.o
 .text.NVIC_SetPriority
                0x004006b0       0x54 src/main.o
 .text.configure_lcd
                0x00400704       0x4c src/main.o
                0x00400704                configure_lcd
 .text.font_draw_text
                0x00400750       0x88 src/main.o
                0x00400750                font_draw_text
 .text.BUT1_Handler
                0x004007d8        0xe src/main.o
                0x004007d8                BUT1_Handler
 .text.BUT2_Handler
                0x004007e6        0xe src/main.o
                0x004007e6                BUT2_Handler
 .text.BUT3_Handler
                0x004007f4       0x34 src/main.o
                0x004007f4                BUT3_Handler
 .text.RTT_Handler
                0x00400828       0x34 src/main.o
                0x00400828                RTT_Handler
 .text.But_init
                0x0040085c      0x11c src/main.o
                0x0040085c                But_init
 .text.RTC_init
                0x00400978       0x84 src/main.o
                0x00400978                RTC_init
 .text.RTT_init
                0x004009fc       0x98 src/main.o
 *fill*         0x00400a94        0x4 
 .text.main     0x00400a98      0x2d0 src/main.o
                0x00400a98                main
 .text.osc_get_rate
                0x00400d68       0x74 src/ASF/common/services/spi/sam_spi/spi_master.o
 .text.sysclk_get_main_hz
                0x00400ddc       0x20 src/ASF/common/services/spi/sam_spi/spi_master.o
 .text.sysclk_get_peripheral_hz
                0x00400dfc       0x14 src/ASF/common/services/spi/sam_spi/spi_master.o
 .text.spi_reset
                0x00400e10       0x1a src/ASF/common/services/spi/sam_spi/spi_master.o
 .text.spi_set_master_mode
                0x00400e2a       0x20 src/ASF/common/services/spi/sam_spi/spi_master.o
 .text.spi_set_fixed_peripheral_select
                0x00400e4a       0x20 src/ASF/common/services/spi/sam_spi/spi_master.o
 .text.spi_disable_peripheral_select_decode
                0x00400e6a       0x20 src/ASF/common/services/spi/sam_spi/spi_master.o
 .text.spi_get_peripheral_select_decode_setting
                0x00400e8a       0x26 src/ASF/common/services/spi/sam_spi/spi_master.o
 .text.spi_disable_mode_fault_detect
                0x00400eb0       0x20 src/ASF/common/services/spi/sam_spi/spi_master.o
 .text.spi_disable_loopback
                0x00400ed0       0x20 src/ASF/common/services/spi/sam_spi/spi_master.o
 .text.spi_put  0x00400ef0       0x1e src/ASF/common/services/spi/sam_spi/spi_master.o
 .text.spi_get  0x00400f0e       0x1a src/ASF/common/services/spi/sam_spi/spi_master.o
 .text.spi_is_tx_ready
                0x00400f28       0x26 src/ASF/common/services/spi/sam_spi/spi_master.o
 .text.spi_is_rx_ready
                0x00400f4e       0x2c src/ASF/common/services/spi/sam_spi/spi_master.o
 *fill*         0x00400f7a        0x2 
 .text.spi_write_single
                0x00400f7c       0x24 src/ASF/common/services/spi/sam_spi/spi_master.o
 .text.spi_read_single
                0x00400fa0       0x24 src/ASF/common/services/spi/sam_spi/spi_master.o
 .text.spi_master_init
                0x00400fc4       0x70 src/ASF/common/services/spi/sam_spi/spi_master.o
                0x00400fc4                spi_master_init
 .text.spi_master_setup_device
                0x00401034       0xb4 src/ASF/common/services/spi/sam_spi/spi_master.o
                0x00401034                spi_master_setup_device
 .text.spi_select_device
                0x004010e8       0x58 src/ASF/common/services/spi/sam_spi/spi_master.o
                0x004010e8                spi_select_device
 .text.spi_write_packet
                0x00401140       0x74 src/ASF/common/services/spi/sam_spi/spi_master.o
                0x00401140                spi_write_packet
 .text.spi_read_packet
                0x004011b4       0xac src/ASF/common/services/spi/sam_spi/spi_master.o
                0x004011b4                spi_read_packet
 .text.spi_enable
                0x00401260       0x1a src/ASF/sam/components/display/ili9488/ili9488.o
 .text.spi_enable_interrupt
                0x0040127a       0x1c src/ASF/sam/components/display/ili9488/ili9488.o
 *fill*         0x00401296        0x2 
 .text.ili9488_write_ram_prepare
                0x00401298       0x40 src/ASF/sam/components/display/ili9488/ili9488.o
 .text.ili9488_write_ram_buffer
                0x004012d8       0x40 src/ASF/sam/components/display/ili9488/ili9488.o
 .text.ili9488_write_register
                0x00401318       0x78 src/ASF/sam/components/display/ili9488/ili9488.o
 .text.ili9488_read_chipid
                0x00401390       0xcc src/ASF/sam/components/display/ili9488/ili9488.o
 .text.ili9488_delay
                0x0040145c       0x40 src/ASF/sam/components/display/ili9488/ili9488.o
                0x0040145c                ili9488_delay
 .text.ili9488_check_box_coordinates
                0x0040149c       0xa2 src/ASF/sam/components/display/ili9488/ili9488.o
 *fill*         0x0040153e        0x2 
 .text.ili9488_set_display_direction
                0x00401540       0x34 src/ASF/sam/components/display/ili9488/ili9488.o
                0x00401540                ili9488_set_display_direction
 .text.ili9488_set_window
                0x00401574       0xc8 src/ASF/sam/components/display/ili9488/ili9488.o
                0x00401574                ili9488_set_window
 .text.ili9488_init
                0x0040163c      0x15c src/ASF/sam/components/display/ili9488/ili9488.o
                0x0040163c                ili9488_init
 .text.ili9488_display_on
                0x00401798       0x18 src/ASF/sam/components/display/ili9488/ili9488.o
                0x00401798                ili9488_display_on
 .text.ili9488_set_foreground_color
                0x004017b0       0x54 src/ASF/sam/components/display/ili9488/ili9488.o
                0x004017b0                ili9488_set_foreground_color
 .text.ili9488_set_cursor_position
                0x00401804       0x84 src/ASF/sam/components/display/ili9488/ili9488.o
                0x00401804                ili9488_set_cursor_position
 .text.ili9488_draw_filled_rectangle
                0x00401888       0xdc src/ASF/sam/components/display/ili9488/ili9488.o
                0x00401888                ili9488_draw_filled_rectangle
 .text.ili9488_draw_pixmap
                0x00401964       0xb4 src/ASF/sam/components/display/ili9488/ili9488.o
                0x00401964                ili9488_draw_pixmap
 .text.spi_get_peripheral_select_mode
                0x00401a18       0x26 src/ASF/sam/drivers/spi/spi.o
 *fill*         0x00401a3e        0x2 
 .text.sysclk_enable_peripheral_clock
                0x00401a40       0x1c src/ASF/sam/drivers/spi/spi.o
 .text.spi_enable_clock
                0x00401a5c       0x3c src/ASF/sam/drivers/spi/spi.o
                0x00401a5c                spi_enable_clock
 .text.spi_set_peripheral_chip_select_value
                0x00401a98       0x34 src/ASF/sam/drivers/spi/spi.o
                0x00401a98                spi_set_peripheral_chip_select_value
 .text.spi_set_delay_between_chip_select
                0x00401acc       0x30 src/ASF/sam/drivers/spi/spi.o
                0x00401acc                spi_set_delay_between_chip_select
 .text.spi_write
                0x00401afc       0x80 src/ASF/sam/drivers/spi/spi.o
                0x00401afc                spi_write
 .text.spi_set_clock_polarity
                0x00401b7c       0x50 src/ASF/sam/drivers/spi/spi.o
                0x00401b7c                spi_set_clock_polarity
 .text.spi_set_clock_phase
                0x00401bcc       0x50 src/ASF/sam/drivers/spi/spi.o
                0x00401bcc                spi_set_clock_phase
 .text.spi_configure_cs_behavior
                0x00401c1c       0xa6 src/ASF/sam/drivers/spi/spi.o
                0x00401c1c                spi_configure_cs_behavior
 .text.spi_set_bits_per_transfer
                0x00401cc2       0x4a src/ASF/sam/drivers/spi/spi.o
                0x00401cc2                spi_set_bits_per_transfer
 .text.spi_calc_baudrate_div
                0x00401d0c       0x3c src/ASF/sam/drivers/spi/spi.o
                0x00401d0c                spi_calc_baudrate_div
 .text.spi_set_baudrate_div
                0x00401d48       0x5e src/ASF/sam/drivers/spi/spi.o
                0x00401d48                spi_set_baudrate_div
 .text.spi_set_transfer_delay
                0x00401da6       0x5e src/ASF/sam/drivers/spi/spi.o
                0x00401da6                spi_set_transfer_delay
 .text.osc_enable
                0x00401e04       0x88 src/ASF/common/services/clock/same70/sysclk.o
 .text.osc_is_ready
                0x00401e8c       0x70 src/ASF/common/services/clock/same70/sysclk.o
 .text.osc_get_rate
                0x00401efc       0x74 src/ASF/common/services/clock/same70/sysclk.o
 .text.osc_wait_ready
                0x00401f70       0x2c src/ASF/common/services/clock/same70/sysclk.o
 .text.pll_config_init
                0x00401f9c       0x6c src/ASF/common/services/clock/same70/sysclk.o
 .text.pll_enable
                0x00402008       0x40 src/ASF/common/services/clock/same70/sysclk.o
 .text.pll_is_locked
                0x00402048       0x2c src/ASF/common/services/clock/same70/sysclk.o
 .text.pll_enable_source
                0x00402074       0x38 src/ASF/common/services/clock/same70/sysclk.o
 .text.pll_wait_for_lock
                0x004020ac       0x24 src/ASF/common/services/clock/same70/sysclk.o
 .text.sysclk_get_main_hz
                0x004020d0       0x20 src/ASF/common/services/clock/same70/sysclk.o
 .text.sysclk_get_cpu_hz
                0x004020f0       0x14 src/ASF/common/services/clock/same70/sysclk.o
 .text.sysclk_init
                0x00402104       0x7c src/ASF/common/services/clock/same70/sysclk.o
                0x00402104                sysclk_init
 .text.sysclk_enable_peripheral_clock
                0x00402180       0x1c src/ASF/sam/boards/same70_xplained/init.o
 .text.ioport_init
                0x0040219c       0x2c src/ASF/sam/boards/same70_xplained/init.o
 .text.ioport_disable_pin
                0x004021c8       0x4c src/ASF/sam/boards/same70_xplained/init.o
 .text.ioport_set_pin_mode
                0x00402214      0x11c src/ASF/sam/boards/same70_xplained/init.o
 .text.ioport_set_pin_dir
                0x00402330       0x88 src/ASF/sam/boards/same70_xplained/init.o
 .text.ioport_set_pin_level
                0x004023b8       0x6c src/ASF/sam/boards/same70_xplained/init.o
 .text.ioport_set_pin_sense_mode
                0x00402424       0xd0 src/ASF/sam/boards/same70_xplained/init.o
 .text.tcm_disable
                0x004024f4       0x44 src/ASF/sam/boards/same70_xplained/init.o
 .text.board_init
                0x00402538      0x1ac src/ASF/sam/boards/same70_xplained/init.o
                0x00402538                board_init
 .text.pio_pull_up
                0x004026e4       0x2c src/ASF/sam/drivers/pio/pio.o
                0x004026e4                pio_pull_up
 .text.pio_set  0x00402710       0x1c src/ASF/sam/drivers/pio/pio.o
                0x00402710                pio_set
 .text.pio_set_peripheral
                0x0040272c      0x110 src/ASF/sam/drivers/pio/pio.o
                0x0040272c                pio_set_peripheral
 .text.pio_set_input
                0x0040283c       0x80 src/ASF/sam/drivers/pio/pio.o
                0x0040283c                pio_set_input
 .text.pio_set_output
                0x004028bc       0x64 src/ASF/sam/drivers/pio/pio.o
                0x004028bc                pio_set_output
 .text.pio_configure
                0x00402920       0xcc src/ASF/sam/drivers/pio/pio.o
                0x00402920                pio_configure
 .text.pio_configure_interrupt
                0x004029ec       0x6c src/ASF/sam/drivers/pio/pio.o
                0x004029ec                pio_configure_interrupt
 .text.pio_enable_interrupt
                0x00402a58       0x1c src/ASF/sam/drivers/pio/pio.o
                0x00402a58                pio_enable_interrupt
 .text.pio_disable_interrupt
                0x00402a74       0x1c src/ASF/sam/drivers/pio/pio.o
                0x00402a74                pio_disable_interrupt
 .text.pio_get_interrupt_status
                0x00402a90       0x18 src/ASF/sam/drivers/pio/pio.o
                0x00402a90                pio_get_interrupt_status
 .text.pio_get_interrupt_mask
                0x00402aa8       0x18 src/ASF/sam/drivers/pio/pio.o
                0x00402aa8                pio_get_interrupt_mask
 .text.pio_set_pin_high
                0x00402ac0       0x30 src/ASF/sam/drivers/pio/pio.o
                0x00402ac0                pio_set_pin_high
 .text.pio_set_pin_low
                0x00402af0       0x30 src/ASF/sam/drivers/pio/pio.o
                0x00402af0                pio_set_pin_low
 .text.pio_configure_pin
                0x00402b20      0x1b0 src/ASF/sam/drivers/pio/pio.o
                0x00402b20                pio_configure_pin
 .text.pio_get_pin_group
                0x00402cd0       0x28 src/ASF/sam/drivers/pio/pio.o
                0x00402cd0                pio_get_pin_group
 .text.pio_handler_process
                0x00402cf8       0xb4 src/ASF/sam/drivers/pio/pio_handler.o
                0x00402cf8                pio_handler_process
 .text.pio_handler_set
                0x00402dac       0xa0 src/ASF/sam/drivers/pio/pio_handler.o
                0x00402dac                pio_handler_set
 .text.PIOA_Handler
                0x00402e4c       0x18 src/ASF/sam/drivers/pio/pio_handler.o
                0x00402e4c                PIOA_Handler
 .text.PIOB_Handler
                0x00402e64       0x18 src/ASF/sam/drivers/pio/pio_handler.o
                0x00402e64                PIOB_Handler
 .text.PIOC_Handler
                0x00402e7c       0x18 src/ASF/sam/drivers/pio/pio_handler.o
                0x00402e7c                PIOC_Handler
 .text.PIOD_Handler
                0x00402e94       0x18 src/ASF/sam/drivers/pio/pio_handler.o
                0x00402e94                PIOD_Handler
 .text.PIOE_Handler
                0x00402eac       0x18 src/ASF/sam/drivers/pio/pio_handler.o
                0x00402eac                PIOE_Handler
 .text.pmc_mck_set_division
                0x00402ec4       0x7c src/ASF/sam/drivers/pmc/pmc.o
                0x00402ec4                pmc_mck_set_division
 .text.pmc_switch_mck_to_pllack
                0x00402f40       0x84 src/ASF/sam/drivers/pmc/pmc.o
                0x00402f40                pmc_switch_mck_to_pllack
 .text.pmc_switch_sclk_to_32kxtal
                0x00402fc4       0x38 src/ASF/sam/drivers/pmc/pmc.o
                0x00402fc4                pmc_switch_sclk_to_32kxtal
 .text.pmc_osc_is_ready_32kxtal
                0x00402ffc       0x34 src/ASF/sam/drivers/pmc/pmc.o
                0x00402ffc                pmc_osc_is_ready_32kxtal
 .text.pmc_switch_mainck_to_fastrc
                0x00403030       0x70 src/ASF/sam/drivers/pmc/pmc.o
                0x00403030                pmc_switch_mainck_to_fastrc
 .text.pmc_switch_mainck_to_xtal
                0x004030a0       0x78 src/ASF/sam/drivers/pmc/pmc.o
                0x004030a0                pmc_switch_mainck_to_xtal
 .text.pmc_osc_is_ready_mainck
                0x00403118       0x1c src/ASF/sam/drivers/pmc/pmc.o
                0x00403118                pmc_osc_is_ready_mainck
 .text.pmc_disable_pllack
                0x00403134       0x1c src/ASF/sam/drivers/pmc/pmc.o
                0x00403134                pmc_disable_pllack
 .text.pmc_is_locked_pllack
                0x00403150       0x1c src/ASF/sam/drivers/pmc/pmc.o
                0x00403150                pmc_is_locked_pllack
 .text.pmc_is_locked_upll
                0x0040316c       0x1c src/ASF/sam/drivers/pmc/pmc.o
                0x0040316c                pmc_is_locked_upll
 .text.pmc_enable_periph_clk
                0x00403188       0x3c src/ASF/sam/drivers/pmc/pmc.o
                0x00403188                pmc_enable_periph_clk
 .text.pmc_set_flash_in_wait_mode
                0x004031c4       0x20 src/ASF/sam/drivers/pmc/pmc.o
                0x004031c4                pmc_set_flash_in_wait_mode
 .text.pmc_enable_waitmode
                0x004031e4       0x90 src/ASF/sam/drivers/pmc/pmc.o
                0x004031e4                pmc_enable_waitmode
 .text.pmc_sleep
                0x00403274      0x398 src/ASF/sam/drivers/pmc/sleep.o
                0x00403274                pmc_sleep
 .text.cpu_irq_save
                0x0040360c       0x38 src/ASF/sam/utils/cmsis/same70/source/templates/gcc/startup_same70.o
 .text.cpu_irq_is_enabled_flags
                0x00403644       0x20 src/ASF/sam/utils/cmsis/same70/source/templates/gcc/startup_same70.o
 .text.cpu_irq_restore
                0x00403664       0x30 src/ASF/sam/utils/cmsis/same70/source/templates/gcc/startup_same70.o
 .text.Reset_Handler
                0x00403694       0xb0 src/ASF/sam/utils/cmsis/same70/source/templates/gcc/startup_same70.o
                0x00403694                Reset_Handler
 .text.Dummy_Handler
                0x00403744        0x6 src/ASF/sam/utils/cmsis/same70/source/templates/gcc/startup_same70.o
                0x00403744                DACC_Handler
                0x00403744                DebugMon_Handler
                0x00403744                UART3_Handler
                0x00403744                UART2_Handler
                0x00403744                TRNG_Handler
                0x00403744                HardFault_Handler
                0x00403744                TC2_Handler
                0x00403744                SysTick_Handler
                0x00403744                AFEC1_Handler
                0x00403744                PendSV_Handler
                0x00403744                NMI_Handler
                0x00403744                TC7_Handler
                0x00403744                QSPI_Handler
                0x00403744                ISI_Handler
                0x00403744                MCAN0_INT0_Handler
                0x00403744                TC9_Handler
                0x00403744                RSWDT_Handler
                0x00403744                USART0_Handler
                0x00403744                USBHS_Handler
                0x00403744                IXC_Handler
                0x00403744                CCF_Handler
                0x00403744                RTC_Handler
                0x00403744                UsageFault_Handler
                0x00403744                TC6_Handler
                0x00403744                WDT_Handler
                0x00403744                MCAN1_INT1_Handler
                0x00403744                TC4_Handler
                0x00403744                TC1_Handler
                0x00403744                HSMCI_Handler
                0x00403744                UART1_Handler
                0x00403744                TC3_Handler
                0x00403744                Dummy_Handler
                0x00403744                TWIHS1_Handler
                0x00403744                XDMAC_Handler
                0x00403744                UART4_Handler
                0x00403744                PWM1_Handler
                0x00403744                USART1_Handler
                0x00403744                PWM0_Handler
                0x00403744                AFEC0_Handler
                0x00403744                CCW_Handler
                0x00403744                TC11_Handler
                0x00403744                SSC_Handler
                0x00403744                ACC_Handler
                0x00403744                PMC_Handler
                0x00403744                GMAC_Handler
                0x00403744                MCAN0_INT1_Handler
                0x00403744                GMAC_Q5_Handler
                0x00403744                MemManage_Handler
                0x00403744                SUPC_Handler
                0x00403744                SVC_Handler
                0x00403744                TC8_Handler
                0x00403744                MCAN1_INT0_Handler
                0x00403744                EFC_Handler
                0x00403744                GMAC_Q1_Handler
                0x00403744                USART2_Handler
                0x00403744                SDRAMC_Handler
                0x00403744                GMAC_Q2_Handler
                0x00403744                SPI1_Handler
                0x00403744                TC10_Handler
                0x00403744                GMAC_Q3_Handler
                0x00403744                TWIHS2_Handler
                0x00403744                I2SC0_Handler
                0x00403744                UART0_Handler
                0x00403744                I2SC1_Handler
                0x00403744                GMAC_Q4_Handler
                0x00403744                FPU_Handler
                0x00403744                BusFault_Handler
                0x00403744                RSTC_Handler
                0x00403744                TC0_Handler
                0x00403744                TC5_Handler
                0x00403744                AES_Handler
                0x00403744                ICM_Handler
                0x00403744                TWIHS0_Handler
                0x00403744                SPI0_Handler
 *fill*         0x0040374a        0x2 
 .text.SystemCoreClockUpdate
                0x0040374c      0x168 src/ASF/sam/utils/cmsis/same70/source/templates/system_same70.o
                0x0040374c                SystemCoreClockUpdate
 .text.system_init_flash
                0x004038b4       0xb0 src/ASF/sam/utils/cmsis/same70/source/templates/system_same70.o
                0x004038b4                system_init_flash
 .text._sbrk    0x00403964       0x58 src/ASF/sam/utils/syscalls/gcc/syscalls.o
                0x00403964                _sbrk
 .text          0x004039bc      0x370 c:/program files (x86)/atmel/studio/7.0/toolchain/arm/arm-gnu-toolchain/bin/../lib/gcc/arm-none-eabi/6.3.1/thumb/v7e-m\libgcc.a(_arm_addsubdf3.o)
                0x004039bc                __aeabi_drsub
                0x004039c4                __aeabi_dsub
                0x004039c4                __subdf3
                0x004039c8                __aeabi_dadd
                0x004039c8                __adddf3
                0x00403c40                __floatunsidf
                0x00403c40                __aeabi_ui2d
                0x00403c60                __floatsidf
                0x00403c60                __aeabi_i2d
                0x00403c84                __aeabi_f2d
                0x00403c84                __extendsfdf2
                0x00403cc0                __floatundidf
                0x00403cc0                __aeabi_ul2d
                0x00403cd0                __floatdidf
                0x00403cd0                __aeabi_l2d
 .text          0x00403d2c      0x424 c:/program files (x86)/atmel/studio/7.0/toolchain/arm/arm-gnu-toolchain/bin/../lib/gcc/arm-none-eabi/6.3.1/thumb/v7e-m\libgcc.a(_arm_muldivdf3.o)
                0x00403d2c                __aeabi_dmul
                0x00403d2c                __muldf3
                0x00403f80                __divdf3
                0x00403f80                __aeabi_ddiv
 .text          0x00404150       0xa0 c:/program files (x86)/atmel/studio/7.0/toolchain/arm/arm-gnu-toolchain/bin/../lib/gcc/arm-none-eabi/6.3.1/thumb/v7e-m\libgcc.a(_arm_truncdfsf2.o)
                0x00404150                __truncdfsf2
                0x00404150                __aeabi_d2f
 .text.__libc_init_array
                0x004041f0       0x50 c:/program files (x86)/atmel/studio/7.0/toolchain/arm/arm-gnu-toolchain/bin/../lib/gcc/arm-none-eabi/6.3.1/../../../../arm-none-eabi/lib/thumb/v7e-m\libc.a(lib_a-init.o)
                0x004041f0                __libc_init_array
 .text.memset   0x00404240       0x9c c:/program files (x86)/atmel/studio/7.0/toolchain/arm/arm-gnu-toolchain/bin/../lib/gcc/arm-none-eabi/6.3.1/../../../../arm-none-eabi/lib/thumb/v7e-m\libc.a(lib_a-memset.o)
                0x00404240                memset
 .text.sprintf  0x004042dc       0x4c c:/program files (x86)/atmel/studio/7.0/toolchain/arm/arm-gnu-toolchain/bin/../lib/gcc/arm-none-eabi/6.3.1/../../../../arm-none-eabi/lib/thumb/v7e-m\libc.a(lib_a-sprintf.o)
                0x004042dc                sprintf
 .text._svfprintf_r
                0x00404328     0x145c c:/program files (x86)/atmel/studio/7.0/toolchain/arm/arm-gnu-toolchain/bin/../lib/gcc/arm-none-eabi/6.3.1/../../../../arm-none-eabi/lib/thumb/v7e-m\libc.a(lib_a-svfprintf.o)
                0x00404328                _svfprintf_r
 .text.startup.register_fini
                0x00405784       0x14 c:/program files (x86)/atmel/studio/7.0/toolchain/arm/arm-gnu-toolchain/bin/../lib/gcc/arm-none-eabi/6.3.1/../../../../arm-none-eabi/lib/thumb/v7e-m\libc.a(lib_a-__call_atexit.o)
 .text.atexit   0x00405798        0xc c:/program files (x86)/atmel/studio/7.0/toolchain/arm/arm-gnu-toolchain/bin/../lib/gcc/arm-none-eabi/6.3.1/../../../../arm-none-eabi/lib/thumb/v7e-m\libc.a(lib_a-atexit.o)
                0x00405798                atexit
 .text.quorem   0x004057a4      0x128 c:/program files (x86)/atmel/studio/7.0/toolchain/arm/arm-gnu-toolchain/bin/../lib/gcc/arm-none-eabi/6.3.1/../../../../arm-none-eabi/lib/thumb/v7e-m\libc.a(lib_a-dtoa.o)
 *fill*         0x004058cc        0x4 
 .text._dtoa_r  0x004058d0      0xe54 c:/program files (x86)/atmel/studio/7.0/toolchain/arm/arm-gnu-toolchain/bin/../lib/gcc/arm-none-eabi/6.3.1/../../../../arm-none-eabi/lib/thumb/v7e-m\libc.a(lib_a-dtoa.o)
                0x004058d0                _dtoa_r
 .text.__libc_fini_array
                0x00406724       0x34 c:/program files (x86)/atmel/studio/7.0/toolchain/arm/arm-gnu-toolchain/bin/../lib/gcc/arm-none-eabi/6.3.1/../../../../arm-none-eabi/lib/thumb/v7e-m\libc.a(lib_a-fini.o)
                0x00406724                __libc_fini_array
 .text._localeconv_r
                0x00406758       0x1c c:/program files (x86)/atmel/studio/7.0/toolchain/arm/arm-gnu-toolchain/bin/../lib/gcc/arm-none-eabi/6.3.1/../../../../arm-none-eabi/lib/thumb/v7e-m\libc.a(lib_a-localeconv.o)
                0x00406758                _localeconv_r
 .text.__retarget_lock_acquire_recursive
                0x00406774        0x4 c:/program files (x86)/atmel/studio/7.0/toolchain/arm/arm-gnu-toolchain/bin/../lib/gcc/arm-none-eabi/6.3.1/../../../../arm-none-eabi/lib/thumb/v7e-m\libc.a(lib_a-lock.o)
                0x00406774                __retarget_lock_acquire_recursive
 .text.__retarget_lock_release_recursive
                0x00406778        0x4 c:/program files (x86)/atmel/studio/7.0/toolchain/arm/arm-gnu-toolchain/bin/../lib/gcc/arm-none-eabi/6.3.1/../../../../arm-none-eabi/lib/thumb/v7e-m\libc.a(lib_a-lock.o)
                0x00406778                __retarget_lock_release_recursive
 .text._malloc_r
                0x0040677c      0x560 c:/program files (x86)/atmel/studio/7.0/toolchain/arm/arm-gnu-toolchain/bin/../lib/gcc/arm-none-eabi/6.3.1/../../../../arm-none-eabi/lib/thumb/v7e-m\libc.a(lib_a-mallocr.o)
                0x0040677c                _malloc_r
 *fill*         0x00406cdc        0x4 
 .text          0x00406ce0       0xa0 c:/program files (x86)/atmel/studio/7.0/toolchain/arm/arm-gnu-toolchain/bin/../lib/gcc/arm-none-eabi/6.3.1/../../../../arm-none-eabi/lib/thumb/v7e-m\libc.a(lib_a-memchr.o)
                0x00406ce0                memchr
 .text          0x00406d80      0x134 c:/program files (x86)/atmel/studio/7.0/toolchain/arm/arm-gnu-toolchain/bin/../lib/gcc/arm-none-eabi/6.3.1/../../../../arm-none-eabi/lib/thumb/v7e-m\libc.a(lib_a-memcpy.o)
                0x00406d80                memcpy
 .text.__malloc_lock
                0x00406eb4        0xc c:/program files (x86)/atmel/studio/7.0/toolchain/arm/arm-gnu-toolchain/bin/../lib/gcc/arm-none-eabi/6.3.1/../../../../arm-none-eabi/lib/thumb/v7e-m\libc.a(lib_a-mlock.o)
                0x00406eb4                __malloc_lock
 .text.__malloc_unlock
                0x00406ec0        0xc c:/program files (x86)/atmel/studio/7.0/toolchain/arm/arm-gnu-toolchain/bin/../lib/gcc/arm-none-eabi/6.3.1/../../../../arm-none-eabi/lib/thumb/v7e-m\libc.a(lib_a-mlock.o)
                0x00406ec0                __malloc_unlock
 .text._Balloc  0x00406ecc       0x4c c:/program files (x86)/atmel/studio/7.0/toolchain/arm/arm-gnu-toolchain/bin/../lib/gcc/arm-none-eabi/6.3.1/../../../../arm-none-eabi/lib/thumb/v7e-m\libc.a(lib_a-mprec.o)
                0x00406ecc                _Balloc
 .text._Bfree   0x00406f18       0x14 c:/program files (x86)/atmel/studio/7.0/toolchain/arm/arm-gnu-toolchain/bin/../lib/gcc/arm-none-eabi/6.3.1/../../../../arm-none-eabi/lib/thumb/v7e-m\libc.a(lib_a-mprec.o)
                0x00406f18                _Bfree
 .text.__multadd
                0x00406f2c       0x80 c:/program files (x86)/atmel/studio/7.0/toolchain/arm/arm-gnu-toolchain/bin/../lib/gcc/arm-none-eabi/6.3.1/../../../../arm-none-eabi/lib/thumb/v7e-m\libc.a(lib_a-mprec.o)
                0x00406f2c                __multadd
 .text.__hi0bits
                0x00406fac       0x40 c:/program files (x86)/atmel/studio/7.0/toolchain/arm/arm-gnu-toolchain/bin/../lib/gcc/arm-none-eabi/6.3.1/../../../../arm-none-eabi/lib/thumb/v7e-m\libc.a(lib_a-mprec.o)
                0x00406fac                __hi0bits
 .text.__lo0bits
                0x00406fec       0x60 c:/program files (x86)/atmel/studio/7.0/toolchain/arm/arm-gnu-toolchain/bin/../lib/gcc/arm-none-eabi/6.3.1/../../../../arm-none-eabi/lib/thumb/v7e-m\libc.a(lib_a-mprec.o)
                0x00406fec                __lo0bits
 .text.__i2b    0x0040704c       0x14 c:/program files (x86)/atmel/studio/7.0/toolchain/arm/arm-gnu-toolchain/bin/../lib/gcc/arm-none-eabi/6.3.1/../../../../arm-none-eabi/lib/thumb/v7e-m\libc.a(lib_a-mprec.o)
                0x0040704c                __i2b
 .text.__multiply
                0x00407060      0x124 c:/program files (x86)/atmel/studio/7.0/toolchain/arm/arm-gnu-toolchain/bin/../lib/gcc/arm-none-eabi/6.3.1/../../../../arm-none-eabi/lib/thumb/v7e-m\libc.a(lib_a-mprec.o)
                0x00407060                __multiply
 .text.__pow5mult
                0x00407184       0xa0 c:/program files (x86)/atmel/studio/7.0/toolchain/arm/arm-gnu-toolchain/bin/../lib/gcc/arm-none-eabi/6.3.1/../../../../arm-none-eabi/lib/thumb/v7e-m\libc.a(lib_a-mprec.o)
                0x00407184                __pow5mult
 .text.__lshift
                0x00407224       0xa4 c:/program files (x86)/atmel/studio/7.0/toolchain/arm/arm-gnu-toolchain/bin/../lib/gcc/arm-none-eabi/6.3.1/../../../../arm-none-eabi/lib/thumb/v7e-m\libc.a(lib_a-mprec.o)
                0x00407224                __lshift
 .text.__mcmp   0x004072c8       0x38 c:/program files (x86)/atmel/studio/7.0/toolchain/arm/arm-gnu-toolchain/bin/../lib/gcc/arm-none-eabi/6.3.1/../../../../arm-none-eabi/lib/thumb/v7e-m\libc.a(lib_a-mprec.o)
                0x004072c8                __mcmp
 .text.__mdiff  0x00407300      0x108 c:/program files (x86)/atmel/studio/7.0/toolchain/arm/arm-gnu-toolchain/bin/../lib/gcc/arm-none-eabi/6.3.1/../../../../arm-none-eabi/lib/thumb/v7e-m\libc.a(lib_a-mprec.o)
                0x00407300                __mdiff
 .text.__d2b    0x00407408       0xb8 c:/program files (x86)/atmel/studio/7.0/toolchain/arm/arm-gnu-toolchain/bin/../lib/gcc/arm-none-eabi/6.3.1/../../../../arm-none-eabi/lib/thumb/v7e-m\libc.a(lib_a-mprec.o)
                0x00407408                __d2b
 .text._sbrk_r  0x004074c0       0x24 c:/program files (x86)/atmel/studio/7.0/toolchain/arm/arm-gnu-toolchain/bin/../lib/gcc/arm-none-eabi/6.3.1/../../../../arm-none-eabi/lib/thumb/v7e-m\libc.a(lib_a-sbrkr.o)
                0x004074c0                _sbrk_r
 *fill*         0x004074e4       0x1c 
 .text          0x00407500       0xdc c:/program files (x86)/atmel/studio/7.0/toolchain/arm/arm-gnu-toolchain/bin/../lib/gcc/arm-none-eabi/6.3.1/../../../../arm-none-eabi/lib/thumb/v7e-m\libc.a(lib_a-strlen.o)
                0x00407500                strlen
 .text.__ssprint_r
                0x004075dc       0xfc c:/program files (x86)/atmel/studio/7.0/toolchain/arm/arm-gnu-toolchain/bin/../lib/gcc/arm-none-eabi/6.3.1/../../../../arm-none-eabi/lib/thumb/v7e-m\libc.a(lib_a-svfiprintf.o)
                0x004075dc                __ssprint_r
 .text.__register_exitproc
                0x004076d8       0xc4 c:/program files (x86)/atmel/studio/7.0/toolchain/arm/arm-gnu-toolchain/bin/../lib/gcc/arm-none-eabi/6.3.1/../../../../arm-none-eabi/lib/thumb/v7e-m\libc.a(lib_a-__atexit.o)
                0x004076d8                __register_exitproc
 .text._calloc_r
                0x0040779c       0x60 c:/program files (x86)/atmel/studio/7.0/toolchain/arm/arm-gnu-toolchain/bin/../lib/gcc/arm-none-eabi/6.3.1/../../../../arm-none-eabi/lib/thumb/v7e-m\libc.a(lib_a-callocr.o)
                0x0040779c                _calloc_r
 .text._malloc_trim_r
                0x004077fc       0xa0 c:/program files (x86)/atmel/studio/7.0/toolchain/arm/arm-gnu-toolchain/bin/../lib/gcc/arm-none-eabi/6.3.1/../../../../arm-none-eabi/lib/thumb/v7e-m\libc.a(lib_a-freer.o)
                0x004077fc                _malloc_trim_r
 .text._free_r  0x0040789c      0x1cc c:/program files (x86)/atmel/studio/7.0/toolchain/arm/arm-gnu-toolchain/bin/../lib/gcc/arm-none-eabi/6.3.1/../../../../arm-none-eabi/lib/thumb/v7e-m\libc.a(lib_a-freer.o)
                0x0040789c                _free_r
 .text.__ascii_mbtowc
                0x00407a68       0x2c c:/program files (x86)/atmel/studio/7.0/toolchain/arm/arm-gnu-toolchain/bin/../lib/gcc/arm-none-eabi/6.3.1/../../../../arm-none-eabi/lib/thumb/v7e-m\libc.a(lib_a-mbtowc_r.o)
                0x00407a68                __ascii_mbtowc
 .text.memmove  0x00407a94       0xc8 c:/program files (x86)/atmel/studio/7.0/toolchain/arm/arm-gnu-toolchain/bin/../lib/gcc/arm-none-eabi/6.3.1/../../../../arm-none-eabi/lib/thumb/v7e-m\libc.a(lib_a-memmove.o)
                0x00407a94                memmove
 .text._realloc_r
                0x00407b5c      0x34c c:/program files (x86)/atmel/studio/7.0/toolchain/arm/arm-gnu-toolchain/bin/../lib/gcc/arm-none-eabi/6.3.1/../../../../arm-none-eabi/lib/thumb/v7e-m\libc.a(lib_a-reallocr.o)
                0x00407b5c                _realloc_r
 .text.__ascii_wctomb
                0x00407ea8       0x1c c:/program files (x86)/atmel/studio/7.0/toolchain/arm/arm-gnu-toolchain/bin/../lib/gcc/arm-none-eabi/6.3.1/../../../../arm-none-eabi/lib/thumb/v7e-m\libc.a(lib_a-wctomb_r.o)
                0x00407ea8                __ascii_wctomb
 .text          0x00407ec4      0x110 c:/program files (x86)/atmel/studio/7.0/toolchain/arm/arm-gnu-toolchain/bin/../lib/gcc/arm-none-eabi/6.3.1/thumb/v7e-m\libgcc.a(_arm_cmpdf2.o)
                0x00407ec4                __gtdf2
                0x00407ec4                __gedf2
                0x00407ecc                __ltdf2
                0x00407ecc                __ledf2
                0x00407ed4                __nedf2
                0x00407ed4                __eqdf2
                0x00407ed4                __cmpdf2
                0x00407f50                __aeabi_cdrcmple
                0x00407f60                __aeabi_cdcmpeq
                0x00407f60                __aeabi_cdcmple
                0x00407f70                __aeabi_dcmpeq
                0x00407f84                __aeabi_dcmplt
                0x00407f98                __aeabi_dcmple
                0x00407fac                __aeabi_dcmpge
                0x00407fc0                __aeabi_dcmpgt
 .text          0x00407fd4       0x2c c:/program files (x86)/atmel/studio/7.0/toolchain/arm/arm-gnu-toolchain/bin/../lib/gcc/arm-none-eabi/6.3.1/thumb/v7e-m\libgcc.a(_arm_unorddf2.o)
                0x00407fd4                __unorddf2
                0x00407fd4                __aeabi_dcmpun
 .text          0x00408000       0x50 c:/program files (x86)/atmel/studio/7.0/toolchain/arm/arm-gnu-toolchain/bin/../lib/gcc/arm-none-eabi/6.3.1/thumb/v7e-m\libgcc.a(_arm_fixdfsi.o)
                0x00408000                __aeabi_d2iz
                0x00408000                __fixdfsi
 .text          0x00408050       0x30 c:/program files (x86)/atmel/studio/7.0/toolchain/arm/arm-gnu-toolchain/bin/../lib/gcc/arm-none-eabi/6.3.1/thumb/v7e-m\libgcc.a(_aeabi_uldivmod.o)
                0x00408050                __aeabi_uldivmod
 .text          0x00408080      0x2dc c:/program files (x86)/atmel/studio/7.0/toolchain/arm/arm-gnu-toolchain/bin/../lib/gcc/arm-none-eabi/6.3.1/thumb/v7e-m\libgcc.a(_udivmoddi4.o)
                0x00408080                __udivmoddi4
 .text          0x0040835c        0x4 c:/program files (x86)/atmel/studio/7.0/toolchain/arm/arm-gnu-toolchain/bin/../lib/gcc/arm-none-eabi/6.3.1/thumb/v7e-m\libgcc.a(_dvmd_tls.o)
                0x0040835c                __aeabi_idiv0
                0x0040835c                __aeabi_ldiv0
 *(.glue_7t)
 .glue_7t       0x00408360        0x0 linker stubs
 *(.glue_7)
 .glue_7        0x00408360        0x0 linker stubs
 *(.rodata .rodata* .gnu.linkonce.r.*)
 .rodata.image_data_calibri_36_0x20
                0x00408360      0x378 src/main.o
 .rodata.calibri_36_0x20
                0x004086d8       0x10 src/main.o
 .rodata.image_data_calibri_36_0x21
                0x004086e8      0x534 src/main.o
 .rodata.calibri_36_0x21
                0x00408c1c       0x10 src/main.o
 .rodata.image_data_calibri_36_0x22
                0x00408c2c      0x612 src/main.o
 *fill*         0x0040923e        0x2 
 .rodata.calibri_36_0x22
                0x00409240       0x10 src/main.o
 .rodata.image_data_calibri_36_0x23
                0x00409250      0x7ce src/main.o
 *fill*         0x00409a1e        0x2 
 .rodata.calibri_36_0x23
                0x00409a20       0x10 src/main.o
 .rodata.image_data_calibri_36_0x24
                0x00409a30      0x7ce src/main.o
 *fill*         0x0040a1fe        0x2 
 .rodata.calibri_36_0x24
                0x0040a200       0x10 src/main.o
 .rodata.image_data_calibri_36_0x25
                0x0040a210      0xb46 src/main.o
 *fill*         0x0040ad56        0x2 
 .rodata.calibri_36_0x25
                0x0040ad58       0x10 src/main.o
 .rodata.image_data_calibri_36_0x26
                0x0040ad68      0xad7 src/main.o
 *fill*         0x0040b83f        0x1 
 .rodata.calibri_36_0x26
                0x0040b840       0x10 src/main.o
 .rodata.image_data_calibri_36_0x27
                0x0040b850      0x378 src/main.o
 .rodata.calibri_36_0x27
                0x0040bbc8       0x10 src/main.o
 .rodata.image_data_calibri_36_0x28
                0x0040bbd8      0x4c5 src/main.o
 *fill*         0x0040c09d        0x3 
 .rodata.calibri_36_0x28
                0x0040c0a0       0x10 src/main.o
 .rodata.image_data_calibri_36_0x29
                0x0040c0b0      0x4c5 src/main.o
 *fill*         0x0040c575        0x3 
 .rodata.calibri_36_0x29
                0x0040c578       0x10 src/main.o
 .rodata.image_data_calibri_36_0x2a
                0x0040c588      0x7ce src/main.o
 *fill*         0x0040cd56        0x2 
 .rodata.calibri_36_0x2a
                0x0040cd58       0x10 src/main.o
 .rodata.image_data_calibri_36_0x2b
                0x0040cd68      0x7ce src/main.o
 *fill*         0x0040d536        0x2 
 .rodata.calibri_36_0x2b
                0x0040d538       0x10 src/main.o
 .rodata.image_data_calibri_36_0x2c
                0x0040d548      0x3e7 src/main.o
 *fill*         0x0040d92f        0x1 
 .rodata.calibri_36_0x2c
                0x0040d930       0x10 src/main.o
 .rodata.image_data_calibri_36_0x2d
                0x0040d940      0x4c5 src/main.o
 *fill*         0x0040de05        0x3 
 .rodata.calibri_36_0x2d
                0x0040de08       0x10 src/main.o
 .rodata.image_data_calibri_36_0x2e
                0x0040de18      0x3e7 src/main.o
 *fill*         0x0040e1ff        0x1 
 .rodata.calibri_36_0x2e
                0x0040e200       0x10 src/main.o
 .rodata.image_data_calibri_36_0x2f
                0x0040e210      0x612 src/main.o
 *fill*         0x0040e822        0x2 
 .rodata.calibri_36_0x2f
                0x0040e824       0x10 src/main.o
 .rodata.image_data_calibri_36_0x30
                0x0040e834      0x7ce src/main.o
 *fill*         0x0040f002        0x2 
 .rodata.calibri_36_0x30
                0x0040f004       0x10 src/main.o
 .rodata.image_data_calibri_36_0x31
                0x0040f014      0x7ce src/main.o
 *fill*         0x0040f7e2        0x2 
 .rodata.calibri_36_0x31
                0x0040f7e4       0x10 src/main.o
 .rodata.image_data_calibri_36_0x32
                0x0040f7f4      0x7ce src/main.o
 *fill*         0x0040ffc2        0x2 
 .rodata.calibri_36_0x32
                0x0040ffc4       0x10 src/main.o
 .rodata.image_data_calibri_36_0x33
                0x0040ffd4      0x7ce src/main.o
 *fill*         0x004107a2        0x2 
 .rodata.calibri_36_0x33
                0x004107a4       0x10 src/main.o
 .rodata.image_data_calibri_36_0x34
                0x004107b4      0x7ce src/main.o
 *fill*         0x00410f82        0x2 
 .rodata.calibri_36_0x34
                0x00410f84       0x10 src/main.o
 .rodata.image_data_calibri_36_0x35
                0x00410f94      0x7ce src/main.o
 *fill*         0x00411762        0x2 
 .rodata.calibri_36_0x35
                0x00411764       0x10 src/main.o
 .rodata.image_data_calibri_36_0x36
                0x00411774      0x7ce src/main.o
 *fill*         0x00411f42        0x2 
 .rodata.calibri_36_0x36
                0x00411f44       0x10 src/main.o
 .rodata.image_data_calibri_36_0x37
                0x00411f54      0x7ce src/main.o
 *fill*         0x00412722        0x2 
 .rodata.calibri_36_0x37
                0x00412724       0x10 src/main.o
 .rodata.image_data_calibri_36_0x38
                0x00412734      0x7ce src/main.o
 *fill*         0x00412f02        0x2 
 .rodata.calibri_36_0x38
                0x00412f04       0x10 src/main.o
 .rodata.image_data_calibri_36_0x39
                0x00412f14      0x7ce src/main.o
 *fill*         0x004136e2        0x2 
 .rodata.calibri_36_0x39
                0x004136e4       0x10 src/main.o
 .rodata.image_data_calibri_36_0x3a
                0x004136f4      0x456 src/main.o
 *fill*         0x00413b4a        0x2 
 .rodata.calibri_36_0x3a
                0x00413b4c       0x10 src/main.o
 .rodata.image_data_calibri_36_0x3b
                0x00413b5c      0x456 src/main.o
 *fill*         0x00413fb2        0x2 
 .rodata.calibri_36_0x3b
                0x00413fb4       0x10 src/main.o
 .rodata.image_data_calibri_36_0x3c
                0x00413fc4      0x7ce src/main.o
 *fill*         0x00414792        0x2 
 .rodata.calibri_36_0x3c
                0x00414794       0x10 src/main.o
 .rodata.image_data_calibri_36_0x3d
                0x004147a4      0x7ce src/main.o
 *fill*         0x00414f72        0x2 
 .rodata.calibri_36_0x3d
                0x00414f74       0x10 src/main.o
 .rodata.image_data_calibri_36_0x3e
                0x00414f84      0x7ce src/main.o
 *fill*         0x00415752        0x2 
 .rodata.calibri_36_0x3e
                0x00415754       0x10 src/main.o
 .rodata.image_data_calibri_36_0x3f
                0x00415764      0x75f src/main.o
 *fill*         0x00415ec3        0x1 
 .rodata.calibri_36_0x3f
                0x00415ec4       0x10 src/main.o
 .rodata.image_data_calibri_36_0x40
                0x00415ed4      0xde0 src/main.o
 .rodata.calibri_36_0x40
                0x00416cb4       0x10 src/main.o
 .rodata.image_data_calibri_36_0x41
                0x00416cc4      0x91b src/main.o
 *fill*         0x004175df        0x1 
 .rodata.calibri_36_0x41
                0x004175e0       0x10 src/main.o
 .rodata.image_data_calibri_36_0x42
                0x004175f0      0x8ac src/main.o
 .rodata.calibri_36_0x42
                0x00417e9c       0x10 src/main.o
 .rodata.image_data_calibri_36_0x43
                0x00417eac      0x83d src/main.o
 *fill*         0x004186e9        0x3 
 .rodata.calibri_36_0x43
                0x004186ec       0x10 src/main.o
 .rodata.image_data_calibri_36_0x44
                0x004186fc      0x98a src/main.o
 *fill*         0x00419086        0x2 
 .rodata.calibri_36_0x44
                0x00419088       0x10 src/main.o
 .rodata.image_data_calibri_36_0x45
                0x00419098      0x7ce src/main.o
 *fill*         0x00419866        0x2 
 .rodata.calibri_36_0x45
                0x00419868       0x10 src/main.o
 .rodata.image_data_calibri_36_0x46
                0x00419878      0x75f src/main.o
 *fill*         0x00419fd7        0x1 
 .rodata.calibri_36_0x46
                0x00419fd8       0x10 src/main.o
 .rodata.image_data_calibri_36_0x47
                0x00419fe8      0x9f9 src/main.o
 *fill*         0x0041a9e1        0x3 
 .rodata.calibri_36_0x47
                0x0041a9e4       0x10 src/main.o
 .rodata.image_data_calibri_36_0x48
                0x0041a9f4      0x98a src/main.o
 *fill*         0x0041b37e        0x2 
 .rodata.calibri_36_0x48
                0x0041b380       0x10 src/main.o
 .rodata.image_data_calibri_36_0x49
                0x0041b390      0x3e7 src/main.o
 *fill*         0x0041b777        0x1 
 .rodata.calibri_36_0x49
                0x0041b778       0x10 src/main.o
 .rodata.image_data_calibri_36_0x4a
                0x0041b788      0x4c5 src/main.o
 *fill*         0x0041bc4d        0x3 
 .rodata.calibri_36_0x4a
                0x0041bc50       0x10 src/main.o
 .rodata.image_data_calibri_36_0x4b
                0x0041bc60      0x83d src/main.o
 *fill*         0x0041c49d        0x3 
 .rodata.calibri_36_0x4b
                0x0041c4a0       0x10 src/main.o
 .rodata.image_data_calibri_36_0x4c
                0x0041c4b0      0x681 src/main.o
 *fill*         0x0041cb31        0x3 
 .rodata.calibri_36_0x4c
                0x0041cb34       0x10 src/main.o
 .rodata.image_data_calibri_36_0x4d
                0x0041cb44      0xd71 src/main.o
 *fill*         0x0041d8b5        0x3 
 .rodata.calibri_36_0x4d
                0x0041d8b8       0x10 src/main.o
 .rodata.image_data_calibri_36_0x4e
                0x0041d8c8      0x9f9 src/main.o
 *fill*         0x0041e2c1        0x3 
 .rodata.calibri_36_0x4e
                0x0041e2c4       0x10 src/main.o
 .rodata.image_data_calibri_36_0x4f
                0x0041e2d4      0xa68 src/main.o
 .rodata.calibri_36_0x4f
                0x0041ed3c       0x10 src/main.o
 .rodata.image_data_calibri_36_0x50
                0x0041ed4c      0x83d src/main.o
 *fill*         0x0041f589        0x3 
 .rodata.calibri_36_0x50
                0x0041f58c       0x10 src/main.o
 .rodata.image_data_calibri_36_0x51
                0x0041f59c      0xad7 src/main.o
 *fill*         0x00420073        0x1 
 .rodata.calibri_36_0x51
                0x00420074       0x10 src/main.o
 .rodata.image_data_calibri_36_0x52
                0x00420084      0x8ac src/main.o
 .rodata.calibri_36_0x52
                0x00420930       0x10 src/main.o
 .rodata.image_data_calibri_36_0x53
                0x00420940      0x75f src/main.o
 *fill*         0x0042109f        0x1 
 .rodata.calibri_36_0x53
                0x004210a0       0x10 src/main.o
 .rodata.image_data_calibri_36_0x54
                0x004210b0      0x7ce src/main.o
 *fill*         0x0042187e        0x2 
 .rodata.calibri_36_0x54
                0x00421880       0x10 src/main.o
 .rodata.image_data_calibri_36_0x55
                0x00421890      0x9f9 src/main.o
 *fill*         0x00422289        0x3 
 .rodata.calibri_36_0x55
                0x0042228c       0x10 src/main.o
 .rodata.image_data_calibri_36_0x56
                0x0042229c      0x8ac src/main.o
 .rodata.calibri_36_0x56
                0x00422b48       0x10 src/main.o
 .rodata.image_data_calibri_36_0x57
                0x00422b58      0xde0 src/main.o
 .rodata.calibri_36_0x57
                0x00423938       0x10 src/main.o
 .rodata.image_data_calibri_36_0x58
                0x00423948      0x83d src/main.o
 *fill*         0x00424185        0x3 
 .rodata.calibri_36_0x58
                0x00424188       0x10 src/main.o
 .rodata.image_data_calibri_36_0x59
                0x00424198      0x7ce src/main.o
 *fill*         0x00424966        0x2 
 .rodata.calibri_36_0x59
                0x00424968       0x10 src/main.o
 .rodata.image_data_calibri_36_0x5a
                0x00424978      0x75f src/main.o
 *fill*         0x004250d7        0x1 
 .rodata.calibri_36_0x5a
                0x004250d8       0x10 src/main.o
 .rodata.image_data_calibri_36_0x5b
                0x004250e8      0x4c5 src/main.o
 *fill*         0x004255ad        0x3 
 .rodata.calibri_36_0x5b
                0x004255b0       0x10 src/main.o
 .rodata.image_data_calibri_36_0x5c
                0x004255c0      0x612 src/main.o
 *fill*         0x00425bd2        0x2 
 .rodata.calibri_36_0x5c
                0x00425bd4       0x10 src/main.o
 .rodata.image_data_calibri_36_0x5d
                0x00425be4      0x4c5 src/main.o
 *fill*         0x004260a9        0x3 
 .rodata.calibri_36_0x5d
                0x004260ac       0x10 src/main.o
 .rodata.image_data_calibri_36_0x5e
                0x004260bc      0x7ce src/main.o
 *fill*         0x0042688a        0x2 
 .rodata.calibri_36_0x5e
                0x0042688c       0x10 src/main.o
 .rodata.image_data_calibri_36_0x5f
                0x0042689c      0x7ce src/main.o
 *fill*         0x0042706a        0x2 
 .rodata.calibri_36_0x5f
                0x0042706c       0x10 src/main.o
 .rodata.image_data_calibri_36_0x60
                0x0042707c      0x456 src/main.o
 *fill*         0x004274d2        0x2 
 .rodata.calibri_36_0x60
                0x004274d4       0x10 src/main.o
 .rodata.image_data_calibri_36_0x61
                0x004274e4      0x75f src/main.o
 *fill*         0x00427c43        0x1 
 .rodata.calibri_36_0x61
                0x00427c44       0x10 src/main.o
 .rodata.image_data_calibri_36_0x62
                0x00427c54      0x83d src/main.o
 *fill*         0x00428491        0x3 
 .rodata.calibri_36_0x62
                0x00428494       0x10 src/main.o
 .rodata.image_data_calibri_36_0x63
                0x004284a4      0x681 src/main.o
 *fill*         0x00428b25        0x3 
 .rodata.calibri_36_0x63
                0x00428b28       0x10 src/main.o
 .rodata.image_data_calibri_36_0x64
                0x00428b38      0x83d src/main.o
 *fill*         0x00429375        0x3 
 .rodata.calibri_36_0x64
                0x00429378       0x10 src/main.o
 .rodata.image_data_calibri_36_0x65
                0x00429388      0x7ce src/main.o
 *fill*         0x00429b56        0x2 
 .rodata.calibri_36_0x65
                0x00429b58       0x10 src/main.o
 .rodata.image_data_calibri_36_0x66
                0x00429b68      0x4c5 src/main.o
 *fill*         0x0042a02d        0x3 
 .rodata.calibri_36_0x66
                0x0042a030       0x10 src/main.o
 .rodata.image_data_calibri_36_0x67
                0x0042a040      0x75f src/main.o
 *fill*         0x0042a79f        0x1 
 .rodata.calibri_36_0x67
                0x0042a7a0       0x10 src/main.o
 .rodata.image_data_calibri_36_0x68
                0x0042a7b0      0x83d src/main.o
 *fill*         0x0042afed        0x3 
 .rodata.calibri_36_0x68
                0x0042aff0       0x10 src/main.o
 .rodata.image_data_calibri_36_0x69
                0x0042b000      0x378 src/main.o
 .rodata.calibri_36_0x69
                0x0042b378       0x10 src/main.o
 .rodata.image_data_calibri_36_0x6a
                0x0042b388      0x3e7 src/main.o
 *fill*         0x0042b76f        0x1 
 .rodata.calibri_36_0x6a
                0x0042b770       0x10 src/main.o
 .rodata.image_data_calibri_36_0x6b
                0x0042b780      0x6f0 src/main.o
 .rodata.calibri_36_0x6b
                0x0042be70       0x10 src/main.o
 .rodata.image_data_calibri_36_0x6c
                0x0042be80      0x378 src/main.o
 .rodata.calibri_36_0x6c
                0x0042c1f8       0x10 src/main.o
 .rodata.image_data_calibri_36_0x6d
                0x0042c208      0xc93 src/main.o
 *fill*         0x0042ce9b        0x1 
 .rodata.calibri_36_0x6d
                0x0042ce9c       0x10 src/main.o
 .rodata.image_data_calibri_36_0x6e
                0x0042ceac      0x83d src/main.o
 *fill*         0x0042d6e9        0x3 
 .rodata.calibri_36_0x6e
                0x0042d6ec       0x10 src/main.o
 .rodata.image_data_calibri_36_0x6f
                0x0042d6fc      0x83d src/main.o
 *fill*         0x0042df39        0x3 
 .rodata.calibri_36_0x6f
                0x0042df3c       0x10 src/main.o
 .rodata.image_data_calibri_36_0x70
                0x0042df4c      0x83d src/main.o
 *fill*         0x0042e789        0x3 
 .rodata.calibri_36_0x70
                0x0042e78c       0x10 src/main.o
 .rodata.image_data_calibri_36_0x71
                0x0042e79c      0x83d src/main.o
 *fill*         0x0042efd9        0x3 
 .rodata.calibri_36_0x71
                0x0042efdc       0x10 src/main.o
 .rodata.image_data_calibri_36_0x72
                0x0042efec      0x5a3 src/main.o
 *fill*         0x0042f58f        0x1 
 .rodata.calibri_36_0x72
                0x0042f590       0x10 src/main.o
 .rodata.image_data_calibri_36_0x73
                0x0042f5a0      0x612 src/main.o
 *fill*         0x0042fbb2        0x2 
 .rodata.calibri_36_0x73
                0x0042fbb4       0x10 src/main.o
 .rodata.image_data_calibri_36_0x74
                0x0042fbc4      0x534 src/main.o
 .rodata.calibri_36_0x74
                0x004300f8       0x10 src/main.o
 .rodata.image_data_calibri_36_0x75
                0x00430108      0x83d src/main.o
 *fill*         0x00430945        0x3 
 .rodata.calibri_36_0x75
                0x00430948       0x10 src/main.o
 .rodata.image_data_calibri_36_0x76
                0x00430958      0x6f0 src/main.o
 .rodata.calibri_36_0x76
                0x00431048       0x10 src/main.o
 .rodata.image_data_calibri_36_0x77
                0x00431058      0xb46 src/main.o
 *fill*         0x00431b9e        0x2 
 .rodata.calibri_36_0x77
                0x00431ba0       0x10 src/main.o
 .rodata.image_data_calibri_36_0x78
                0x00431bb0      0x6f0 src/main.o
 .rodata.calibri_36_0x78
                0x004322a0       0x10 src/main.o
 .rodata.image_data_calibri_36_0x79
                0x004322b0      0x6f0 src/main.o
 .rodata.calibri_36_0x79
                0x004329a0       0x10 src/main.o
 .rodata.image_data_calibri_36_0x7a
                0x004329b0      0x612 src/main.o
 *fill*         0x00432fc2        0x2 
 .rodata.calibri_36_0x7a
                0x00432fc4       0x10 src/main.o
 .rodata.image_data_calibri_36_0x7b
                0x00432fd4      0x4c5 src/main.o
 *fill*         0x00433499        0x3 
 .rodata.calibri_36_0x7b
                0x0043349c       0x10 src/main.o
 .rodata.image_data_calibri_36_0x7c
                0x004334ac      0x75f src/main.o
 *fill*         0x00433c0b        0x1 
 .rodata.calibri_36_0x7c
                0x00433c0c       0x10 src/main.o
 .rodata.image_data_calibri_36_0x7d
                0x00433c1c      0x4c5 src/main.o
 *fill*         0x004340e1        0x3 
 .rodata.calibri_36_0x7d
                0x004340e4       0x10 src/main.o
 .rodata.image_data_calibri_36_0x7e
                0x004340f4      0x7ce src/main.o
 *fill*         0x004348c2        0x2 
 .rodata.calibri_36_0x7e
                0x004348c4       0x10 src/main.o
 .rodata.calibri_36_array
                0x004348d4      0x2f8 src/main.o
 .rodata.calibri_36
                0x00434bcc        0xc src/main.o
                0x00434bcc                calibri_36
 .rodata        0x00434bd8       0x2f src/main.o
 *fill*         0x00434c07        0x1 
 .rodata._global_impure_ptr
                0x00434c08        0x4 c:/program files (x86)/atmel/studio/7.0/toolchain/arm/arm-gnu-toolchain/bin/../lib/gcc/arm-none-eabi/6.3.1/../../../../arm-none-eabi/lib/thumb/v7e-m\libc.a(lib_a-impure.o)
                0x00434c08                _global_impure_ptr
 .rodata._svfprintf_r.str1.4
                0x00434c0c       0x42 c:/program files (x86)/atmel/studio/7.0/toolchain/arm/arm-gnu-toolchain/bin/../lib/gcc/arm-none-eabi/6.3.1/../../../../arm-none-eabi/lib/thumb/v7e-m\libc.a(lib_a-svfprintf.o)
 *fill*         0x00434c4e        0x2 
 .rodata.blanks.7223
                0x00434c50       0x10 c:/program files (x86)/atmel/studio/7.0/toolchain/arm/arm-gnu-toolchain/bin/../lib/gcc/arm-none-eabi/6.3.1/../../../../arm-none-eabi/lib/thumb/v7e-m\libc.a(lib_a-svfprintf.o)
 .rodata.zeroes.7224
                0x00434c60       0x10 c:/program files (x86)/atmel/studio/7.0/toolchain/arm/arm-gnu-toolchain/bin/../lib/gcc/arm-none-eabi/6.3.1/../../../../arm-none-eabi/lib/thumb/v7e-m\libc.a(lib_a-svfprintf.o)
 .rodata._dtoa_r.str1.4
                0x00434c70       0x10 c:/program files (x86)/atmel/studio/7.0/toolchain/arm/arm-gnu-toolchain/bin/../lib/gcc/arm-none-eabi/6.3.1/../../../../arm-none-eabi/lib/thumb/v7e-m\libc.a(lib_a-dtoa.o)
                                 0x12 (size before relaxing)
 .rodata.__mprec_bigtens
                0x00434c80       0x28 c:/program files (x86)/atmel/studio/7.0/toolchain/arm/arm-gnu-toolchain/bin/../lib/gcc/arm-none-eabi/6.3.1/../../../../arm-none-eabi/lib/thumb/v7e-m\libc.a(lib_a-mprec.o)
                0x00434c80                __mprec_bigtens
 .rodata.__mprec_tens
                0x00434ca8       0xc8 c:/program files (x86)/atmel/studio/7.0/toolchain/arm/arm-gnu-toolchain/bin/../lib/gcc/arm-none-eabi/6.3.1/../../../../arm-none-eabi/lib/thumb/v7e-m\libc.a(lib_a-mprec.o)
                0x00434ca8                __mprec_tens
 .rodata.p05.6055
                0x00434d70        0xc c:/program files (x86)/atmel/studio/7.0/toolchain/arm/arm-gnu-toolchain/bin/../lib/gcc/arm-none-eabi/6.3.1/../../../../arm-none-eabi/lib/thumb/v7e-m\libc.a(lib_a-mprec.o)
 .rodata._setlocale_r.str1.4
                0x00434d7c        0xa c:/program files (x86)/atmel/studio/7.0/toolchain/arm/arm-gnu-toolchain/bin/../lib/gcc/arm-none-eabi/6.3.1/../../../../arm-none-eabi/lib/thumb/v7e-m\libc.a(lib_a-locale.o)
                                  0xd (size before relaxing)
 *fill*         0x00434d86        0x2 
 .rodata.str1.4
                0x00434d88        0x4 c:/program files (x86)/atmel/studio/7.0/toolchain/arm/arm-gnu-toolchain/bin/../lib/gcc/arm-none-eabi/6.3.1/../../../../arm-none-eabi/lib/thumb/v7e-m\libc.a(lib_a-locale.o)
                                  0x2 (size before relaxing)
 .rodata._ctype_
                0x00434d8c      0x101 c:/program files (x86)/atmel/studio/7.0/toolchain/arm/arm-gnu-toolchain/bin/../lib/gcc/arm-none-eabi/6.3.1/../../../../arm-none-eabi/lib/thumb/v7e-m\libc.a(lib_a-ctype_.o)
                0x00434d8c                _ctype_
 *(.ARM.extab* .gnu.linkonce.armextab.*)
                0x00434e90                . = ALIGN (0x4)
 *fill*         0x00434e8d        0x3 
 *(.init)
 .init          0x00434e90        0x4 c:/program files (x86)/atmel/studio/7.0/toolchain/arm/arm-gnu-toolchain/bin/../lib/gcc/arm-none-eabi/6.3.1/thumb/v7e-m/crti.o
                0x00434e90                _init
 .init          0x00434e94        0x8 c:/program files (x86)/atmel/studio/7.0/toolchain/arm/arm-gnu-toolchain/bin/../lib/gcc/arm-none-eabi/6.3.1/thumb/v7e-m/crtn.o
                0x00434e9c                . = ALIGN (0x4)
                0x00434e9c                __preinit_array_start = .
 *(.preinit_array)
                0x00434e9c                __preinit_array_end = .
                0x00434e9c                . = ALIGN (0x4)
                0x00434e9c                __init_array_start = .
 *(SORT(.init_array.*))
 .init_array.00000
                0x00434e9c        0x4 c:/program files (x86)/atmel/studio/7.0/toolchain/arm/arm-gnu-toolchain/bin/../lib/gcc/arm-none-eabi/6.3.1/../../../../arm-none-eabi/lib/thumb/v7e-m\libc.a(lib_a-__call_atexit.o)
 *(.init_array)
 .init_array    0x00434ea0        0x4 c:/program files (x86)/atmel/studio/7.0/toolchain/arm/arm-gnu-toolchain/bin/../lib/gcc/arm-none-eabi/6.3.1/thumb/v7e-m/crtbegin.o
                0x00434ea4                __init_array_end = .
                0x00434ea4                . = ALIGN (0x4)
 *crtbegin.o(.ctors)
 *(EXCLUDE_FILE(*crtend.o) .ctors)
 *(SORT(.ctors.*))
 *crtend.o(.ctors)
                0x00434ea4                . = ALIGN (0x4)
 *(.fini)
 .fini          0x00434ea4        0x4 c:/program files (x86)/atmel/studio/7.0/toolchain/arm/arm-gnu-toolchain/bin/../lib/gcc/arm-none-eabi/6.3.1/thumb/v7e-m/crti.o
                0x00434ea4                _fini
 .fini          0x00434ea8        0x8 c:/program files (x86)/atmel/studio/7.0/toolchain/arm/arm-gnu-toolchain/bin/../lib/gcc/arm-none-eabi/6.3.1/thumb/v7e-m/crtn.o
                0x00434eb0                . = ALIGN (0x4)
                0x00434eb0                __fini_array_start = .
 *(.fini_array)
 .fini_array    0x00434eb0        0x4 c:/program files (x86)/atmel/studio/7.0/toolchain/arm/arm-gnu-toolchain/bin/../lib/gcc/arm-none-eabi/6.3.1/thumb/v7e-m/crtbegin.o
 *(SORT(.fini_array.*))
                0x00434eb4                __fini_array_end = .
 *crtbegin.o(.dtors)
 *(EXCLUDE_FILE(*crtend.o) .dtors)
 *(SORT(.dtors.*))
 *crtend.o(.dtors)
                0x00434eb4                . = ALIGN (0x4)
                0x00434eb4                _efixed = .
                [!provide]                PROVIDE (__exidx_start, .)

.vfp11_veneer   0x00434eb4        0x0
 .vfp11_veneer  0x00434eb4        0x0 linker stubs

.v4_bx          0x00434eb4        0x0
 .v4_bx         0x00434eb4        0x0 linker stubs

.iplt           0x00434eb4        0x0
 .iplt          0x00434eb4        0x0 c:/program files (x86)/atmel/studio/7.0/toolchain/arm/arm-gnu-toolchain/bin/../lib/gcc/arm-none-eabi/6.3.1/thumb/v7e-m/crtbegin.o

.ARM.exidx      0x00434eb4        0x8
 *(.ARM.exidx* .gnu.linkonce.armexidx.*)
 .ARM.exidx     0x00434eb4        0x8 c:/program files (x86)/atmel/studio/7.0/toolchain/arm/arm-gnu-toolchain/bin/../lib/gcc/arm-none-eabi/6.3.1/thumb/v7e-m\libgcc.a(_udivmoddi4.o)
                [!provide]                PROVIDE (__exidx_end, .)

.eh_frame       0x00434ebc        0x0
 .eh_frame      0x00434ebc        0x0 c:/program files (x86)/atmel/studio/7.0/toolchain/arm/arm-gnu-toolchain/bin/../lib/gcc/arm-none-eabi/6.3.1/thumb/v7e-m/crtbegin.o

.rel.dyn        0x00434ebc        0x0
 .rel.iplt      0x00434ebc        0x0 c:/program files (x86)/atmel/studio/7.0/toolchain/arm/arm-gnu-toolchain/bin/../lib/gcc/arm-none-eabi/6.3.1/thumb/v7e-m/crtbegin.o

.jcr            0x00434ebc        0x0
 .jcr           0x00434ebc        0x0 c:/program files (x86)/atmel/studio/7.0/toolchain/arm/arm-gnu-toolchain/bin/../lib/gcc/arm-none-eabi/6.3.1/thumb/v7e-m/crtbegin.o

.igot.plt       0x00434ebc        0x0
 .igot.plt      0x00434ebc        0x0 c:/program files (x86)/atmel/studio/7.0/toolchain/arm/arm-gnu-toolchain/bin/../lib/gcc/arm-none-eabi/6.3.1/thumb/v7e-m/crtbegin.o
                0x00434ebc                . = ALIGN (0x4)
                0x00434ebc                _etext = .

.relocate       0x20400000      0x9c0 load address 0x00434ebc
                0x20400000                . = ALIGN (0x4)
                0x20400000                _srelocate = .
 *(.ramfunc .ramfunc.*)
 *(.data .data.*)
 .data.radius   0x20400000        0x4 src/main.o
                0x20400000                radius
 .data.g_interrupt_enabled
                0x20400004        0x1 src/ASF/common/utils/interrupt/interrupt_sam_nvic.o
                0x20400004                g_interrupt_enabled
 *fill*         0x20400005        0x3 
 .data.ul_flash_in_wait_mode
                0x20400008        0x4 src/ASF/sam/drivers/pmc/pmc.o
 .data.SystemCoreClock
                0x2040000c        0x4 src/ASF/sam/utils/cmsis/same70/source/templates/system_same70.o
                0x2040000c                SystemCoreClock
 .data._impure_ptr
                0x20400010        0x4 c:/program files (x86)/atmel/studio/7.0/toolchain/arm/arm-gnu-toolchain/bin/../lib/gcc/arm-none-eabi/6.3.1/../../../../arm-none-eabi/lib/thumb/v7e-m\libc.a(lib_a-impure.o)
                0x20400010                _impure_ptr
 *fill*         0x20400014        0x4 
 .data.impure_data
                0x20400018      0x428 c:/program files (x86)/atmel/studio/7.0/toolchain/arm/arm-gnu-toolchain/bin/../lib/gcc/arm-none-eabi/6.3.1/../../../../arm-none-eabi/lib/thumb/v7e-m\libc.a(lib_a-impure.o)
 .data.__atexit_recursive_mutex
                0x20400440        0x4 c:/program files (x86)/atmel/studio/7.0/toolchain/arm/arm-gnu-toolchain/bin/../lib/gcc/arm-none-eabi/6.3.1/../../../../arm-none-eabi/lib/thumb/v7e-m\libc.a(lib_a-__call_atexit.o)
                0x20400440                __atexit_recursive_mutex
 .data.__malloc_av_
                0x20400444      0x408 c:/program files (x86)/atmel/studio/7.0/toolchain/arm/arm-gnu-toolchain/bin/../lib/gcc/arm-none-eabi/6.3.1/../../../../arm-none-eabi/lib/thumb/v7e-m\libc.a(lib_a-mallocr.o)
                0x20400444                __malloc_av_
 .data.__malloc_sbrk_base
                0x2040084c        0x4 c:/program files (x86)/atmel/studio/7.0/toolchain/arm/arm-gnu-toolchain/bin/../lib/gcc/arm-none-eabi/6.3.1/../../../../arm-none-eabi/lib/thumb/v7e-m\libc.a(lib_a-mallocr.o)
                0x2040084c                __malloc_sbrk_base
 .data.__malloc_trim_threshold
                0x20400850        0x4 c:/program files (x86)/atmel/studio/7.0/toolchain/arm/arm-gnu-toolchain/bin/../lib/gcc/arm-none-eabi/6.3.1/../../../../arm-none-eabi/lib/thumb/v7e-m\libc.a(lib_a-mallocr.o)
                0x20400850                __malloc_trim_threshold
 .data.__global_locale
                0x20400854      0x16c c:/program files (x86)/atmel/studio/7.0/toolchain/arm/arm-gnu-toolchain/bin/../lib/gcc/arm-none-eabi/6.3.1/../../../../arm-none-eabi/lib/thumb/v7e-m\libc.a(lib_a-locale.o)
                0x20400854                __global_locale
                0x204009c0                . = ALIGN (0x4)
                0x204009c0                _erelocate = .

.bss            0x204009c0      0x4dc load address 0x0043587c
                0x204009c0                . = ALIGN (0x4)
                0x204009c0                _sbss = .
                0x204009c0                _szero = .
 *(.bss .bss.*)
 .bss           0x204009c0       0x1c c:/program files (x86)/atmel/studio/7.0/toolchain/arm/arm-gnu-toolchain/bin/../lib/gcc/arm-none-eabi/6.3.1/thumb/v7e-m/crtbegin.o
 .bss.g_wobits_in_rtt_mr
                0x204009dc        0x4 src/ASF/sam/drivers/rtt/rtt.o
 .bss.counter   0x204009e0        0x4 src/main.o
                0x204009e0                counter
 .bss.but_flag  0x204009e4        0x4 src/main.o
                0x204009e4                but_flag
 .bss.dtc       0x204009e8        0x4 src/main.o
                0x204009e8                dtc
 .bss.f_rtt_alarme
                0x204009ec        0x1 src/main.o
                0x204009ec                f_rtt_alarme
 *fill*         0x204009ed        0x3 
 .bss.g_ul_pixel_cache
                0x204009f0      0x3c0 src/ASF/sam/components/display/ili9488/ili9488.o
 .bss.gs_interrupt_sources
                0x20400db0       0x70 src/ASF/sam/drivers/pio/pio_handler.o
 .bss.gs_ul_nb_sources
                0x20400e20        0x4 src/ASF/sam/drivers/pio/pio_handler.o
 .bss.b_is_sleep_clock_used
                0x20400e24        0x1 src/ASF/sam/drivers/pmc/sleep.o
 *fill*         0x20400e25        0x3 
 .bss.callback_clocks_restored
                0x20400e28        0x4 src/ASF/sam/drivers/pmc/sleep.o
 .bss.heap.6420
                0x20400e2c        0x4 src/ASF/sam/utils/syscalls/gcc/syscalls.o
 .bss.__malloc_current_mallinfo
                0x20400e30       0x28 c:/program files (x86)/atmel/studio/7.0/toolchain/arm/arm-gnu-toolchain/bin/../lib/gcc/arm-none-eabi/6.3.1/../../../../arm-none-eabi/lib/thumb/v7e-m\libc.a(lib_a-mallocr.o)
                0x20400e30                __malloc_current_mallinfo
 .bss.__malloc_max_sbrked_mem
                0x20400e58        0x4 c:/program files (x86)/atmel/studio/7.0/toolchain/arm/arm-gnu-toolchain/bin/../lib/gcc/arm-none-eabi/6.3.1/../../../../arm-none-eabi/lib/thumb/v7e-m\libc.a(lib_a-mallocr.o)
                0x20400e58                __malloc_max_sbrked_mem
 .bss.__malloc_max_total_mem
                0x20400e5c        0x4 c:/program files (x86)/atmel/studio/7.0/toolchain/arm/arm-gnu-toolchain/bin/../lib/gcc/arm-none-eabi/6.3.1/../../../../arm-none-eabi/lib/thumb/v7e-m\libc.a(lib_a-mallocr.o)
                0x20400e5c                __malloc_max_total_mem
 .bss.__malloc_top_pad
                0x20400e60        0x4 c:/program files (x86)/atmel/studio/7.0/toolchain/arm/arm-gnu-toolchain/bin/../lib/gcc/arm-none-eabi/6.3.1/../../../../arm-none-eabi/lib/thumb/v7e-m\libc.a(lib_a-mallocr.o)
                0x20400e60                __malloc_top_pad
 *(COMMON)
 COMMON         0x20400e64       0x10 src/main.o
                0x20400e64                g_ili9488_display_opt
 COMMON         0x20400e74       0x21 c:/program files (x86)/atmel/studio/7.0/toolchain/arm/arm-gnu-toolchain/bin/../lib/gcc/arm-none-eabi/6.3.1/../../../../arm-none-eabi/lib/thumb/v7e-m\libc.a(lib_a-lock.o)
                0x20400e74                __lock___atexit_recursive_mutex
                0x20400e78                __lock___arc4random_mutex
                0x20400e7c                __lock___env_recursive_mutex
                0x20400e80                __lock___sinit_recursive_mutex
                0x20400e84                __lock___malloc_recursive_mutex
                0x20400e88                __lock___at_quick_exit_mutex
                0x20400e8c                __lock___dd_hash_mutex
                0x20400e90                __lock___tz_mutex
                0x20400e94                __lock___sfp_recursive_mutex
 *fill*         0x20400e95        0x3 
 COMMON         0x20400e98        0x4 c:/program files (x86)/atmel/studio/7.0/toolchain/arm/arm-gnu-toolchain/bin/../lib/gcc/arm-none-eabi/6.3.1/../../../../arm-none-eabi/lib/thumb/v7e-m\libc.a(lib_a-reent.o)
                0x20400e98                errno
                0x20400e9c                . = ALIGN (0x4)
                0x20400e9c                _ebss = .
                0x20400e9c                _ezero = .

.stack          0x20400e9c     0x2004 load address 0x00435d58
                0x20400ea0                . = ALIGN (0x8)
 *fill*         0x20400e9c        0x4 
                0x20400ea0                _sstack = .
                0x20402ea0                . = (. + STACK_SIZE)
 *fill*         0x20400ea0     0x2000 
                0x20402ea0                . = ALIGN (0x8)
                0x20402ea0                _estack = .

.heap           0x20402ea0      0x200 load address 0x00437d5c
                0x20402ea0                . = ALIGN (0x8)
                0x20402ea0                _sheap = .
                0x204030a0                . = (. + HEAP_SIZE)
 *fill*         0x20402ea0      0x200 
                0x204030a0                . = ALIGN (0x8)
                0x204030a0                _eheap = .
                0x204030a0                . = ALIGN (0x4)
                0x204030a0                _end = .
                0x2045ffff                _ram_end_ = ((ORIGIN (ram) + LENGTH (ram)) - 0x1)
OUTPUT(SAME70_FONTS.elf elf32-littlearm)

.ARM.attributes
                0x00000000       0x2e
 .ARM.attributes
                0x00000000       0x1e c:/program files (x86)/atmel/studio/7.0/toolchain/arm/arm-gnu-toolchain/bin/../lib/gcc/arm-none-eabi/6.3.1/thumb/v7e-m/crti.o
 .ARM.attributes
                0x0000001e       0x2e c:/program files (x86)/atmel/studio/7.0/toolchain/arm/arm-gnu-toolchain/bin/../lib/gcc/arm-none-eabi/6.3.1/thumb/v7e-m/crtbegin.o
 .ARM.attributes
                0x0000004c       0x37 src/ASF/sam/drivers/rtc/rtc.o
 .ARM.attributes
                0x00000083       0x37 src/ASF/sam/drivers/rtt/rtt.o
 .ARM.attributes
                0x000000ba       0x37 src/main.o
 .ARM.attributes
                0x000000f1       0x37 src/ASF/common/services/spi/sam_spi/spi_master.o
 .ARM.attributes
                0x00000128       0x37 src/ASF/sam/components/display/ili9488/ili9488.o
 .ARM.attributes
                0x0000015f       0x37 src/ASF/sam/drivers/spi/spi.o
 .ARM.attributes
                0x00000196       0x37 src/ASF/common/services/clock/same70/sysclk.o
 .ARM.attributes
                0x000001cd       0x37 src/ASF/common/utils/interrupt/interrupt_sam_nvic.o
 .ARM.attributes
                0x00000204       0x37 src/ASF/sam/boards/same70_xplained/init.o
 .ARM.attributes
                0x0000023b       0x37 src/ASF/sam/drivers/pio/pio.o
 .ARM.attributes
                0x00000272       0x37 src/ASF/sam/drivers/pio/pio_handler.o
 .ARM.attributes
                0x000002a9       0x37 src/ASF/sam/drivers/pmc/pmc.o
 .ARM.attributes
                0x000002e0       0x37 src/ASF/sam/drivers/pmc/sleep.o
 .ARM.attributes
                0x00000317       0x37 src/ASF/sam/utils/cmsis/same70/source/templates/gcc/startup_same70.o
 .ARM.attributes
                0x0000034e       0x37 src/ASF/sam/utils/cmsis/same70/source/templates/system_same70.o
 .ARM.attributes
                0x00000385       0x37 src/ASF/sam/utils/syscalls/gcc/syscalls.o
 .ARM.attributes
                0x000003bc       0x1e c:/program files (x86)/atmel/studio/7.0/toolchain/arm/arm-gnu-toolchain/bin/../lib/gcc/arm-none-eabi/6.3.1/thumb/v7e-m\libgcc.a(_arm_addsubdf3.o)
 .ARM.attributes
                0x000003da       0x1e c:/program files (x86)/atmel/studio/7.0/toolchain/arm/arm-gnu-toolchain/bin/../lib/gcc/arm-none-eabi/6.3.1/thumb/v7e-m\libgcc.a(_arm_muldivdf3.o)
 .ARM.attributes
                0x000003f8       0x1e c:/program files (x86)/atmel/studio/7.0/toolchain/arm/arm-gnu-toolchain/bin/../lib/gcc/arm-none-eabi/6.3.1/thumb/v7e-m\libgcc.a(_arm_truncdfsf2.o)
 .ARM.attributes
                0x00000416       0x2e c:/program files (x86)/atmel/studio/7.0/toolchain/arm/arm-gnu-toolchain/bin/../lib/gcc/arm-none-eabi/6.3.1/../../../../arm-none-eabi/lib/thumb/v7e-m\libc.a(lib_a-impure.o)
 .ARM.attributes
                0x00000444       0x2e c:/program files (x86)/atmel/studio/7.0/toolchain/arm/arm-gnu-toolchain/bin/../lib/gcc/arm-none-eabi/6.3.1/../../../../arm-none-eabi/lib/thumb/v7e-m\libc.a(lib_a-init.o)
 .ARM.attributes
                0x00000472       0x2e c:/program files (x86)/atmel/studio/7.0/toolchain/arm/arm-gnu-toolchain/bin/../lib/gcc/arm-none-eabi/6.3.1/../../../../arm-none-eabi/lib/thumb/v7e-m\libc.a(lib_a-memset.o)
 .ARM.attributes
                0x000004a0       0x2e c:/program files (x86)/atmel/studio/7.0/toolchain/arm/arm-gnu-toolchain/bin/../lib/gcc/arm-none-eabi/6.3.1/../../../../arm-none-eabi/lib/thumb/v7e-m\libc.a(lib_a-sprintf.o)
 .ARM.attributes
                0x000004ce       0x2e c:/program files (x86)/atmel/studio/7.0/toolchain/arm/arm-gnu-toolchain/bin/../lib/gcc/arm-none-eabi/6.3.1/../../../../arm-none-eabi/lib/thumb/v7e-m\libc.a(lib_a-svfprintf.o)
 .ARM.attributes
                0x000004fc       0x2e c:/program files (x86)/atmel/studio/7.0/toolchain/arm/arm-gnu-toolchain/bin/../lib/gcc/arm-none-eabi/6.3.1/../../../../arm-none-eabi/lib/thumb/v7e-m\libc.a(lib_a-__call_atexit.o)
 .ARM.attributes
                0x0000052a       0x2e c:/program files (x86)/atmel/studio/7.0/toolchain/arm/arm-gnu-toolchain/bin/../lib/gcc/arm-none-eabi/6.3.1/../../../../arm-none-eabi/lib/thumb/v7e-m\libc.a(lib_a-atexit.o)
 .ARM.attributes
                0x00000558       0x2e c:/program files (x86)/atmel/studio/7.0/toolchain/arm/arm-gnu-toolchain/bin/../lib/gcc/arm-none-eabi/6.3.1/../../../../arm-none-eabi/lib/thumb/v7e-m\libc.a(lib_a-dtoa.o)
 .ARM.attributes
                0x00000586       0x2e c:/program files (x86)/atmel/studio/7.0/toolchain/arm/arm-gnu-toolchain/bin/../lib/gcc/arm-none-eabi/6.3.1/../../../../arm-none-eabi/lib/thumb/v7e-m\libc.a(lib_a-fini.o)
 .ARM.attributes
                0x000005b4       0x2e c:/program files (x86)/atmel/studio/7.0/toolchain/arm/arm-gnu-toolchain/bin/../lib/gcc/arm-none-eabi/6.3.1/../../../../arm-none-eabi/lib/thumb/v7e-m\libc.a(lib_a-localeconv.o)
 .ARM.attributes
                0x000005e2       0x2e c:/program files (x86)/atmel/studio/7.0/toolchain/arm/arm-gnu-toolchain/bin/../lib/gcc/arm-none-eabi/6.3.1/../../../../arm-none-eabi/lib/thumb/v7e-m\libc.a(lib_a-lock.o)
 .ARM.attributes
                0x00000610       0x2e c:/program files (x86)/atmel/studio/7.0/toolchain/arm/arm-gnu-toolchain/bin/../lib/gcc/arm-none-eabi/6.3.1/../../../../arm-none-eabi/lib/thumb/v7e-m\libc.a(lib_a-mallocr.o)
 .ARM.attributes
                0x0000063e       0x1c c:/program files (x86)/atmel/studio/7.0/toolchain/arm/arm-gnu-toolchain/bin/../lib/gcc/arm-none-eabi/6.3.1/../../../../arm-none-eabi/lib/thumb/v7e-m\libc.a(lib_a-memchr.o)
 .ARM.attributes
                0x0000065a       0x1c c:/program files (x86)/atmel/studio/7.0/toolchain/arm/arm-gnu-toolchain/bin/../lib/gcc/arm-none-eabi/6.3.1/../../../../arm-none-eabi/lib/thumb/v7e-m\libc.a(lib_a-memcpy.o)
 .ARM.attributes
                0x00000676       0x2e c:/program files (x86)/atmel/studio/7.0/toolchain/arm/arm-gnu-toolchain/bin/../lib/gcc/arm-none-eabi/6.3.1/../../../../arm-none-eabi/lib/thumb/v7e-m\libc.a(lib_a-mlock.o)
 .ARM.attributes
                0x000006a4       0x2e c:/program files (x86)/atmel/studio/7.0/toolchain/arm/arm-gnu-toolchain/bin/../lib/gcc/arm-none-eabi/6.3.1/../../../../arm-none-eabi/lib/thumb/v7e-m\libc.a(lib_a-mprec.o)
 .ARM.attributes
                0x000006d2       0x2e c:/program files (x86)/atmel/studio/7.0/toolchain/arm/arm-gnu-toolchain/bin/../lib/gcc/arm-none-eabi/6.3.1/../../../../arm-none-eabi/lib/thumb/v7e-m\libc.a(lib_a-sbrkr.o)
 .ARM.attributes
                0x00000700       0x1c c:/program files (x86)/atmel/studio/7.0/toolchain/arm/arm-gnu-toolchain/bin/../lib/gcc/arm-none-eabi/6.3.1/../../../../arm-none-eabi/lib/thumb/v7e-m\libc.a(lib_a-strlen.o)
 .ARM.attributes
                0x0000071c       0x2e c:/program files (x86)/atmel/studio/7.0/toolchain/arm/arm-gnu-toolchain/bin/../lib/gcc/arm-none-eabi/6.3.1/../../../../arm-none-eabi/lib/thumb/v7e-m\libc.a(lib_a-svfiprintf.o)
 .ARM.attributes
                0x0000074a       0x2e c:/program files (x86)/atmel/studio/7.0/toolchain/arm/arm-gnu-toolchain/bin/../lib/gcc/arm-none-eabi/6.3.1/../../../../arm-none-eabi/lib/thumb/v7e-m\libc.a(lib_a-__atexit.o)
 .ARM.attributes
                0x00000778       0x2e c:/program files (x86)/atmel/studio/7.0/toolchain/arm/arm-gnu-toolchain/bin/../lib/gcc/arm-none-eabi/6.3.1/../../../../arm-none-eabi/lib/thumb/v7e-m\libc.a(lib_a-callocr.o)
 .ARM.attributes
                0x000007a6       0x2e c:/program files (x86)/atmel/studio/7.0/toolchain/arm/arm-gnu-toolchain/bin/../lib/gcc/arm-none-eabi/6.3.1/../../../../arm-none-eabi/lib/thumb/v7e-m\libc.a(lib_a-freer.o)
 .ARM.attributes
                0x000007d4       0x2e c:/program files (x86)/atmel/studio/7.0/toolchain/arm/arm-gnu-toolchain/bin/../lib/gcc/arm-none-eabi/6.3.1/../../../../arm-none-eabi/lib/thumb/v7e-m\libc.a(lib_a-locale.o)
 .ARM.attributes
                0x00000802       0x2e c:/program files (x86)/atmel/studio/7.0/toolchain/arm/arm-gnu-toolchain/bin/../lib/gcc/arm-none-eabi/6.3.1/../../../../arm-none-eabi/lib/thumb/v7e-m\libc.a(lib_a-mbtowc_r.o)
 .ARM.attributes
                0x00000830       0x2e c:/program files (x86)/atmel/studio/7.0/toolchain/arm/arm-gnu-toolchain/bin/../lib/gcc/arm-none-eabi/6.3.1/../../../../arm-none-eabi/lib/thumb/v7e-m\libc.a(lib_a-memmove.o)
 .ARM.attributes
                0x0000085e       0x2e c:/program files (x86)/atmel/studio/7.0/toolchain/arm/arm-gnu-toolchain/bin/../lib/gcc/arm-none-eabi/6.3.1/../../../../arm-none-eabi/lib/thumb/v7e-m\libc.a(lib_a-reallocr.o)
 .ARM.attributes
                0x0000088c       0x2e c:/program files (x86)/atmel/studio/7.0/toolchain/arm/arm-gnu-toolchain/bin/../lib/gcc/arm-none-eabi/6.3.1/../../../../arm-none-eabi/lib/thumb/v7e-m\libc.a(lib_a-reent.o)
 .ARM.attributes
                0x000008ba       0x2e c:/program files (x86)/atmel/studio/7.0/toolchain/arm/arm-gnu-toolchain/bin/../lib/gcc/arm-none-eabi/6.3.1/../../../../arm-none-eabi/lib/thumb/v7e-m\libc.a(lib_a-wctomb_r.o)
 .ARM.attributes
                0x000008e8       0x2e c:/program files (x86)/atmel/studio/7.0/toolchain/arm/arm-gnu-toolchain/bin/../lib/gcc/arm-none-eabi/6.3.1/../../../../arm-none-eabi/lib/thumb/v7e-m\libc.a(lib_a-ctype_.o)
 .ARM.attributes
                0x00000916       0x1e c:/program files (x86)/atmel/studio/7.0/toolchain/arm/arm-gnu-toolchain/bin/../lib/gcc/arm-none-eabi/6.3.1/thumb/v7e-m\libgcc.a(_arm_cmpdf2.o)
 .ARM.attributes
                0x00000934       0x1e c:/program files (x86)/atmel/studio/7.0/toolchain/arm/arm-gnu-toolchain/bin/../lib/gcc/arm-none-eabi/6.3.1/thumb/v7e-m\libgcc.a(_arm_unorddf2.o)
 .ARM.attributes
                0x00000952       0x1e c:/program files (x86)/atmel/studio/7.0/toolchain/arm/arm-gnu-toolchain/bin/../lib/gcc/arm-none-eabi/6.3.1/thumb/v7e-m\libgcc.a(_arm_fixdfsi.o)
 .ARM.attributes
                0x00000970       0x1e c:/program files (x86)/atmel/studio/7.0/toolchain/arm/arm-gnu-toolchain/bin/../lib/gcc/arm-none-eabi/6.3.1/thumb/v7e-m\libgcc.a(_aeabi_uldivmod.o)
 .ARM.attributes
                0x0000098e       0x2e c:/program files (x86)/atmel/studio/7.0/toolchain/arm/arm-gnu-toolchain/bin/../lib/gcc/arm-none-eabi/6.3.1/thumb/v7e-m\libgcc.a(_udivmoddi4.o)
 .ARM.attributes
                0x000009bc       0x1e c:/program files (x86)/atmel/studio/7.0/toolchain/arm/arm-gnu-toolchain/bin/../lib/gcc/arm-none-eabi/6.3.1/thumb/v7e-m\libgcc.a(_dvmd_tls.o)
 .ARM.attributes
                0x000009da       0x1e c:/program files (x86)/atmel/studio/7.0/toolchain/arm/arm-gnu-toolchain/bin/../lib/gcc/arm-none-eabi/6.3.1/thumb/v7e-m/crtn.o

.comment        0x00000000       0x59
 .comment       0x00000000       0x59 src/ASF/sam/drivers/rtc/rtc.o
                                 0x5a (size before relaxing)
 .comment       0x00000059       0x5a src/ASF/sam/drivers/rtt/rtt.o
 .comment       0x00000059       0x5a src/main.o
 .comment       0x00000059       0x5a src/ASF/common/services/spi/sam_spi/spi_master.o
 .comment       0x00000059       0x5a src/ASF/sam/components/display/ili9488/ili9488.o
 .comment       0x00000059       0x5a src/ASF/sam/drivers/spi/spi.o
 .comment       0x00000059       0x5a src/ASF/common/services/clock/same70/sysclk.o
 .comment       0x00000059       0x5a src/ASF/common/utils/interrupt/interrupt_sam_nvic.o
 .comment       0x00000059       0x5a src/ASF/sam/boards/same70_xplained/init.o
 .comment       0x00000059       0x5a src/ASF/sam/drivers/pio/pio.o
 .comment       0x00000059       0x5a src/ASF/sam/drivers/pio/pio_handler.o
 .comment       0x00000059       0x5a src/ASF/sam/drivers/pmc/pmc.o
 .comment       0x00000059       0x5a src/ASF/sam/drivers/pmc/sleep.o
 .comment       0x00000059       0x5a src/ASF/sam/utils/cmsis/same70/source/templates/gcc/startup_same70.o
 .comment       0x00000059       0x5a src/ASF/sam/utils/cmsis/same70/source/templates/system_same70.o
 .comment       0x00000059       0x5a src/ASF/sam/utils/syscalls/gcc/syscalls.o

.debug_info     0x00000000    0x16e31
 .debug_info    0x00000000     0x1158 src/ASF/sam/drivers/rtc/rtc.o
 .debug_info    0x00001158      0xcaf src/ASF/sam/drivers/rtt/rtt.o
 .debug_info    0x00001e07     0x35b4 src/main.o
 .debug_info    0x000053bb     0x143e src/ASF/common/services/spi/sam_spi/spi_master.o
 .debug_info    0x000067f9     0x208c src/ASF/sam/components/display/ili9488/ili9488.o
 .debug_info    0x00008885     0x1123 src/ASF/sam/drivers/spi/spi.o
 .debug_info    0x000099a8     0x1311 src/ASF/common/services/clock/same70/sysclk.o
 .debug_info    0x0000acb9      0xb06 src/ASF/common/utils/interrupt/interrupt_sam_nvic.o
 .debug_info    0x0000b7bf     0x1fcd src/ASF/sam/boards/same70_xplained/init.o
 .debug_info    0x0000d78c     0x1ce3 src/ASF/sam/drivers/pio/pio.o
 .debug_info    0x0000f46f     0x1a74 src/ASF/sam/drivers/pio/pio_handler.o
 .debug_info    0x00010ee3     0x1eed src/ASF/sam/drivers/pmc/pmc.o
 .debug_info    0x00012dd0     0x16bf src/ASF/sam/drivers/pmc/sleep.o
 .debug_info    0x0001448f     0x1612 src/ASF/sam/utils/cmsis/same70/source/templates/gcc/startup_same70.o
 .debug_info    0x00015aa1      0x5d4 src/ASF/sam/utils/cmsis/same70/source/templates/system_same70.o
 .debug_info    0x00016075      0xdbc src/ASF/sam/utils/syscalls/gcc/syscalls.o

.debug_abbrev   0x00000000     0x2a19
 .debug_abbrev  0x00000000      0x257 src/ASF/sam/drivers/rtc/rtc.o
 .debug_abbrev  0x00000257      0x203 src/ASF/sam/drivers/rtt/rtt.o
 .debug_abbrev  0x0000045a      0x375 src/main.o
 .debug_abbrev  0x000007cf      0x305 src/ASF/common/services/spi/sam_spi/spi_master.o
 .debug_abbrev  0x00000ad4      0x2f4 src/ASF/sam/components/display/ili9488/ili9488.o
 .debug_abbrev  0x00000dc8      0x2cf src/ASF/sam/drivers/spi/spi.o
 .debug_abbrev  0x00001097      0x296 src/ASF/common/services/clock/same70/sysclk.o
 .debug_abbrev  0x0000132d      0x214 src/ASF/common/utils/interrupt/interrupt_sam_nvic.o
 .debug_abbrev  0x00001541      0x3b8 src/ASF/sam/boards/same70_xplained/init.o
 .debug_abbrev  0x000018f9      0x296 src/ASF/sam/drivers/pio/pio.o
 .debug_abbrev  0x00001b8f      0x2c9 src/ASF/sam/drivers/pio/pio_handler.o
 .debug_abbrev  0x00001e58      0x2ce src/ASF/sam/drivers/pmc/pmc.o
 .debug_abbrev  0x00002126      0x2df src/ASF/sam/drivers/pmc/sleep.o
 .debug_abbrev  0x00002405      0x2e8 src/ASF/sam/utils/cmsis/same70/source/templates/gcc/startup_same70.o
 .debug_abbrev  0x000026ed      0x102 src/ASF/sam/utils/cmsis/same70/source/templates/system_same70.o
 .debug_abbrev  0x000027ef      0x22a src/ASF/sam/utils/syscalls/gcc/syscalls.o

.debug_loc      0x00000000     0x64d4
 .debug_loc     0x00000000      0x730 src/ASF/sam/drivers/rtc/rtc.o
 .debug_loc     0x00000730      0x330 src/ASF/sam/drivers/rtt/rtt.o
 .debug_loc     0x00000a60      0x482 src/main.o
 .debug_loc     0x00000ee2      0x830 src/ASF/common/services/spi/sam_spi/spi_master.o
 .debug_loc     0x00001712      0xd20 src/ASF/sam/components/display/ili9488/ili9488.o
 .debug_loc     0x00002432      0x630 src/ASF/sam/drivers/spi/spi.o
 .debug_loc     0x00002a62      0x4a0 src/ASF/common/services/clock/same70/sysclk.o
 .debug_loc     0x00002f02       0xa0 src/ASF/common/utils/interrupt/interrupt_sam_nvic.o
 .debug_loc     0x00002fa2      0x2b8 src/ASF/sam/boards/same70_xplained/init.o
 .debug_loc     0x0000325a     0x1174 src/ASF/sam/drivers/pio/pio.o
 .debug_loc     0x000043ce      0x38c src/ASF/sam/drivers/pio/pio_handler.o
 .debug_loc     0x0000475a     0x1744 src/ASF/sam/drivers/pmc/pmc.o
 .debug_loc     0x00005e9e       0xe6 src/ASF/sam/drivers/pmc/sleep.o
 .debug_loc     0x00005f84      0x16c src/ASF/sam/utils/cmsis/same70/source/templates/gcc/startup_same70.o
 .debug_loc     0x000060f0       0xe4 src/ASF/sam/utils/cmsis/same70/source/templates/system_same70.o
 .debug_loc     0x000061d4      0x300 src/ASF/sam/utils/syscalls/gcc/syscalls.o

.debug_aranges  0x00000000      0xb30
 .debug_aranges
                0x00000000       0xb8 src/ASF/sam/drivers/rtc/rtc.o
 .debug_aranges
                0x000000b8       0x60 src/ASF/sam/drivers/rtt/rtt.o
 .debug_aranges
                0x00000118       0x90 src/main.o
 .debug_aranges
                0x000001a8       0xe0 src/ASF/common/services/spi/sam_spi/spi_master.o
 .debug_aranges
                0x00000288      0x168 src/ASF/sam/components/display/ili9488/ili9488.o
 .debug_aranges
                0x000003f0       0xa8 src/ASF/sam/drivers/spi/spi.o
 .debug_aranges
                0x00000498       0x98 src/ASF/common/services/clock/same70/sysclk.o
 .debug_aranges
                0x00000530       0x28 src/ASF/common/utils/interrupt/interrupt_sam_nvic.o
 .debug_aranges
                0x00000558       0x60 src/ASF/sam/boards/same70_xplained/init.o
 .debug_aranges
                0x000005b8      0x1a8 src/ASF/sam/drivers/pio/pio.o
 .debug_aranges
                0x00000760       0x80 src/ASF/sam/drivers/pio/pio_handler.o
 .debug_aranges
                0x000007e0      0x250 src/ASF/sam/drivers/pmc/pmc.o
 .debug_aranges
                0x00000a30       0x30 src/ASF/sam/drivers/pmc/sleep.o
 .debug_aranges
                0x00000a60       0x40 src/ASF/sam/utils/cmsis/same70/source/templates/gcc/startup_same70.o
 .debug_aranges
                0x00000aa0       0x30 src/ASF/sam/utils/cmsis/same70/source/templates/system_same70.o
 .debug_aranges
                0x00000ad0       0x60 src/ASF/sam/utils/syscalls/gcc/syscalls.o

.debug_ranges   0x00000000      0xaa8
 .debug_ranges  0x00000000       0xa8 src/ASF/sam/drivers/rtc/rtc.o
 .debug_ranges  0x000000a8       0x50 src/ASF/sam/drivers/rtt/rtt.o
 .debug_ranges  0x000000f8       0x80 src/main.o
 .debug_ranges  0x00000178       0xd0 src/ASF/common/services/spi/sam_spi/spi_master.o
 .debug_ranges  0x00000248      0x158 src/ASF/sam/components/display/ili9488/ili9488.o
 .debug_ranges  0x000003a0       0x98 src/ASF/sam/drivers/spi/spi.o
 .debug_ranges  0x00000438       0x88 src/ASF/common/services/clock/same70/sysclk.o
 .debug_ranges  0x000004c0       0x18 src/ASF/common/utils/interrupt/interrupt_sam_nvic.o
 .debug_ranges  0x000004d8       0xc8 src/ASF/sam/boards/same70_xplained/init.o
 .debug_ranges  0x000005a0      0x198 src/ASF/sam/drivers/pio/pio.o
 .debug_ranges  0x00000738       0x70 src/ASF/sam/drivers/pio/pio_handler.o
 .debug_ranges  0x000007a8      0x240 src/ASF/sam/drivers/pmc/pmc.o
 .debug_ranges  0x000009e8       0x20 src/ASF/sam/drivers/pmc/sleep.o
 .debug_ranges  0x00000a08       0x30 src/ASF/sam/utils/cmsis/same70/source/templates/gcc/startup_same70.o